Component: ARM Compiler 5.06 update 6 (build 750) Tool: armlink [4d35ed]

==============================================================================

Section Cross References

    startup_stm32f103xb.o(STACK) refers (Special) to heapauxi.o(.text) for __use_two_region_memory
    startup_stm32f103xb.o(HEAP) refers (Special) to heapauxi.o(.text) for __use_two_region_memory
    startup_stm32f103xb.o(RESET) refers (Special) to heapauxi.o(.text) for __use_two_region_memory
    startup_stm32f103xb.o(RESET) refers to startup_stm32f103xb.o(STACK) for __initial_sp
    startup_stm32f103xb.o(RESET) refers to startup_stm32f103xb.o(.text) for Reset_Handler
    startup_stm32f103xb.o(RESET) refers to stm32f1xx_it.o(i.NMI_Handler) for NMI_Handler
    startup_stm32f103xb.o(RESET) refers to stm32f1xx_it.o(i.HardFault_Handler) for HardFault_Handler
    startup_stm32f103xb.o(RESET) refers to stm32f1xx_it.o(i.MemManage_Handler) for MemManage_Handler
    startup_stm32f103xb.o(RESET) refers to stm32f1xx_it.o(i.BusFault_Handler) for BusFault_Handler
    startup_stm32f103xb.o(RESET) refers to stm32f1xx_it.o(i.UsageFault_Handler) for UsageFault_Handler
    startup_stm32f103xb.o(RESET) refers to port.o(.emb_text) for SVC_Handler
    startup_stm32f103xb.o(RESET) refers to stm32f1xx_it.o(i.DebugMon_Handler) for DebugMon_Handler
    startup_stm32f103xb.o(RESET) refers to port.o(i.SysTick_Handler) for SysTick_Handler
    startup_stm32f103xb.o(RESET) refers to stm32f1xx_it.o(i.USB_LP_CAN1_RX0_IRQHandler) for USB_LP_CAN1_RX0_IRQHandler
    startup_stm32f103xb.o(RESET) refers to stm32f1xx_it.o(i.TIM3_IRQHandler) for TIM3_IRQHandler
    startup_stm32f103xb.o(.text) refers (Special) to heapauxi.o(.text) for __use_two_region_memory
    startup_stm32f103xb.o(.text) refers to system_stm32f1xx.o(i.SystemInit) for SystemInit
    startup_stm32f103xb.o(.text) refers to __main.o(!!!main) for __main
    startup_stm32f103xb.o(.text) refers to startup_stm32f103xb.o(HEAP) for Heap_Mem
    startup_stm32f103xb.o(.text) refers to startup_stm32f103xb.o(STACK) for Stack_Mem
    main.o(i.HAL_CAN_RxFifo0MsgPendingCallback) refers to stm32f1xx_hal_can.o(i.HAL_CAN_GetRxMessage) for HAL_CAN_GetRxMessage
    main.o(i.HAL_CAN_RxFifo0MsgPendingCallback) refers to stm32f1xx_hal_gpio.o(i.HAL_GPIO_TogglePin) for HAL_GPIO_TogglePin
    main.o(i.HAL_CAN_RxFifo0MsgPendingCallback) refers to main.o(i.mPrint) for mPrint
    main.o(i.HAL_CAN_RxFifo0MsgPendingCallback) refers to main.o(.data) for .data
    main.o(i.HAL_CAN_RxFifo0MsgPendingCallback) refers to main.o(.bss) for .bss
    main.o(i.HAL_TIM_PeriodElapsedCallback) refers to stm32f1xx_hal.o(i.HAL_IncTick) for HAL_IncTick
    main.o(i.MX_CAN_Init) refers to stm32f1xx_hal_can.o(i.HAL_CAN_Init) for HAL_CAN_Init
    main.o(i.MX_CAN_Init) refers to main.o(.bss) for .bss
    main.o(i.MX_GPIO_Init) refers to stm32f1xx_hal_gpio.o(i.HAL_GPIO_WritePin) for HAL_GPIO_WritePin
    main.o(i.MX_GPIO_Init) refers to stm32f1xx_hal_gpio.o(i.HAL_GPIO_Init) for HAL_GPIO_Init
    main.o(i.StartTask01) refers to cmsis_os.o(i.osDelay) for osDelay
    main.o(i.SystemClock_Config) refers to rt_memclr_w.o(.text) for __aeabi_memclr4
    main.o(i.SystemClock_Config) refers to stm32f1xx_hal_rcc.o(i.HAL_RCC_OscConfig) for HAL_RCC_OscConfig
    main.o(i.SystemClock_Config) refers to stm32f1xx_hal_rcc.o(i.HAL_RCC_ClockConfig) for HAL_RCC_ClockConfig
    main.o(i.mPrint) refers to vsnprintf.o(.text) for vsnprintf
    main.o(i.mPrint) refers to strlen.o(.text) for strlen
    main.o(i.mPrint) refers to stm32f1xx_hal_uart.o(i.HAL_UART_Transmit) for HAL_UART_Transmit
    main.o(i.mPrint) refers to main.o(.bss) for .bss
    main.o(i.main) refers to stm32f1xx_hal.o(i.HAL_Init) for HAL_Init
    main.o(i.main) refers to main.o(i.SystemClock_Config) for SystemClock_Config
    main.o(i.main) refers to main.o(i.MX_GPIO_Init) for MX_GPIO_Init
    main.o(i.main) refers to main.o(i.MX_CAN_Init) for MX_CAN_Init
    main.o(i.main) refers to stm32f1xx_hal_uart.o(i.HAL_UART_Init) for HAL_UART_Init
    main.o(i.main) refers to stm32f1xx_hal_gpio.o(i.HAL_GPIO_WritePin) for HAL_GPIO_WritePin
    main.o(i.main) refers to stm32f1xx_hal_can.o(i.HAL_CAN_ConfigFilter) for HAL_CAN_ConfigFilter
    main.o(i.main) refers to stm32f1xx_hal_can.o(i.HAL_CAN_Start) for HAL_CAN_Start
    main.o(i.main) refers to stm32f1xx_hal_can.o(i.HAL_CAN_ActivateNotification) for HAL_CAN_ActivateNotification
    main.o(i.main) refers to rt_memcpy_w.o(.text) for __aeabi_memcpy4
    main.o(i.main) refers to cmsis_os.o(i.osThreadCreate) for osThreadCreate
    main.o(i.main) refers to cmsis_os.o(i.osKernelStart) for osKernelStart
    main.o(i.main) refers to stm32f1xx_hal.o(i.HAL_Delay) for HAL_Delay
    main.o(i.main) refers to main.o(.bss) for .bss
    main.o(i.main) refers to main.o(.constdata) for .constdata
    main.o(i.main) refers to main.o(.data) for .data
    main.o(.constdata) refers to main.o(.conststring) for .conststring
[...]
    MX_CAN_Init                              0x08003005   Thumb Code    72  main.o(i.MX_CAN_Init)
    i.MX_GPIO_Init                           0x08003058   Section        0  main.o(i.MX_GPIO_Init)
    MX_GPIO_Init                             0x08003059   Thumb Code   156  main.o(i.MX_GPIO_Init)
    i.MemManage_Handler                      0x08003100   Section        0  stm32f1xx_it.o(i.MemManage_Handler)
    i.NMI_Handler                            0x08003102   Section        0  stm32f1xx_it.o(i.NMI_Handler)
    i.StartTask01                            0x08003104   Section        0  main.o(i.StartTask01)
    i.SysTick_Handler                        0x0800310c   Section        0  port.o(i.SysTick_Handler)
    i.SystemClock_Config                     0x08003138   Section        0  main.o(i.SystemClock_Config)
    i.SystemInit                             0x08003196   Section        0  system_stm32f1xx.o(i.SystemInit)
    i.TIM3_IRQHandler                        0x08003198   Section        0  stm32f1xx_it.o(i.TIM3_IRQHandler)
    i.TIM_Base_SetConfig                     0x080031a4   Section        0  stm32f1xx_hal_tim.o(i.TIM_Base_SetConfig)
    i.UART_EndRxTransfer                     0x0800321c   Section        0  stm32f1xx_hal_uart.o(i.UART_EndRxTransfer)
    UART_EndRxTransfer                       0x0800321d   Thumb Code    78  stm32f1xx_hal_uart.o(i.UART_EndRxTransfer)
    i.UART_SetConfig                         0x0800326c   Section        0  stm32f1xx_hal_uart.o(i.UART_SetConfig)
    UART_SetConfig                           0x0800326d   Thumb Code   178  stm32f1xx_hal_uart.o(i.UART_SetConfig)
    i.UART_WaitOnFlagUntilTimeout            0x08003324   Section        0  stm32f1xx_hal_uart.o(i.UART_WaitOnFlagUntilTimeout)
    UART_WaitOnFlagUntilTimeout              0x08003325   Thumb Code   114  stm32f1xx_hal_uart.o(i.UART_WaitOnFlagUntilTimeout)
    i.USB_LP_CAN1_RX0_IRQHandler             0x08003398   Section        0  stm32f1xx_it.o(i.USB_LP_CAN1_RX0_IRQHandler)
    i.UsageFault_Handler                     0x080033a4   Section        0  stm32f1xx_it.o(i.UsageFault_Handler)
    i.__ARM_fpclassify                       0x080033a6   Section        0  fpclassify.o(i.__ARM_fpclassify)
    i.__NVIC_SetPriority                     0x080033ce   Section        0  stm32f1xx_hal_cortex.o(i.__NVIC_SetPriority)
    __NVIC_SetPriority                       0x080033cf   Thumb Code    32  stm32f1xx_hal_cortex.o(i.__NVIC_SetPriority)
    i._is_digit                              0x080033ee   Section        0  __printf_wp.o(i._is_digit)
    i.mPrint                                 0x080033fc   Section        0  main.o(i.mPrint)
    i.main                                   0x0800342c   Section        0  main.o(i.main)
    i.makeFreeRtosPriority                   0x08003544   Section        0  cmsis_os.o(i.makeFreeRtosPriority)
    makeFreeRtosPriority                     0x08003545   Thumb Code    12  cmsis_os.o(i.makeFreeRtosPriority)
    i.osDelay                                0x08003550   Section        0  cmsis_os.o(i.osDelay)
    i.osKernelStart                          0x0800355e   Section        0  cmsis_os.o(i.osKernelStart)
    i.osThreadCreate                         0x08003568   Section        0  cmsis_os.o(i.osThreadCreate)
    i.prvAddCurrentTaskToDelayedList         0x080035bc   Section        0  tasks.o(i.prvAddCurrentTaskToDelayedList)
    prvAddCurrentTaskToDelayedList           0x080035bd   Thumb Code   102  tasks.o(i.prvAddCurrentTaskToDelayedList)
    i.prvAddNewTaskToReadyList               0x0800362c   Section        0  tasks.o(i.prvAddNewTaskToReadyList)
    prvAddNewTaskToReadyList                 0x0800362d   Thumb Code   194  tasks.o(i.prvAddNewTaskToReadyList)
    i.prvDeleteTCB                           0x080036fc   Section        0  tasks.o(i.prvDeleteTCB)
    prvDeleteTCB                             0x080036fd   Thumb Code    52  tasks.o(i.prvDeleteTCB)
    i.prvHeapInit                            0x08003730   Section        0  heap_4.o(i.prvHeapInit)
    prvHeapInit                              0x08003731   Thumb Code    66  heap_4.o(i.prvHeapInit)
    i.prvIdleTask                            0x0800377c   Section        0  tasks.o(i.prvIdleTask)
    prvIdleTask                              0x0800377d   Thumb Code    82  tasks.o(i.prvIdleTask)
    i.prvInitialiseNewTask                   0x080037dc   Section        0  tasks.o(i.prvInitialiseNewTask)
    prvInitialiseNewTask                     0x080037dd   Thumb Code   152  tasks.o(i.prvInitialiseNewTask)
    i.prvInsertBlockIntoFreeList             0x08003874   Section        0  heap_4.o(i.prvInsertBlockIntoFreeList)
    prvInsertBlockIntoFreeList               0x08003875   Thumb Code    72  heap_4.o(i.prvInsertBlockIntoFreeList)
    i.prvResetNextTaskUnblockTime            0x080038c0   Section        0  tasks.o(i.prvResetNextTaskUnblockTime)
    prvResetNextTaskUnblockTime              0x080038c1   Thumb Code    26  tasks.o(i.prvResetNextTaskUnblockTime)
    i.prvTaskExitError                       0x080038e0   Section        0  port.o(i.prvTaskExitError)
    prvTaskExitError                         0x080038e1   Thumb Code    36  port.o(i.prvTaskExitError)
    i.pvPortMalloc                           0x08003908   Section        0  heap_4.o(i.pvPortMalloc)
    i.pxPortInitialiseStack                  0x080039e4   Section        0  port.o(i.pxPortInitialiseStack)
    i.uxListRemove                           0x08003a08   Section        0  list.o(i.uxListRemove)
    i.vApplicationGetIdleTaskMemory          0x08003a30   Section        0  freertos.o(i.vApplicationGetIdleTaskMemory)
    i.vListInitialise                        0x08003a44   Section        0  list.o(i.vListInitialise)
    i.vListInitialiseItem                    0x08003a5a   Section        0  list.o(i.vListInitialiseItem)
    i.vListInsert                            0x08003a60   Section        0  list.o(i.vListInsert)
    i.vListInsertEnd                         0x08003a90   Section        0  list.o(i.vListInsertEnd)
    i.vPortEnterCritical                     0x08003aa8   Section        0  port.o(i.vPortEnterCritical)
    i.vPortExitCritical                      0x08003ae8   Section        0  port.o(i.vPortExitCritical)
    i.vPortFree                              0x08003b10   Section        0  heap_4.o(i.vPortFree)
    i.vPortSetupTimerInterrupt               0x08003b74   Section        0  port.o(i.vPortSetupTimerInterrupt)
    i.vTaskDelay                             0x08003b98   Section        0  tasks.o(i.vTaskDelay)
    i.vTaskStartScheduler                    0x08003be4   Section        0  tasks.o(i.vTaskStartScheduler)
    i.vTaskSuspendAll                        0x08003c50   Section        0  tasks.o(i.vTaskSuspendAll)
    i.vTaskSwitchContext                     0x08003c60   Section        0  tasks.o(i.vTaskSwitchContext)
    i.xPortStartScheduler                    0x08003cbc   Section        0  port.o(i.xPortStartScheduler)
    i.xTaskCreate                            0x08003d64   Section        0  tasks.o(i.xTaskCreate)
    i.xTaskCreateStatic                      0x08003dbe   Section        0  tasks.o(i.xTaskCreateStatic)
    i.xTaskIncrementTick                     0x08003e14   Section        0  tasks.o(i.xTaskIncrementTick)
    i.xTaskResumeAll                         0x08003ee0   Section        0  tasks.o(i.xTaskResumeAll)
    locale$$code                             0x08003fa4   Section       44  lc_numeric_c.o(locale$$code)
    locale$$code                             0x08003fd0   Section       44  lc_ctype_c.o(locale$$code)
    x$fpl$printf1                            0x08003ffc   Section        4  printf1.o(x$fpl$printf1)
    x$fpl$printf2                            0x08004000   Section        4  printf2.o(x$fpl$printf2)
    .constdata                               0x08004004   Section       28  main.o(.constdata)
    x$fpl$usenofp                            0x08004004   Section        0  usenofp.o(x$fpl$usenofp)
    .constdata                               0x08004020   Section       18  stm32f1xx_hal_rcc.o(.constdata)
    aPredivFactorTable                       0x08004020   Data           2  stm32f1xx_hal_rcc.o(.constdata)
    aPLLMULFactorTable                       0x08004022   Data          16  stm32f1xx_hal_rcc.o(.constdata)
    .constdata                               0x08004032   Section       16  system_stm32f1xx.o(.constdata)
    .constdata                               0x08004042   Section        8  system_stm32f1xx.o(.constdata)
    .constdata                               0x0800404c   Section        8  _printf_wctomb.o(.constdata)
    initial_mbstate                          0x0800404c   Data           8  _printf_wctomb.o(.constdata)
    .constdata                               0x08004054   Section       40  _printf_hex_int_ll_ptr.o(.constdata)
    uc_hextab                                0x08004054   Data          20  _printf_hex_int_ll_ptr.o(.constdata)
    lc_hextab                                0x08004068   Data          20  _printf_hex_int_ll_ptr.o(.constdata)
    .constdata                               0x0800407c   Section       17  __printf_flags_ss_wp.o(.constdata)
    maptable                                 0x0800407c   Data          17  __printf_flags_ss_wp.o(.constdata)
    .constdata                               0x0800408d   Section       38  _printf_fp_hex.o(.constdata)
    lc_hextab                                0x0800408d   Data          19  _printf_fp_hex.o(.constdata)
    uc_hextab                                0x080040a0   Data          19  _printf_fp_hex.o(.constdata)
    .constdata                               0x080040b4   Section      148  bigflt0.o(.constdata)
    tenpwrs_x                                0x080040b4   Data          60  bigflt0.o(.constdata)
    tenpwrs_i                                0x080040f0   Data          64  bigflt0.o(.constdata)
    .conststring                             0x08004148   Section        7  main.o(.conststring)
    locale$$data                             0x08004170   Section       28  lc_numeric_c.o(locale$$data)
    __lcnum_c_name                           0x08004174   Data           2  lc_numeric_c.o(locale$$data)
    __lcnum_c_start                          0x0800417c   Data           0  lc_numeric_c.o(locale$$data)
    __lcnum_c_point                          0x08004188   Data           0  lc_numeric_c.o(locale$$data)
    __lcnum_c_thousands                      0x0800418a   Data           0  lc_numeric_c.o(locale$$data)
    __lcnum_c_grouping                       0x0800418b   Data           0  lc_numeric_c.o(locale$$data)
    locale$$data                             0x0800418c   Section      272  lc_ctype_c.o(locale$$data)
    __lcnum_c_end                            0x0800418c   Data           0  lc_numeric_c.o(locale$$data)
    __lcctype_c_name                         0x08004190   Data           2  lc_ctype_c.o(locale$$data)
    __lcctype_c_start                        0x08004198   Data           0  lc_ctype_c.o(locale$$data)
    __lcctype_c_end                          0x0800429c   Data           0  lc_ctype_c.o(locale$$data)
    .data                                    0x20000000   Section       12  main.o(.data)
    .data                                    0x2000000c   Section       12  stm32f1xx_hal.o(.data)
    .data                                    0x20000018   Section        4  system_stm32f1xx.o(.data)
    .data                                    0x2000001c   Section       60  tasks.o(.data)
    uxDeletedTasksWaitingCleanUp             0x20000020   Data           4  tasks.o(.data)
    uxCurrentNumberOfTasks                   0x20000024   Data           4  tasks.o(.data)
    xTickCount                               0x20000028   Data           4  tasks.o(.data)
    uxTopReadyPriority                       0x2000002c   Data           4  tasks.o(.data)
    xSchedulerRunning                        0x20000030   Data           4  tasks.o(.data)
    xPendedTicks                             0x20000034   Data           4  tasks.o(.data)
    xYieldPending                            0x20000038   Data           4  tasks.o(.data)
    xNumOfOverflows                          0x2000003c   Data           4  tasks.o(.data)
    uxTaskNumber                             0x20000040   Data           4  tasks.o(.data)
    xNextTaskUnblockTime                     0x20000044   Data           4  tasks.o(.data)
    xIdleTaskHandle                          0x20000048   Data           4  tasks.o(.data)
    uxSchedulerSuspended                     0x2000004c   Data           4  tasks.o(.data)
    pxDelayedTaskList                        0x20000050   Data           4  tasks.o(.data)
    pxOverflowDelayedTaskList                0x20000054   Data           4  tasks.o(.data)
    .data                                    0x20000058   Section       32  heap_4.o(.data)
    pxEnd                                    0x20000058   Data           4  heap_4.o(.data)
    xFreeBytesRemaining                      0x2000005c   Data           4  heap_4.o(.data)
    xMinimumEverFreeBytesRemaining           0x20000060   Data           4  heap_4.o(.data)
    xNumberOfSuccessfulAllocations           0x20000064   Data           4  heap_4.o(.data)
    xNumberOfSuccessfulFrees                 0x20000068   Data           4  heap_4.o(.data)
    xBlockAllocatedBit                       0x2000006c   Data           4  heap_4.o(.data)
    xStart                                   0x20000070   Data           8  heap_4.o(.data)
    .data                                    0x20000078   Section       12  port.o(.data)
    ucMaxSysCallPriority                     0x20000078   Data           1  port.o(.data)
    uxCriticalNesting                        0x2000007c   Data           4  port.o(.data)
    ulMaxPRIGROUPValue                       0x20000080   Data           4  port.o(.data)
    .bss                                     0x20000084   Section      428  main.o(.bss)
    .bss                                     0x20000230   Section      596  freertos.o(.bss)
    xIdleTaskTCBBuffer                       0x20000230   Data          84  freertos.o(.bss)
    xIdleStack                               0x20000284   Data         512  freertos.o(.bss)
    .bss                                     0x20000484   Section       72  stm32f1xx_hal_timebase_tim.o(.bss)
    .bss                                     0x200004cc   Section      240  tasks.o(.bss)
    pxReadyTasksLists                        0x200004cc   Data         140  tasks.o(.bss)
    xDelayedTaskList1                        0x20000558   Data          20  tasks.o(.bss)
    xDelayedTaskList2                        0x2000056c   Data          20  tasks.o(.bss)
    xPendingReadyList                        0x20000580   Data          20  tasks.o(.bss)
    xTasksWaitingTermination                 0x20000594   Data          20  tasks.o(.bss)
    xSuspendedTaskList                       0x200005a8   Data          20  tasks.o(.bss)
    .bss                                     0x200005bc   Section     3072  heap_4.o(.bss)
    ucHeap                                   0x200005bc   Data        3072  heap_4.o(.bss)
    .bss                                     0x200011bc   Section       96  libspace.o(.bss)
    HEAP                                     0x20001220   Section      512  startup_stm32f103xb.o(HEAP)
    Heap_Mem                                 0x20001220   Data         512  startup_stm32f103xb.o(HEAP)
    STACK                                    0x20001420   Section     1024  startup_stm32f103xb.o(STACK)
    Stack_Mem                                0x20001420   Data        1024  startup_stm32f103xb.o(STACK)
    __initial_sp                             0x20001820   Data           0  startup_stm32f103xb.o(STACK)

    Global Symbols

    Symbol Name                              Value     Ov Type        Size  Object(Section)

    BuildAttributes$$THM_ISAv4$P$D$K$B$S$PE$A:L22UL41UL21$X:L11$S22US41US21$IEEE1$IW$USESV6$~STKCKD$USESV7$~SHL$OTIME$ROPI$IEEEJ$EBA8$UX$STANDARDLIB$REQ8$PRES8$EABIv2 0x00000000   Number         0  anon$$obj.o ABSOLUTE
    __ARM_use_no_argv                        0x00000000   Number         0  main.o ABSOLUTE
    _printf_flags                            0x00000000   Number         0  printf_stubs.o ABSOLUTE
    _printf_return_value                     0x00000000   Number         0  printf_stubs.o ABSOLUTE
    _printf_sizespec                         0x00000000   Number         0  printf_stubs.o ABSOLUTE
    _printf_widthprec                        0x00000000   Number         0  printf_stubs.o ABSOLUTE
    __ARM_exceptions_init                     - Undefined Weak Reference
    __alloca_initialize                       - Undefined Weak Reference
    __arm_preinit_                            - Undefined Weak Reference
    __cpp_initialize__aeabi_                  - Undefined Weak Reference
    __cxa_finalize                            - Undefined Weak Reference
    __sigvec_lookup                           - Undefined Weak Reference
    _atexit_init                              - Undefined Weak Reference
    _call_atexit_fns                          - Undefined Weak Reference
    _clock_init                               - Undefined Weak Reference
    _fp_trap_init                             - Undefined Weak Reference
    _fp_trap_shutdown                         - Undefined Weak Reference
    _get_lc_collate                           - Undefined Weak Reference
    _get_lc_monetary                          - Undefined Weak Reference
    _get_lc_time                              - Undefined Weak Reference
    _getenv_init                              - Undefined Weak Reference
    _handle_redirection                       - Undefined Weak Reference
    _init_alloc                               - Undefined Weak Reference
    _init_user_alloc                          - Undefined Weak Reference
    _initio                                   - Undefined Weak Reference
    _printf_mbtowc                            - Undefined Weak Reference
    _printf_wc                                - Undefined Weak Reference
    _rand_init                                - Undefined Weak Reference
    _signal_finish                            - Undefined Weak Reference
    _signal_init                              - Undefined Weak Reference
    _terminate_alloc                          - Undefined Weak Reference
    _terminate_user_alloc                     - Undefined Weak Reference
    _terminateio                              - Undefined Weak Reference
    __Vectors_Size                           0x000000ec   Number         0  startup_stm32f103xb.o ABSOLUTE
    __Vectors                                0x08000000   Data           4  startup_stm32f103xb.o(RESET)
    __Vectors_End                            0x080000ec   Data           0  startup_stm32f103xb.o(RESET)
    __main                                   0x080000ed   Thumb Code     8  __main.o(!!!main)
    __scatterload                            0x080000f5   Thumb Code     0  __scatter.o(!!!scatter)
    __scatterload_rt2                        0x080000f5   Thumb Code    44  __scatter.o(!!!scatter)
    __scatterload_rt2_thumb_only             0x080000f5   Thumb Code     0  __scatter.o(!!!scatter)
    __scatterload_null                       0x08000103   Thumb Code     0  __scatter.o(!!!scatter)
    __scatterload_copy                       0x08000129   Thumb Code    26  __scatter_copy.o(!!handler_copy)
    __scatterload_zeroinit                   0x08000145   Thumb Code    28  __scatter_zi.o(!!handler_zi)
    _printf_n                                0x08000161   Thumb Code     0  _printf_n.o(.ARM.Collect$$_printf_percent$$00000001)
    _printf_percent                          0x08000161   Thumb Code     0  _printf_percent.o(.ARM.Collect$$_printf_percent$$00000000)
    _printf_p                                0x08000167   Thumb Code     0  _printf_p.o(.ARM.Collect$$_printf_percent$$00000002)
    _printf_f                                0x0800016d   Thumb Code     0  _printf_f.o(.ARM.Collect$$_printf_percent$$00000003)
    _printf_e                                0x08000173   Thumb Code     0  _printf_e.o(.ARM.Collect$$_printf_percent$$00000004)
    _printf_g                                0x08000179   Thumb Code     0  _printf_g.o(.ARM.Collect$$_printf_percent$$00000005)
    _printf_a                                0x0800017f   Thumb Code     0  _printf_a.o(.ARM.Collect$$_printf_percent$$00000006)
    _printf_ll                               0x08000185   Thumb Code     0  _printf_ll.o(.ARM.Collect$$_printf_percent$$00000007)
    _printf_i                                0x0800018f   Thumb Code     0  _printf_i.o(.ARM.Collect$$_printf_percent$$00000008)
    _printf_d                                0x08000195   Thumb Code     0  _printf_d.o(.ARM.Collect$$_printf_percent$$00000009)
    _printf_u                                0x0800019b   Thumb Code     0  _printf_u.o(.ARM.Collect$$_printf_percent$$0000000A)
    _printf_o                                0x080001a1   Thumb Code     0  _printf_o.o(.ARM.Collect$$_printf_percent$$0000000B)
    _printf_x                                0x080001a7   Thumb Code     0  _printf_x.o(.ARM.Collect$$_printf_percent$$0000000C)
    _printf_lli                              0x080001ad   Thumb Code     0  _printf_lli.o(.ARM.Collect$$_printf_percent$$0000000D)
    _printf_lld                              0x080001b3   Thumb Code     0  _printf_lld.o(.ARM.Collect$$_printf_percent$$0000000E)
    _printf_llu                              0x080001b9   Thumb Code     0  _printf_llu.o(.ARM.Collect$$_printf_percent$$0000000F)
    _printf_llo                              0x080001bf   Thumb Code     0  _printf_llo.o(.ARM.Collect$$_printf_percent$$00000010)
    _printf_llx                              0x080001c5   Thumb Code     0  _printf_llx.o(.ARM.Collect$$_printf_percent$$00000011)
    _printf_l                                0x080001cb   Thumb Code     0  _printf_l.o(.ARM.Collect$$_printf_percent$$00000012)
    _printf_c                                0x080001d5   Thumb Code     0  _printf_c.o(.ARM.Collect$$_printf_percent$$00000013)
    _printf_s                                0x080001db   Thumb Code     0  _printf_s.o(.ARM.Collect$$_printf_percent$$00000014)
    _printf_lc                               0x080001e1   Thumb Code     0  _printf_lc.o(.ARM.Collect$$_printf_percent$$00000015)
    _printf_ls                               0x080001e7   Thumb Code     0  _printf_ls.o(.ARM.Collect$$_printf_percent$$00000016)
    _printf_percent_end                      0x080001ed   Thumb Code     0  _printf_percent_end.o(.ARM.Collect$$_printf_percent$$00000017)
    __rt_lib_init                            0x080001f1   Thumb Code     0  libinit.o(.ARM.Collect$$libinit$$00000000)
    __rt_lib_init_fp_1                       0x080001f3   Thumb Code     0  libinit2.o(.ARM.Collect$$libinit$$00000002)
    __rt_lib_init_heap_1                     0x080001f3   Thumb Code     0  libinit2.o(.ARM.Collect$$libinit$$0000000A)
    __rt_lib_init_lc_common                  0x080001f3   Thumb Code     0  libinit2.o(.ARM.Collect$$libinit$$0000000F)
    __rt_lib_init_preinit_1                  0x080001f3   Thumb Code     0  libinit2.o(.ARM.Collect$$libinit$$00000004)
    __rt_lib_init_rand_1                     0x080001f3   Thumb Code     0  libinit2.o(.ARM.Collect$$libinit$$0000000E)
    __rt_lib_init_user_alloc_1               0x080001f3   Thumb Code     0  libinit2.o(.ARM.Collect$$libinit$$0000000C)
    __rt_lib_init_lc_collate_1               0x080001f9   Thumb Code     0  libinit2.o(.ARM.Collect$$libinit$$00000011)
    __rt_lib_init_lc_ctype_2                 0x080001f9   Thumb Code     0  libinit2.o(.ARM.Collect$$libinit$$00000012)
    __rt_lib_init_lc_ctype_1                 0x08000205   Thumb Code     0  libinit2.o(.ARM.Collect$$libinit$$00000013)
    __rt_lib_init_lc_monetary_1              0x08000205   Thumb Code     0  libinit2.o(.ARM.Collect$$libinit$$00000015)
    __rt_lib_init_lc_numeric_2               0x08000205   Thumb Code     0  libinit2.o(.ARM.Collect$$libinit$$00000016)
    __rt_lib_init_alloca_1                   0x0800020f   Thumb Code     0  libinit2.o(.ARM.Collect$$libinit$$0000002E)
    __rt_lib_init_argv_1                     0x0800020f   Thumb Code     0  libinit2.o(.ARM.Collect$$libinit$$0000002C)
    __rt_lib_init_atexit_1                   0x0800020f   Thumb Code     0  libinit2.o(.ARM.Collect$$libinit$$0000001B)
    __rt_lib_init_clock_1                    0x0800020f   Thumb Code     0  libinit2.o(.ARM.Collect$$libinit$$00000021)
    __rt_lib_init_cpp_1                      0x0800020f   Thumb Code     0  libinit2.o(.ARM.Collect$$libinit$$00000032)
    __rt_lib_init_exceptions_1               0x0800020f   Thumb Code     0  libinit2.o(.ARM.Collect$$libinit$$00000030)
    __rt_lib_init_fp_trap_1                  0x0800020f   Thumb Code     0  libinit2.o(.ARM.Collect$$libinit$$0000001F)
    __rt_lib_init_getenv_1                   0x0800020f   Thumb Code     0  libinit2.o(.ARM.Collect$$libinit$$00000023)
    __rt_lib_init_lc_numeric_1               0x0800020f   Thumb Code     0  libinit2.o(.ARM.Collect$$libinit$$00000017)
    __rt_lib_init_lc_time_1                  0x0800020f   Thumb Code     0  libinit2.o(.ARM.Collect$$libinit$$00000019)
    __rt_lib_init_return                     0x0800020f   Thumb Code     0  libinit2.o(.ARM.Collect$$libinit$$00000033)
    __rt_lib_init_signal_1                   0x0800020f   Thumb Code     0  libinit2.o(.ARM.Collect$$libinit$$0000001D)
    __rt_lib_init_stdio_1                    0x0800020f   Thumb Code     0  libinit2.o(.ARM.Collect$$libinit$$00000025)
    __rt_lib_shutdown                        0x08000211   Thumb Code     0  libshutdown.o(.ARM.Collect$$libshutdown$$00000000)
    __rt_lib_shutdown_cpp_1                  0x08000213   Thumb Code     0  libshutdown2.o(.ARM.Collect$$libshutdown$$00000002)
    __rt_lib_shutdown_fp_trap_1              0x08000213   Thumb Code     0  libshutdown2.o(.ARM.Collect$$libshutdown$$00000007)
    __rt_lib_shutdown_heap_1                 0x08000213   Thumb Code     0  libshutdown2.o(.ARM.Collect$$libshutdown$$0000000F)
    __rt_lib_shutdown_return                 0x08000213   Thumb Code     0  libshutdown2.o(.ARM.Collect$$libshutdown$$00000010)
    __rt_lib_shutdown_signal_1               0x08000213   Thumb Code     0  libshutdown2.o(.ARM.Collect$$libshutdown$$0000000A)
    __rt_lib_shutdown_stdio_1                0x08000213   Thumb Code     0  libshutdown2.o(.ARM.Collect$$libshutdown$$00000004)
    __rt_lib_shutdown_user_alloc_1           0x08000213   Thumb Code     0  libshutdown2.o(.ARM.Collect$$libshutdown$$0000000C)
    __rt_entry                               0x08000215   Thumb Code     0  __rtentry.o(.ARM.Collect$$rtentry$$00000000)
    __rt_entry_presh_1                       0x08000215   Thumb Code     0  __rtentry2.o(.ARM.Collect$$rtentry$$00000002)
    __rt_entry_sh                            0x08000215   Thumb Code     0  __rtentry4.o(.ARM.Collect$$rtentry$$00000004)
    __rt_entry_li                            0x0800021b   Thumb Code     0  __rtentry2.o(.ARM.Collect$$rtentry$$0000000A)
    __rt_entry_postsh_1                      0x0800021b   Thumb Code     0  __rtentry2.o(.ARM.Collect$$rtentry$$00000009)
    __rt_entry_main                          0x0800021f   Thumb Code     0  __rtentry2.o(.ARM.Collect$$rtentry$$0000000D)
    __rt_entry_postli_1                      0x0800021f   Thumb Code     0  __rtentry2.o(.ARM.Collect$$rtentry$$0000000C)
    __rt_exit                                0x08000227   Thumb Code     0  rtexit.o(.ARM.Collect$$rtexit$$00000000)
    __rt_exit_ls                             0x08000229   Thumb Code     0  rtexit2.o(.ARM.Collect$$rtexit$$00000003)
    __rt_exit_prels_1                        0x08000229   Thumb Code     0  rtexit2.o(.ARM.Collect$$rtexit$$00000002)
    __rt_exit_exit                           0x0800022d   Thumb Code     0  rtexit2.o(.ARM.Collect$$rtexit$$00000004)
    SVC_Handler                              0x08000235   Thumb Code    32  port.o(.emb_text)
    __asm___6_port_c_39a90d8d__prvStartFirstTask 0x08000259   Thumb Code    28  port.o(.emb_text)
    PendSV_Handler                           0x08000279   Thumb Code    72  port.o(.emb_text)
    vPortGetIPSR                             0x080002c5   Thumb Code     6  port.o(.emb_text)
    Reset_Handler                            0x080002cd   Thumb Code     8  startup_stm32f103xb.o(.text)
    ADC1_2_IRQHandler                        0x080002e7   Thumb Code     0  startup_stm32f103xb.o(.text)
    CAN1_RX1_IRQHandler                      0x080002e7   Thumb Code     0  startup_stm32f103xb.o(.text)
    CAN1_SCE_IRQHandler                      0x080002e7   Thumb Code     0  startup_stm32f103xb.o(.text)
    DMA1_Channel1_IRQHandler                 0x080002e7   Thumb Code     0  startup_stm32f103xb.o(.text)
    DMA1_Channel2_IRQHandler                 0x080002e7   Thumb Code     0  startup_stm32f103xb.o(.text)
    DMA1_Channel3_IRQHandler                 0x080002e7   Thumb Code     0  startup_stm32f103xb.o(.text)
    DMA1_Channel4_IRQHandler                 0x080002e7   Thumb Code     0  startup_stm32f103xb.o(.text)
    DMA1_Channel5_IRQHandler                 0x080002e7   Thumb Code     0  startup_stm32f103xb.o(.text)
    DMA1_Channel6_IRQHandler                 0x080002e7   Thumb Code     0  startup_stm32f103xb.o(.text)
    DMA1_Channel7_IRQHandler                 0x080002e7   Thumb Code     0  startup_stm32f103xb.o(.text)
    EXTI0_IRQHandler                         0x080002e7   Thumb Code     0  startup_stm32f103xb.o(.text)
    EXTI15_10_IRQHandler                     0x080002e7   Thumb Code     0  startup_stm32f103xb.o(.text)
    EXTI1_IRQHandler                         0x080002e7   Thumb Code     0  startup_stm32f103xb.o(.text)
    EXTI2_IRQHandler                         0x080002e7   Thumb Code     0  startup_stm32f103xb.o(.text)
    EXTI3_IRQHandler                         0x080002e7   Thumb Code     0  startup_stm32f103xb.o(.text)
    EXTI4_IRQHandler                         0x080002e7   Thumb Code     0  startup_stm32f103xb.o(.text)
    EXTI9_5_IRQHandler                       0x080002e7   Thumb Code     0  startup_stm32f103xb.o(.text)
    FLASH_IRQHandler                         0x080002e7   Thumb Code     0  startup_stm32f103xb.o(.text)
    I2C1_ER_IRQHandler                       0x080002e7   Thumb Code     0  startup_stm32f103xb.o(.text)
    I2C1_EV_IRQHandler                       0x080002e7   Thumb Code     0  startup_stm32f103xb.o(.text)
    I2C2_ER_IRQHandler                       0x080002e7   Thumb Code     0  startup_stm32f103xb.o(.text)
    I2C2_EV_IRQHandler                       0x080002e7   Thumb Code     0  startup_stm32f103xb.o(.text)
    PVD_IRQHandler                           0x080002e7   Thumb Code     0  startup_stm32f103xb.o(.text)
    RCC_IRQHandler                           0x080002e7   Thumb Code     0  startup_stm32f103xb.o(.text)
    RTC_Alarm_IRQHandler                     0x080002e7   Thumb Code     0  startup_stm32f103xb.o(.text)
    RTC_IRQHandler                           0x080002e7   Thumb Code     0  startup_stm32f103xb.o(.text)
    SPI1_IRQHandler                          0x080002e7   Thumb Code     0  startup_stm32f103xb.o(.text)
    SPI2_IRQHandler                          0x080002e7   Thumb Code     0  startup_stm32f103xb.o(.text)
    TAMPER_IRQHandler                        0x080002e7   Thumb Code     0  startup_stm32f103xb.o(.text)
    TIM1_BRK_IRQHandler                      0x080002e7   Thumb Code     0  startup_stm32f103xb.o(.text)
    TIM1_CC_IRQHandler                       0x080002e7   Thumb Code     0  startup_stm32f103xb.o(.text)
    TIM1_TRG_COM_IRQHandler                  0x080002e7   Thumb Code     0  startup_stm32f103xb.o(.text)
    TIM1_UP_IRQHandler                       0x080002e7   Thumb Code     0  startup_stm32f103xb.o(.text)
    TIM2_IRQHandler                          0x080002e7   Thumb Code     0  startup_stm32f103xb.o(.text)
    TIM4_IRQHandler                          0x080002e7   Thumb Code     0  startup_stm32f103xb.o(.text)
    USART1_IRQHandler                        0x080002e7   Thumb Code     0  startup_stm32f103xb.o(.text)
    USART2_IRQHandler                        0x080002e7   Thumb Code     0  startup_stm32f103xb.o(.text)
    USART3_IRQHandler                        0x080002e7   Thumb Code     0  startup_stm32f103xb.o(.text)
    USBWakeUp_IRQHandler                     0x080002e7   Thumb Code     0  startup_stm32f103xb.o(.text)
    USB_HP_CAN1_TX_IRQHandler                0x080002e7   Thumb Code     0  startup_stm32f103xb.o(.text)
    WWDG_IRQHandler                          0x080002e7   Thumb Code     0  startup_stm32f103xb.o(.text)
    __user_initial_stackheap                 0x080002e9   Thumb Code     0  startup_stm32f103xb.o(.text)
    vsnprintf                                0x0800030d   Thumb Code    48  vsnprintf.o(.text)
    strlen                                   0x08000341   Thumb Code    62  strlen.o(.text)
    __aeabi_memcpy4                          0x0800037f   Thumb Code     0  rt_memcpy_w.o(.text)
    __aeabi_memcpy8                          0x0800037f   Thumb Code     0  rt_memcpy_w.o(.text)
    __rt_memcpy_w                            0x0800037f   Thumb Code   100  rt_memcpy_w.o(.text)
    _memcpy_lastbytes_aligned                0x080003c7   Thumb Code     0  rt_memcpy_w.o(.text)
    __aeabi_memclr4                          0x080003e3   Thumb Code     0  rt_memclr_w.o(.text)
    __aeabi_memclr8                          0x080003e3   Thumb Code     0  rt_memclr_w.o(.text)
    __rt_memclr_w                            0x080003e3   Thumb Code    78  rt_memclr_w.o(.text)
    _memset_w                                0x080003e7   Thumb Code     0  rt_memclr_w.o(.text)
    __use_two_region_memory                  0x08000431   Thumb Code     2  heapauxi.o(.text)
    __rt_heap_escrow$2region                 0x08000433   Thumb Code     2  heapauxi.o(.text)
    __rt_heap_expand$2region                 0x08000435   Thumb Code     2  heapauxi.o(.text)
    _printf_pre_padding                      0x08000437   Thumb Code    44  _printf_pad.o(.text)
    _printf_post_padding                     0x08000463   Thumb Code    34  _printf_pad.o(.text)
    _printf_truncate_signed                  0x08000485   Thumb Code    18  _printf_truncate.o(.text)
    _printf_truncate_unsigned                0x08000497   Thumb Code    18  _printf_truncate.o(.text)
    _printf_str                              0x080004a9   Thumb Code    82  _printf_str.o(.text)
    _printf_int_dec                          0x080004fd   Thumb Code   104  _printf_dec.o(.text)
    _printf_charcount                        0x08000575   Thumb Code    40  _printf_charcount.o(.text)
    _printf_char_common                      0x080005a7   Thumb Code    32  _printf_char_common.o(.text)
    _sputc                                   0x080005cd   Thumb Code    10  _sputc.o(.text)
    _snputc                                  0x080005d7   Thumb Code    16  _snputc.o(.text)
    _printf_wctomb                           0x080005e9   Thumb Code   182  _printf_wctomb.o(.text)
    _printf_longlong_dec                     0x080006a5   Thumb Code   108  _printf_longlong_dec.o(.text)
    _printf_longlong_oct                     0x08000721   Thumb Code    66  _printf_oct_int_ll.o(.text)
    _printf_int_oct                          0x08000763   Thumb Code    24  _printf_oct_int_ll.o(.text)
    _printf_ll_oct                           0x0800077b   Thumb Code    12  _printf_oct_int_ll.o(.text)
    _printf_longlong_hex                     0x08000791   Thumb Code    86  _printf_hex_int_ll_ptr.o(.text)
    _printf_int_hex                          0x080007e7   Thumb Code    28  _printf_hex_int_ll_ptr.o(.text)
    _printf_ll_hex                           0x08000803   Thumb Code    12  _printf_hex_int_ll_ptr.o(.text)
    _printf_hex_ptr                          0x0800080f   Thumb Code    18  _printf_hex_int_ll_ptr.o(.text)
    __printf                                 0x08000825   Thumb Code   388  __printf_flags_ss_wp.o(.text)
    _ll_udiv10                               0x080009ad   Thumb Code   138  lludiv10.o(.text)
    _printf_int_common                       0x08000a37   Thumb Code   178  _printf_intcommon.o(.text)
    __lib_sel_fp_printf                      0x08000ae9   Thumb Code     2  _printf_fp_dec.o(.text)
    _printf_fp_dec_real                      0x08000c9b   Thumb Code   620  _printf_fp_dec.o(.text)
    _printf_fp_hex_real                      0x08000f09   Thumb Code   756  _printf_fp_hex.o(.text)
    _printf_cs_common                        0x08001205   Thumb Code    20  _printf_char.o(.text)
    _printf_char                             0x08001219   Thumb Code    16  _printf_char.o(.text)
    _printf_string                           0x08001229   Thumb Code     8  _printf_char.o(.text)
    _printf_lcs_common                       0x08001231   Thumb Code    20  _printf_wchar.o(.text)
    _printf_wchar                            0x08001245   Thumb Code    16  _printf_wchar.o(.text)
    _printf_wstring                          0x08001255   Thumb Code     8  _printf_wchar.o(.text)
    _wcrtomb                                 0x0800125d   Thumb Code    64  _wcrtomb.o(.text)
    __user_setup_stackheap                   0x0800129d   Thumb Code    74  sys_stackheap_outer.o(.text)
    __rt_ctype_table                         0x080012e9   Thumb Code    16  rt_ctype_table.o(.text)
    __rt_locale                              0x080012f9   Thumb Code     8  rt_locale_intlibspace.o(.text)
    _printf_fp_infnan                        0x08001301   Thumb Code   112  _printf_fp_infnan.o(.text)
    _btod_etento                             0x08001381   Thumb Code   224  bigflt0.o(.text)
    exit                                     0x08001465   Thumb Code    18  exit.o(.text)
    __user_libspace                          0x08001479   Thumb Code     8  libspace.o(.text)
    __user_perproc_libspace                  0x08001479   Thumb Code     0  libspace.o(.text)
    __user_perthread_libspace                0x08001479   Thumb Code     0  libspace.o(.text)
    strcmp                                   0x08001481   Thumb Code   128  strcmpv7m.o(.text)
    _sys_exit                                0x08001501   Thumb Code     8  sys_exit.o(.text)
    __I$use$semihosting                      0x0800150d   Thumb Code     0  use_no_semi.o(.text)
    __use_no_semihosting_swi                 0x0800150d   Thumb Code     2  use_no_semi.o(.text)
    __semihosting_library_function           0x0800150f   Thumb Code     0  indicate_semi.o(.text)
    _btod_d2e                                0x0800150f   Thumb Code    62  btod.o(CL$$btod_d2e)
    _d2e_denorm_low                          0x0800154d   Thumb Code    70  btod.o(CL$$btod_d2e_denorm_low)
    _d2e_norm_op1                            0x08001593   Thumb Code    96  btod.o(CL$$btod_d2e_norm_op1)
    __btod_div_common                        0x080015f3   Thumb Code   696  btod.o(CL$$btod_div_common)
    _e2e                                     0x0800192b   Thumb Code   220  btod.o(CL$$btod_e2e)
    _btod_ediv                               0x08001a07   Thumb Code    42  btod.o(CL$$btod_ediv)
    _btod_emul                               0x08001a31   Thumb Code    42  btod.o(CL$$btod_emul)
    __btod_mult_common                       0x08001a5b   Thumb Code   580  btod.o(CL$$btod_mult_common)
    BusFault_Handler                         0x08001c9f   Thumb Code     2  stm32f1xx_it.o(i.BusFault_Handler)
    DebugMon_Handler                         0x08001ca1   Thumb Code     2  stm32f1xx_it.o(i.DebugMon_Handler)
    HAL_CAN_ActivateNotification             0x08001ca3   Thumb Code    36  stm32f1xx_hal_can.o(i.HAL_CAN_ActivateNotification)
    HAL_CAN_ConfigFilter                     0x08001cc9   Thumb Code   238  stm32f1xx_hal_can.o(i.HAL_CAN_ConfigFilter)
    HAL_CAN_ErrorCallback                    0x08001db7   Thumb Code     2  stm32f1xx_hal_can.o(i.HAL_CAN_ErrorCallback)
    HAL_CAN_GetRxMessage                     0x08001db9   Thumb Code   244  stm32f1xx_hal_can.o(i.HAL_CAN_GetRxMessage)
    HAL_CAN_IRQHandler                       0x08001ead   Thumb Code   508  stm32f1xx_hal_can.o(i.HAL_CAN_IRQHandler)
    HAL_CAN_Init                             0x080020a9   Thumb Code   282  stm32f1xx_hal_can.o(i.HAL_CAN_Init)
    HAL_CAN_MspInit                          0x080021c5   Thumb Code   112  stm32f1xx_hal_msp.o(i.HAL_CAN_MspInit)
    HAL_CAN_RxFifo0FullCallback              0x08002241   Thumb Code     2  stm32f1xx_hal_can.o(i.HAL_CAN_RxFifo0FullCallback)
    HAL_CAN_RxFifo0MsgPendingCallback        0x08002245   Thumb Code    66  main.o(i.HAL_CAN_RxFifo0MsgPendingCallback)
    HAL_CAN_RxFifo1FullCallback              0x080022b9   Thumb Code     2  stm32f1xx_hal_can.o(i.HAL_CAN_RxFifo1FullCallback)
    HAL_CAN_RxFifo1MsgPendingCallback        0x080022bb   Thumb Code     2  stm32f1xx_hal_can.o(i.HAL_CAN_RxFifo1MsgPendingCallback)
    HAL_CAN_SleepCallback                    0x080022bd   Thumb Code     2  stm32f1xx_hal_can.o(i.HAL_CAN_SleepCallback)
    HAL_CAN_Start                            0x080022c1   Thumb Code    88  stm32f1xx_hal_can.o(i.HAL_CAN_Start)
    HAL_CAN_TxMailbox0AbortCallback          0x08002319   Thumb Code     2  stm32f1xx_hal_can.o(i.HAL_CAN_TxMailbox0AbortCallback)
    HAL_CAN_TxMailbox0CompleteCallback       0x0800231b   Thumb Code     2  stm32f1xx_hal_can.o(i.HAL_CAN_TxMailbox0CompleteCallback)
    HAL_CAN_TxMailbox1AbortCallback          0x0800231d   Thumb Code     2  stm32f1xx_hal_can.o(i.HAL_CAN_TxMailbox1AbortCallback)
    HAL_CAN_TxMailbox1CompleteCallback       0x0800231f   Thumb Code     2  stm32f1xx_hal_can.o(i.HAL_CAN_TxMailbox1CompleteCallback)
    HAL_CAN_TxMailbox2AbortCallback          0x08002321   Thumb Code     2  stm32f1xx_hal_can.o(i.HAL_CAN_TxMailbox2AbortCallback)
    HAL_CAN_TxMailbox2CompleteCallback       0x08002323   Thumb Code     2  stm32f1xx_hal_can.o(i.HAL_CAN_TxMailbox2CompleteCallback)
    HAL_CAN_WakeUpFromRxMsgCallback          0x08002325   Thumb Code     2  stm32f1xx_hal_can.o(i.HAL_CAN_WakeUpFromRxMsgCallback)
    HAL_Delay                                0x08002329   Thumb Code    32  stm32f1xx_hal.o(i.HAL_Delay)
    HAL_GPIO_Init                            0x0800234d   Thumb Code   446  stm32f1xx_hal_gpio.o(i.HAL_GPIO_Init)
    HAL_GPIO_TogglePin                       0x0800252d   Thumb Code    16  stm32f1xx_hal_gpio.o(i.HAL_GPIO_TogglePin)
    HAL_GPIO_WritePin                        0x0800253d   Thumb Code    10  stm32f1xx_hal_gpio.o(i.HAL_GPIO_WritePin)
    HAL_GetTick                              0x08002549   Thumb Code     6  stm32f1xx_hal.o(i.HAL_GetTick)
    HAL_IncTick                              0x08002555   Thumb Code    12  stm32f1xx_hal.o(i.HAL_IncTick)
    HAL_Init                                 0x08002565   Thumb Code    32  stm32f1xx_hal.o(i.HAL_Init)
    HAL_InitTick                             0x08002589   Thumb Code   132  stm32f1xx_hal_timebase_tim.o(i.HAL_InitTick)
    HAL_MspInit                              0x08002621   Thumb Code    62  stm32f1xx_hal_msp.o(i.HAL_MspInit)
    HAL_NVIC_EnableIRQ                       0x08002669   Thumb Code    26  stm32f1xx_hal_cortex.o(i.HAL_NVIC_EnableIRQ)
    HAL_NVIC_SetPriority                     0x08002685   Thumb Code    60  stm32f1xx_hal_cortex.o(i.HAL_NVIC_SetPriority)
    HAL_NVIC_SetPriorityGrouping             0x080026c5   Thumb Code    26  stm32f1xx_hal_cortex.o(i.HAL_NVIC_SetPriorityGrouping)
    HAL_RCC_ClockConfig                      0x080026e9   Thumb Code   280  stm32f1xx_hal_rcc.o(i.HAL_RCC_ClockConfig)
    HAL_RCC_GetClockConfig                   0x08002815   Thumb Code    54  stm32f1xx_hal_rcc.o(i.HAL_RCC_GetClockConfig)
    HAL_RCC_GetPCLK1Freq                     0x08002855   Thumb Code    20  stm32f1xx_hal_rcc.o(i.HAL_RCC_GetPCLK1Freq)
    HAL_RCC_GetPCLK2Freq                     0x08002875   Thumb Code    20  stm32f1xx_hal_rcc.o(i.HAL_RCC_GetPCLK2Freq)
    HAL_RCC_GetSysClockFreq                  0x08002895   Thumb Code    58  stm32f1xx_hal_rcc.o(i.HAL_RCC_GetSysClockFreq)
    HAL_RCC_OscConfig                        0x080028e1   Thumb Code   778  stm32f1xx_hal_rcc.o(i.HAL_RCC_OscConfig)
    HAL_TIMEx_BreakCallback                  0x08002c01   Thumb Code     2  stm32f1xx_hal_tim_ex.o(i.HAL_TIMEx_BreakCallback)
    HAL_TIMEx_CommutCallback                 0x08002c03   Thumb Code     2  stm32f1xx_hal_tim_ex.o(i.HAL_TIMEx_CommutCallback)
    HAL_TIM_Base_Init                        0x08002c05   Thumb Code    90  stm32f1xx_hal_tim.o(i.HAL_TIM_Base_Init)
    HAL_TIM_Base_MspInit                     0x08002c5f   Thumb Code     2  stm32f1xx_hal_tim.o(i.HAL_TIM_Base_MspInit)
    HAL_TIM_Base_Start_IT                    0x08002c61   Thumb Code    76  stm32f1xx_hal_tim.o(i.HAL_TIM_Base_Start_IT)
    HAL_TIM_IC_CaptureCallback               0x08002cb9   Thumb Code     2  stm32f1xx_hal_tim.o(i.HAL_TIM_IC_CaptureCallback)
    HAL_TIM_IRQHandler                       0x08002cbb   Thumb Code   304  stm32f1xx_hal_tim.o(i.HAL_TIM_IRQHandler)
    HAL_TIM_OC_DelayElapsedCallback          0x08002deb   Thumb Code     2  stm32f1xx_hal_tim.o(i.HAL_TIM_OC_DelayElapsedCallback)
    HAL_TIM_PWM_PulseFinishedCallback        0x08002ded   Thumb Code     2  stm32f1xx_hal_tim.o(i.HAL_TIM_PWM_PulseFinishedCallback)
    HAL_TIM_PeriodElapsedCallback            0x08002df1   Thumb Code    14  main.o(i.HAL_TIM_PeriodElapsedCallback)
    HAL_TIM_TriggerCallback                  0x08002e05   Thumb Code     2  stm32f1xx_hal_tim.o(i.HAL_TIM_TriggerCallback)
    HAL_UART_Init                            0x08002e07   Thumb Code   100  stm32f1xx_hal_uart.o(i.HAL_UART_Init)
    HAL_UART_MspInit                         0x08002e6d   Thumb Code   220  stm32f1xx_hal_msp.o(i.HAL_UART_MspInit)
    HAL_UART_Transmit                        0x08002f61   Thumb Code   160  stm32f1xx_hal_uart.o(i.HAL_UART_Transmit)
    HardFault_Handler                        0x08003001   Thumb Code     2  stm32f1xx_it.o(i.HardFault_Handler)
    MemManage_Handler                        0x08003101   Thumb Code     2  stm32f1xx_it.o(i.MemManage_Handler)
    NMI_Handler                              0x08003103   Thumb Code     2  stm32f1xx_it.o(i.NMI_Handler)
    StartTask01                              0x08003105   Thumb Code     8  main.o(i.StartTask01)
    SysTick_Handler                          0x0800310d   Thumb Code    38  port.o(i.SysTick_Handler)
    SystemClock_Config                       0x08003139   Thumb Code    94  main.o(i.SystemClock_Config)
    SystemInit                               0x08003197   Thumb Code     2  system_stm32f1xx.o(i.SystemInit)
    TIM3_IRQHandler                          0x08003199   Thumb Code     6  stm32f1xx_it.o(i.TIM3_IRQHandler)
    TIM_Base_SetConfig                       0x080031a5   Thumb Code   108  stm32f1xx_hal_tim.o(i.TIM_Base_SetConfig)
    USB_LP_CAN1_RX0_IRQHandler               0x08003399   Thumb Code     6  stm32f1xx_it.o(i.USB_LP_CAN1_RX0_IRQHandler)
    UsageFault_Handler                       0x080033a5   Thumb Code     2  stm32f1xx_it.o(i.UsageFault_Handler)
    __ARM_fpclassify                         0x080033a7   Thumb Code    40  fpclassify.o(i.__ARM_fpclassify)
    _is_digit                                0x080033ef   Thumb Code    14  __printf_wp.o(i._is_digit)
    mPrint                                   0x080033fd   Thumb Code    44  main.o(i.mPrint)
    main                                     0x0800342d   Thumb Code   246  main.o(i.main)
    osDelay                                  0x08003551   Thumb Code    14  cmsis_os.o(i.osDelay)
    osKernelStart                            0x0800355f   Thumb Code    10  cmsis_os.o(i.osKernelStart)
    osThreadCreate                           0x08003569   Thumb Code    84  cmsis_os.o(i.osThreadCreate)
    pvPortMalloc                             0x08003909   Thumb Code   216  heap_4.o(i.pvPortMalloc)
    pxPortInitialiseStack                    0x080039e5   Thumb Code    32  port.o(i.pxPortInitialiseStack)
    uxListRemove                             0x08003a09   Thumb Code    38  list.o(i.uxListRemove)
    vApplicationGetIdleTaskMemory            0x08003a31   Thumb Code    16  freertos.o(i.vApplicationGetIdleTaskMemory)
    vListInitialise                          0x08003a45   Thumb Code    22  list.o(i.vListInitialise)
    vListInitialiseItem                      0x08003a5b   Thumb Code     6  list.o(i.vListInitialiseItem)
    vListInsert                              0x08003a61   Thumb Code    48  list.o(i.vListInsert)
    vListInsertEnd                           0x08003a91   Thumb Code    24  list.o(i.vListInsertEnd)
    vPortEnterCritical                       0x08003aa9   Thumb Code    54  port.o(i.vPortEnterCritical)
    vPortExitCritical                        0x08003ae9   Thumb Code    34  port.o(i.vPortExitCritical)
    vPortFree                                0x08003b11   Thumb Code    94  heap_4.o(i.vPortFree)
    vPortSetupTimerInterrupt                 0x08003b75   Thumb Code    32  port.o(i.vPortSetupTimerInterrupt)
    vTaskDelay                               0x08003b99   Thumb Code    66  tasks.o(i.vTaskDelay)
    vTaskStartScheduler                      0x08003be5   Thumb Code    90  tasks.o(i.vTaskStartScheduler)
    vTaskSuspendAll                          0x08003c51   Thumb Code    10  tasks.o(i.vTaskSuspendAll)
    vTaskSwitchContext                       0x08003c61   Thumb Code    82  tasks.o(i.vTaskSwitchContext)
    xPortStartScheduler                      0x08003cbd   Thumb Code   154  port.o(i.xPortStartScheduler)
    xTaskCreate                              0x08003d65   Thumb Code    90  tasks.o(i.xTaskCreate)
    xTaskCreateStatic                        0x08003dbf   Thumb Code    86  tasks.o(i.xTaskCreateStatic)
    xTaskIncrementTick                       0x08003e15   Thumb Code   194  tasks.o(i.xTaskIncrementTick)
    xTaskResumeAll                           0x08003ee1   Thumb Code   182  tasks.o(i.xTaskResumeAll)
    _get_lc_numeric                          0x08003fa5   Thumb Code    44  lc_numeric_c.o(locale$$code)
    _get_lc_ctype                            0x08003fd1   Thumb Code    44  lc_ctype_c.o(locale$$code)
    _printf_fp_dec                           0x08003ffd   Thumb Code     4  printf1.o(x$fpl$printf1)
    _printf_fp_hex                           0x08004001   Thumb Code     4  printf2.o(x$fpl$printf2)
    __I$use$fp                               0x08004004   Number         0  usenofp.o(x$fpl$usenofp)
    AHBPrescTable                            0x08004032   Data          16  system_stm32f1xx.o(.constdata)
    APBPrescTable                            0x08004042   Data           8  system_stm32f1xx.o(.constdata)
    Region$$Table$$Base                      0x08004150   Number         0  anon$$obj.o(Region$$Table)
    Region$$Table$$Limit                     0x08004170   Number         0  anon$$obj.o(Region$$Table)
    __ctype                                  0x08004199   Data           0  lc_ctype_c.o(locale$$data)
    Task01Handle                             0x20000000   Data           4  main.o(.data)
    canRX                                    0x20000004   Data           8  main.o(.data)
    uwTickFreq                               0x2000000c   Data           1  stm32f1xx_hal.o(.data)
    uwTickPrio                               0x20000010   Data           4  stm32f1xx_hal.o(.data)
    uwTick                                   0x20000014   Data           4  stm32f1xx_hal.o(.data)
    SystemCoreClock                          0x20000018   Data           4  system_stm32f1xx.o(.data)
    pxCurrentTCB                             0x2000001c   Data           4  tasks.o(.data)
    hcan                                     0x20000084   Data          40  main.o(.bss)
    huart1                                   0x200000ac   Data          72  main.o(.bss)
    huart2                                   0x200000f4   Data          72  main.o(.bss)
    huart3                                   0x2000013c   Data          72  main.o(.bss)
    buff                                     0x20000184   Data          80  main.o(.bss)
    rxHeader                                 0x200001d4   Data          28  main.o(.bss)
    txHeader                                 0x200001f0   Data          24  main.o(.bss)
    canfil                                   0x20000208   Data          40  main.o(.bss)
    htim3                                    0x20000484   Data          72  stm32f1xx_hal_timebase_tim.o(.bss)
    __libspace_start                         0x200011bc   Data          96  libspace.o(.bss)
    __temporary_stack_top$libspace           0x2000121c   Data           0  libspace.o(.bss)



==============================================================================

Memory Map of the image

  Image Entry point : 0x080000ed

  Load Region LR_IROM1 (Base: 0x08000000, Size: 0x00004320, Max: 0x00010000, ABSOLUTE)

    Execution Region ER_IROM1 (Exec base: 0x08000000, Load base: 0x08000000, Size: 0x0000429c, Max: 0x00010000, ABSOLUTE)

    Exec Addr    Load Addr    Size         Type   Attr      Idx    E Section Name        Object

    0x08000000   0x08000000   0x000000ec   Data   RO            3    RESET               startup_stm32f103xb.o
    0x080000ec   0x080000ec   0x00000008   Code   RO         4353  * !!!main             c_w.l(__main.o)
    0x080000f4   0x080000f4   0x00000034   Code   RO         4678    !!!scatter          c_w.l(__scatter.o)
    0x08000128   0x08000128   0x0000001a   Code   RO         4680    !!handler_copy      c_w.l(__scatter_copy.o)
    0x08000142   0x08000142   0x00000002   PAD
    0x08000144   0x08000144   0x0000001c   Code   RO         4682    !!handler_zi        c_w.l(__scatter_zi.o)
    0x08000160   0x08000160   0x00000000   Code   RO         4439    .ARM.Collect$$_printf_percent$$00000000  c_w.l(_printf_percent.o)
    0x08000160   0x08000160   0x00000006   Code   RO         4428    .ARM.Collect$$_printf_percent$$00000001  c_w.l(_printf_n.o)
    0x08000166   0x08000166   0x00000006   Code   RO         4430    .ARM.Collect$$_printf_percent$$00000002  c_w.l(_printf_p.o)
    0x0800016c   0x0800016c   0x00000006   Code   RO         4435    .ARM.Collect$$_printf_percent$$00000003  c_w.l(_printf_f.o)
    0x08000172   0x08000172   0x00000006   Code   RO         4436    .ARM.Collect$$_printf_percent$$00000004  c_w.l(_printf_e.o)
    0x08000178   0x08000178   0x00000006   Code   RO         4437    .ARM.Collect$$_printf_percent$$00000005  c_w.l(_printf_g.o)
    0x0800017e   0x0800017e   0x00000006   Code   RO         4438    .ARM.Collect$$_printf_percent$$00000006  c_w.l(_printf_a.o)
    0x08000184   0x08000184   0x0000000a   Code   RO         4443    .ARM.Collect$$_printf_percent$$00000007  c_w.l(_printf_ll.o)
    0x0800018e   0x0800018e   0x00000006   Code   RO         4432    .ARM.Collect$$_printf_percent$$00000008  c_w.l(_printf_i.o)
    0x08000194   0x08000194   0x00000006   Code   RO         4433    .ARM.Collect$$_printf_percent$$00000009  c_w.l(_printf_d.o)
    0x0800019a   0x0800019a   0x00000006   Code   RO         4434    .ARM.Collect$$_printf_percent$$0000000A  c_w.l(_printf_u.o)
    0x080001a0   0x080001a0   0x00000006   Code   RO         4431    .ARM.Collect$$_printf_percent$$0000000B  c_w.l(_printf_o.o)
    0x080001a6   0x080001a6   0x00000006   Code   RO         4429    .ARM.Collect$$_printf_percent$$0000000C  c_w.l(_printf_x.o)
    0x080001ac   0x080001ac   0x00000006   Code   RO         4440    .ARM.Collect$$_printf_percent$$0000000D  c_w.l(_printf_lli.o)
    0x080001b2   0x080001b2   0x00000006   Code   RO         4441    .ARM.Collect$$_printf_percent$$0000000E  c_w.l(_printf_lld.o)
    0x080001b8   0x080001b8   0x00000006   Code   RO         4442    .ARM.Collect$$_printf_percent$$0000000F  c_w.l(_printf_llu.o)
    0x080001be   0x080001be   0x00000006   Code   RO         4447    .ARM.Collect$$_printf_percent$$00000010  c_w.l(_printf_llo.o)
    0x080001c4   0x080001c4   0x00000006   Code   RO         4448    .ARM.Collect$$_printf_percent$$00000011  c_w.l(_printf_llx.o)
    0x080001ca   0x080001ca   0x0000000a   Code   RO         4444    .ARM.Collect$$_printf_percent$$00000012  c_w.l(_printf_l.o)
    0x080001d4   0x080001d4   0x00000006   Code   RO         4426    .ARM.Collect$$_printf_percent$$00000013  c_w.l(_printf_c.o)
    0x080001da   0x080001da   0x00000006   Code   RO         4427    .ARM.Collect$$_printf_percent$$00000014  c_w.l(_printf_s.o)
    0x080001e0   0x080001e0   0x00000006   Code   RO         4445    .ARM.Collect$$_printf_percent$$00000015  c_w.l(_printf_lc.o)
    0x080001e6   0x080001e6   0x00000006   Code   RO         4446    .ARM.Collect$$_printf_percent$$00000016  c_w.l(_printf_ls.o)
    0x080001ec   0x080001ec   0x00000004   Code   RO         4489    .ARM.Collect$$_printf_percent$$00000017  c_w.l(_printf_percent_end.o)
    0x080001f0   0x080001f0   0x00000002   Code   RO         4538    .ARM.Collect$$libinit$$00000000  c_w.l(libinit.o)
    0x080001f2   0x080001f2   0x00000000   Code   RO         4555    .ARM.Collect$$libinit$$00000002  c_w.l(libinit2.o)
    0x080001f2   0x080001f2   0x00000000   Code   RO         4557    .ARM.Collect$$libinit$$00000004  c_w.l(libinit2.o)
    0x080001f2   0x080001f2   0x00000000   Code   RO         4560    .ARM.Collect$$libinit$$0000000A  c_w.l(libinit2.o)
    0x080001f2   0x080001f2   0x00000000   Code   RO         4562    .ARM.Collect$$libinit$$0000000C  c_w.l(libinit2.o)
    0x080001f2   0x080001f2   0x00000000   Code   RO         4564    .ARM.Collect$$libinit$$0000000E  c_w.l(libinit2.o)
    0x080001f2   0x080001f2   0x00000006   Code   RO         4565    .ARM.Collect$$libinit$$0000000F  c_w.l(libinit2.o)
    0x080001f8   0x080001f8   0x00000000   Code   RO         4567    .ARM.Collect$$libinit$$00000011  c_w.l(libinit2.o)
    0x080001f8   0x080001f8   0x0000000c   Code   RO         4568    .ARM.Collect$$libinit$$00000012  c_w.l(libinit2.o)
    0x08000204   0x08000204   0x00000000   Code   RO         4569    .ARM.Collect$$libinit$$00000013  c_w.l(libinit2.o)
    0x08000204   0x08000204   0x00000000   Code   RO         4571    .ARM.Collect$$libinit$$00000015  c_w.l(libinit2.o)
    0x08000204   0x08000204   0x0000000a   Code   RO         4572    .ARM.Collect$$libinit$$00000016  c_w.l(libinit2.o)
    0x0800020e   0x0800020e   0x00000000   Code   RO         4573    .ARM.Collect$$libinit$$00000017  c_w.l(libinit2.o)
    0x0800020e   0x0800020e   0x00000000   Code   RO         4575    .ARM.Collect$$libinit$$00000019  c_w.l(libinit2.o)
    0x0800020e   0x0800020e   0x00000000   Code   RO         4577    .ARM.Collect$$libinit$$0000001B  c_w.l(libinit2.o)
    0x0800020e   0x0800020e   0x00000000   Code   RO         4579    .ARM.Collect$$libinit$$0000001D  c_w.l(libinit2.o)
    0x0800020e   0x0800020e   0x00000000   Code   RO         4581    .ARM.Collect$$libinit$$0000001F  c_w.l(libinit2.o)
    0x0800020e   0x0800020e   0x00000000   Code   RO         4583    .ARM.Collect$$libinit$$00000021  c_w.l(libinit2.o)
    0x0800020e   0x0800020e   0x00000000   Code   RO         4585    .ARM.Collect$$libinit$$00000023  c_w.l(libinit2.o)
    0x0800020e   0x0800020e   0x00000000   Code   RO         4587    .ARM.Collect$$libinit$$00000025  c_w.l(libinit2.o)
    0x0800020e   0x0800020e   0x00000000   Code   RO         4591    .ARM.Collect$$libinit$$0000002C  c_w.l(libinit2.o)
    0x0800020e   0x0800020e   0x00000000   Code   RO         4593    .ARM.Collect$$libinit$$0000002E  c_w.l(libinit2.o)
    0x0800020e   0x0800020e   0x00000000   Code   RO         4595    .ARM.Collect$$libinit$$00000030  c_w.l(libinit2.o)
    0x0800020e   0x0800020e   0x00000000   Code   RO         4597    .ARM.Collect$$libinit$$00000032  c_w.l(libinit2.o)
    0x0800020e   0x0800020e   0x00000002   Code   RO         4598    .ARM.Collect$$libinit$$00000033  c_w.l(libinit2.o)
    0x08000210   0x08000210   0x00000002   Code   RO         4618    .ARM.Collect$$libshutdown$$00000000  c_w.l(libshutdown.o)
    0x08000212   0x08000212   0x00000000   Code   RO         4631    .ARM.Collect$$libshutdown$$00000002  c_w.l(libshutdown2.o)
    0x08000212   0x08000212   0x00000000   Code   RO         4633    .ARM.Collect$$libshutdown$$00000004  c_w.l(libshutdown2.o)
    0x08000212   0x08000212   0x00000000   Code   RO         4636    .ARM.Collect$$libshutdown$$00000007  c_w.l(libshutdown2.o)
    0x08000212   0x08000212   0x00000000   Code   RO         4639    .ARM.Collect$$libshutdown$$0000000A  c_w.l(libshutdown2.o)
    0x08000212   0x08000212   0x00000000   Code   RO         4641    .ARM.Collect$$libshutdown$$0000000C  c_w.l(libshutdown2.o)
    0x08000212   0x08000212   0x00000000   Code   RO         4644    .ARM.Collect$$libshutdown$$0000000F  c_w.l(libshutdown2.o)
    0x08000212   0x08000212   0x00000002   Code   RO         4645    .ARM.Collect$$libshutdown$$00000010  c_w.l(libshutdown2.o)
    0x08000214   0x08000214   0x00000000   Code   RO         4355    .ARM.Collect$$rtentry$$00000000  c_w.l(__rtentry.o)
    0x08000214   0x08000214   0x00000000   Code   RO         4460    .ARM.Collect$$rtentry$$00000002  c_w.l(__rtentry2.o)
    0x08000214   0x08000214   0x00000006   Code   RO         4472    .ARM.Collect$$rtentry$$00000004  c_w.l(__rtentry4.o)
    0x0800021a   0x0800021a   0x00000000   Code   RO         4462    .ARM.Collect$$rtentry$$00000009  c_w.l(__rtentry2.o)
    0x0800021a   0x0800021a   0x00000004   Code   RO         4463    .ARM.Collect$$rtentry$$0000000A  c_w.l(__rtentry2.o)
    0x0800021e   0x0800021e   0x00000000   Code   RO         4465    .ARM.Collect$$rtentry$$0000000C  c_w.l(__rtentry2.o)
    0x0800021e   0x0800021e   0x00000008   Code   RO         4466    .ARM.Collect$$rtentry$$0000000D  c_w.l(__rtentry2.o)
    0x08000226   0x08000226   0x00000002   Code   RO         4547    .ARM.Collect$$rtexit$$00000000  c_w.l(rtexit.o)
    0x08000228   0x08000228   0x00000000   Code   RO         4600    .ARM.Collect$$rtexit$$00000002  c_w.l(rtexit2.o)
    0x08000228   0x08000228   0x00000004   Code   RO         4601    .ARM.Collect$$rtexit$$00000003  c_w.l(rtexit2.o)
    0x0800022c   0x0800022c   0x00000006   Code   RO         4602    .ARM.Collect$$rtexit$$00000004  c_w.l(rtexit2.o)
    0x08000232   0x08000232   0x00000002   PAD
    0x08000234   0x08000234   0x00000096   Code   RO         4258    .emb_text           port.o
    0x080002ca   0x080002ca   0x00000002   PAD
    0x080002cc   0x080002cc   0x00000040   Code   RO            4    .text               startup_stm32f103xb.o
    0x0800030c   0x0800030c   0x00000034   Code   RO         4339    .text               c_w.l(vsnprintf.o)
    0x08000340   0x08000340   0x0000003e   Code   RO         4341    .text               c_w.l(strlen.o)
    0x0800037e   0x0800037e   0x00000064   Code   RO         4345    .text               c_w.l(rt_memcpy_w.o)
    0x080003e2   0x080003e2   0x0000004e   Code   RO         4349    .text               c_w.l(rt_memclr_w.o)
    0x08000430   0x08000430   0x00000006   Code   RO         4351    .text               c_w.l(heapauxi.o)
    0x08000436   0x08000436   0x0000004e   Code   RO         4358    .text               c_w.l(_printf_pad.o)
    0x08000484   0x08000484   0x00000024   Code   RO         4360    .text               c_w.l(_printf_truncate.o)
    0x080004a8   0x080004a8   0x00000052   Code   RO         4362    .text               c_w.l(_printf_str.o)
    0x080004fa   0x080004fa   0x00000002   PAD
    0x080004fc   0x080004fc   0x00000078   Code   RO         4364    .text               c_w.l(_printf_dec.o)
    0x08000574   0x08000574   0x00000028   Code   RO         4366    .text               c_w.l(_printf_charcount.o)
    0x0800059c   0x0800059c   0x00000030   Code   RO         4368    .text               c_w.l(_printf_char_common.o)
    0x080005cc   0x080005cc   0x0000000a   Code   RO         4370    .text               c_w.l(_sputc.o)
    0x080005d6   0x080005d6   0x00000010   Code   RO         4372    .text               c_w.l(_snputc.o)
    0x080005e6   0x080005e6   0x00000002   PAD
    0x080005e8   0x080005e8   0x000000bc   Code   RO         4374    .text               c_w.l(_printf_wctomb.o)
    0x080006a4   0x080006a4   0x0000007c   Code   RO         4377    .text               c_w.l(_printf_longlong_dec.o)
    0x08000720   0x08000720   0x00000070   Code   RO         4383    .text               c_w.l(_printf_oct_int_ll.o)
    0x08000790   0x08000790   0x00000094   Code   RO         4403    .text               c_w.l(_printf_hex_int_ll_ptr.o)
    0x08000824   0x08000824   0x00000188   Code   RO         4423    .text               c_w.l(__printf_flags_ss_wp.o)
    0x080009ac   0x080009ac   0x0000008a   Code   RO         4474    .text               c_w.l(lludiv10.o)
    0x08000a36   0x08000a36   0x000000b2   Code   RO         4476    .text               c_w.l(_printf_intcommon.o)
    0x08000ae8   0x08000ae8   0x0000041e   Code   RO         4478    .text               c_w.l(_printf_fp_dec.o)
    0x08000f06   0x08000f06   0x00000002   PAD
    0x08000f08   0x08000f08   0x000002fc   Code   RO         4480    .text               c_w.l(_printf_fp_hex.o)
    0x08001204   0x08001204   0x0000002c   Code   RO         4485    .text               c_w.l(_printf_char.o)
    0x08001230   0x08001230   0x0000002c   Code   RO         4487    .text               c_w.l(_printf_wchar.o)
    0x0800125c   0x0800125c   0x00000040   Code   RO         4490    .text               c_w.l(_wcrtomb.o)
    0x0800129c   0x0800129c   0x0000004a   Code   RO         4492    .text               c_w.l(sys_stackheap_outer.o)
    0x080012e6   0x080012e6   0x00000002   PAD
    0x080012e8   0x080012e8   0x00000010   Code   RO         4494    .text               c_w.l(rt_ctype_table.o)
    0x080012f8   0x080012f8   0x00000008   Code   RO         4499    .text               c_w.l(rt_locale_intlibspace.o)
    0x08001300   0x08001300   0x00000080   Code   RO         4501    .text               c_w.l(_printf_fp_infnan.o)
    0x08001380   0x08001380   0x000000e4   Code   RO         4503    .text               c_w.l(bigflt0.o)
    0x08001464   0x08001464   0x00000012   Code   RO         4531    .text               c_w.l(exit.o)
    0x08001476   0x08001476   0x00000002   PAD
    0x08001478   0x08001478   0x00000008   Code   RO         4544    .text               c_w.l(libspace.o)
    0x08001480   0x08001480   0x00000080   Code   RO         4552    .text               c_w.l(strcmpv7m.o)
    0x08001500   0x08001500   0x0000000c   Code   RO         4610    .text               c_w.l(sys_exit.o)
    0x0800150c   0x0800150c   0x00000002   Code   RO         4621    .text               c_w.l(use_no_semi.o)
    0x0800150e   0x0800150e   0x00000000   Code   RO         4623    .text               c_w.l(indicate_semi.o)
    0x0800150e   0x0800150e   0x0000003e   Code   RO         4506    CL$$btod_d2e        c_w.l(btod.o)
    0x0800154c   0x0800154c   0x00000046   Code   RO         4508    CL$$btod_d2e_denorm_low  c_w.l(btod.o)
    0x08001592   0x08001592   0x00000060   Code   RO         4507    CL$$btod_d2e_norm_op1  c_w.l(btod.o)
    0x080015f2   0x080015f2   0x00000338   Code   RO         4516    CL$$btod_div_common  c_w.l(btod.o)
    0x0800192a   0x0800192a   0x000000dc   Code   RO         4513    CL$$btod_e2e        c_w.l(btod.o)
    0x08001a06   0x08001a06   0x0000002a   Code   RO         4510    CL$$btod_ediv       c_w.l(btod.o)
    0x08001a30   0x08001a30   0x0000002a   Code   RO         4509    CL$$btod_emul       c_w.l(btod.o)
    0x08001a5a   0x08001a5a   0x00000244   Code   RO         4515    CL$$btod_mult_common  c_w.l(btod.o)
    0x08001c9e   0x08001c9e   0x00000002   Code   RO          263    i.BusFault_Handler  stm32f1xx_it.o
    0x08001ca0   0x08001ca0   0x00000002   Code   RO          264    i.DebugMon_Handler  stm32f1xx_it.o
    0x08001ca2   0x08001ca2   0x00000024   Code   RO         1430    i.HAL_CAN_ActivateNotification  stm32f1xx_hal_can.o
    0x08001cc6   0x08001cc6   0x00000002   PAD
    0x08001cc8   0x08001cc8   0x000000ee   Code   RO         1432    i.HAL_CAN_ConfigFilter  stm32f1xx_hal_can.o
    0x08001db6   0x08001db6   0x00000002   Code   RO         1435    i.HAL_CAN_ErrorCallback  stm32f1xx_hal_can.o
    0x08001db8   0x08001db8   0x000000f4   Code   RO         1438    i.HAL_CAN_GetRxMessage  stm32f1xx_hal_can.o
    0x08001eac   0x08001eac   0x000001fc   Code   RO         1442    i.HAL_CAN_IRQHandler  stm32f1xx_hal_can.o
    0x080020a8   0x080020a8   0x0000011a   Code   RO         1443    i.HAL_CAN_Init      stm32f1xx_hal_can.o
    0x080021c2   0x080021c2   0x00000002   PAD
    0x080021c4   0x080021c4   0x0000007c   Code   RO          334    i.HAL_CAN_MspInit   stm32f1xx_hal_msp.o
    0x08002240   0x08002240   0x00000002   Code   RO         1450    i.HAL_CAN_RxFifo0FullCallback  stm32f1xx_hal_can.o
    0x08002242   0x08002242   0x00000002   PAD
    0x08002244   0x08002244   0x00000074   Code   RO           14    i.HAL_CAN_RxFifo0MsgPendingCallback  main.o
    0x080022b8   0x080022b8   0x00000002   Code   RO         1452    i.HAL_CAN_RxFifo1FullCallback  stm32f1xx_hal_can.o
    0x080022ba   0x080022ba   0x00000002   Code   RO         1453    i.HAL_CAN_RxFifo1MsgPendingCallback  stm32f1xx_hal_can.o
    0x080022bc   0x080022bc   0x00000002   Code   RO         1454    i.HAL_CAN_SleepCallback  stm32f1xx_hal_can.o
    0x080022be   0x080022be   0x00000002   PAD
    0x080022c0   0x080022c0   0x00000058   Code   RO         1455    i.HAL_CAN_Start     stm32f1xx_hal_can.o
    0x08002318   0x08002318   0x00000002   Code   RO         1457    i.HAL_CAN_TxMailbox0AbortCallback  stm32f1xx_hal_can.o
    0x0800231a   0x0800231a   0x00000002   Code   RO         1458    i.HAL_CAN_TxMailbox0CompleteCallback  stm32f1xx_hal_can.o
    0x0800231c   0x0800231c   0x00000002   Code   RO         1459    i.HAL_CAN_TxMailbox1AbortCallback  stm32f1xx_hal_can.o
    0x0800231e   0x0800231e   0x00000002   Code   RO         1460    i.HAL_CAN_TxMailbox1CompleteCallback  stm32f1xx_hal_can.o
    0x08002320   0x08002320   0x00000002   Code   RO         1461    i.HAL_CAN_TxMailbox2AbortCallback  stm32f1xx_hal_can.o
    0x08002322   0x08002322   0x00000002   Code   RO         1462    i.HAL_CAN_TxMailbox2CompleteCallback  stm32f1xx_hal_can.o
    0x08002324   0x08002324   0x00000002   Code   RO         1464    i.HAL_CAN_WakeUpFromRxMsgCallback  stm32f1xx_hal_can.o
    0x08002326   0x08002326   0x00000002   PAD
    0x08002328   0x08002328   0x00000024   Code   RO         1670    i.HAL_Delay         stm32f1xx_hal.o
    0x0800234c   0x0800234c   0x000001e0   Code   RO         1980    i.HAL_GPIO_Init     stm32f1xx_hal_gpio.o
    0x0800252c   0x0800252c   0x00000010   Code   RO         1983    i.HAL_GPIO_TogglePin  stm32f1xx_hal_gpio.o
    0x0800253c   0x0800253c   0x0000000a   Code   RO         1984    i.HAL_GPIO_WritePin  stm32f1xx_hal_gpio.o
    0x08002546   0x08002546   0x00000002   PAD
    0x08002548   0x08002548   0x0000000c   Code   RO         1674    i.HAL_GetTick       stm32f1xx_hal.o
    0x08002554   0x08002554   0x00000010   Code   RO         1680    i.HAL_IncTick       stm32f1xx_hal.o
    0x08002564   0x08002564   0x00000024   Code   RO         1681    i.HAL_Init          stm32f1xx_hal.o
    0x08002588   0x08002588   0x00000098   Code   RO          381    i.HAL_InitTick      stm32f1xx_hal_timebase_tim.o
    0x08002620   0x08002620   0x00000048   Code   RO          335    i.HAL_MspInit       stm32f1xx_hal_msp.o
    0x08002668   0x08002668   0x0000001a   Code   RO         2140    i.HAL_NVIC_EnableIRQ  stm32f1xx_hal_cortex.o
    0x08002682   0x08002682   0x00000002   PAD
    0x08002684   0x08002684   0x00000040   Code   RO         2146    i.HAL_NVIC_SetPriority  stm32f1xx_hal_cortex.o
    0x080026c4   0x080026c4   0x00000024   Code   RO         2147    i.HAL_NVIC_SetPriorityGrouping  stm32f1xx_hal_cortex.o
    0x080026e8   0x080026e8   0x0000012c   Code   RO         1838    i.HAL_RCC_ClockConfig  stm32f1xx_hal_rcc.o
    0x08002814   0x08002814   0x00000040   Code   RO         1842    i.HAL_RCC_GetClockConfig  stm32f1xx_hal_rcc.o
    0x08002854   0x08002854   0x00000020   Code   RO         1845    i.HAL_RCC_GetPCLK1Freq  stm32f1xx_hal_rcc.o
    0x08002874   0x08002874   0x00000020   Code   RO         1846    i.HAL_RCC_GetPCLK2Freq  stm32f1xx_hal_rcc.o
    0x08002894   0x08002894   0x0000004c   Code   RO         1847    i.HAL_RCC_GetSysClockFreq  stm32f1xx_hal_rcc.o
    0x080028e0   0x080028e0   0x00000320   Code   RO         1850    i.HAL_RCC_OscConfig  stm32f1xx_hal_rcc.o
    0x08002c00   0x08002c00   0x00000002   Code   RO         1162    i.HAL_TIMEx_BreakCallback  stm32f1xx_hal_tim_ex.o
    0x08002c02   0x08002c02   0x00000002   Code   RO         1163    i.HAL_TIMEx_CommutCallback  stm32f1xx_hal_tim_ex.o
    0x08002c04   0x08002c04   0x0000005a   Code   RO          458    i.HAL_TIM_Base_Init  stm32f1xx_hal_tim.o
    0x08002c5e   0x08002c5e   0x00000002   Code   RO          460    i.HAL_TIM_Base_MspInit  stm32f1xx_hal_tim.o
    0x08002c60   0x08002c60   0x00000058   Code   RO          463    i.HAL_TIM_Base_Start_IT  stm32f1xx_hal_tim.o
    0x08002cb8   0x08002cb8   0x00000002   Code   RO          492    i.HAL_TIM_IC_CaptureCallback  stm32f1xx_hal_tim.o
    0x08002cba   0x08002cba   0x00000130   Code   RO          506    i.HAL_TIM_IRQHandler  stm32f1xx_hal_tim.o
    0x08002dea   0x08002dea   0x00000002   Code   RO          509    i.HAL_TIM_OC_DelayElapsedCallback  stm32f1xx_hal_tim.o
    0x08002dec   0x08002dec   0x00000002   Code   RO          536    i.HAL_TIM_PWM_PulseFinishedCallback  stm32f1xx_hal_tim.o
    0x08002dee   0x08002dee   0x00000002   PAD
    0x08002df0   0x08002df0   0x00000014   Code   RO           15    i.HAL_TIM_PeriodElapsedCallback  main.o
    0x08002e04   0x08002e04   0x00000002   Code   RO          549    i.HAL_TIM_TriggerCallback  stm32f1xx_hal_tim.o
    0x08002e06   0x08002e06   0x00000064   Code   RO         2670    i.HAL_UART_Init     stm32f1xx_hal_uart.o
    0x08002e6a   0x08002e6a   0x00000002   PAD
    0x08002e6c   0x08002e6c   0x000000f4   Code   RO          337    i.HAL_UART_MspInit  stm32f1xx_hal_msp.o
    0x08002f60   0x08002f60   0x000000a0   Code   RO         2678    i.HAL_UART_Transmit  stm32f1xx_hal_uart.o
    0x08003000   0x08003000   0x00000002   Code   RO          265    i.HardFault_Handler  stm32f1xx_it.o
    0x08003002   0x08003002   0x00000002   PAD
    0x08003004   0x08003004   0x00000054   Code   RO           16    i.MX_CAN_Init       main.o
    0x08003058   0x08003058   0x000000a8   Code   RO           17    i.MX_GPIO_Init      main.o
    0x08003100   0x08003100   0x00000002   Code   RO          266    i.MemManage_Handler  stm32f1xx_it.o
    0x08003102   0x08003102   0x00000002   Code   RO          267    i.NMI_Handler       stm32f1xx_it.o
    0x08003104   0x08003104   0x00000008   Code   RO           18    i.StartTask01       main.o
    0x0800310c   0x0800310c   0x0000002c   Code   RO         4259    i.SysTick_Handler   port.o
    0x08003138   0x08003138   0x0000005e   Code   RO           19    i.SystemClock_Config  main.o
    0x08003196   0x08003196   0x00000002   Code   RO         3004    i.SystemInit        system_stm32f1xx.o
    0x08003198   0x08003198   0x0000000c   Code   RO          268    i.TIM3_IRQHandler   stm32f1xx_it.o
    0x080031a4   0x080031a4   0x00000078   Code   RO          551    i.TIM_Base_SetConfig  stm32f1xx_hal_tim.o
    0x0800321c   0x0800321c   0x0000004e   Code   RO         2693    i.UART_EndRxTransfer  stm32f1xx_hal_uart.o
    0x0800326a   0x0800326a   0x00000002   PAD
    0x0800326c   0x0800326c   0x000000b8   Code   RO         2696    i.UART_SetConfig    stm32f1xx_hal_uart.o
    0x08003324   0x08003324   0x00000072   Code   RO         2699    i.UART_WaitOnFlagUntilTimeout  stm32f1xx_hal_uart.o
    0x08003396   0x08003396   0x00000002   PAD
    0x08003398   0x08003398   0x0000000c   Code   RO          269    i.USB_LP_CAN1_RX0_IRQHandler  stm32f1xx_it.o
    0x080033a4   0x080033a4   0x00000002   Code   RO          270    i.UsageFault_Handler  stm32f1xx_it.o
    0x080033a6   0x080033a6   0x00000028   Code   RO         4542    i.__ARM_fpclassify  m_ws.l(fpclassify.o)
    0x080033ce   0x080033ce   0x00000020   Code   RO         2153    i.__NVIC_SetPriority  stm32f1xx_hal_cortex.o
    0x080033ee   0x080033ee   0x0000000e   Code   RO         4416    i._is_digit         c_w.l(__printf_wp.o)
    0x080033fc   0x080033fc   0x00000030   Code   RO           20    i.mPrint            main.o
    0x0800342c   0x0800342c   0x00000118   Code   RO           21    i.main              main.o
    0x08003544   0x08003544   0x0000000c   Code   RO         3824    i.makeFreeRtosPriority  cmsis_os.o
    0x08003550   0x08003550   0x0000000e   Code   RO         3826    i.osDelay           cmsis_os.o
    0x0800355e   0x0800355e   0x0000000a   Code   RO         3829    i.osKernelStart     cmsis_os.o
    0x08003568   0x08003568   0x00000054   Code   RO         3863    i.osThreadCreate    cmsis_os.o
    0x080035bc   0x080035bc   0x00000070   Code   RO         3506    i.prvAddCurrentTaskToDelayedList  tasks.o
    0x0800362c   0x0800362c   0x000000d0   Code   RO         3507    i.prvAddNewTaskToReadyList  tasks.o
    0x080036fc   0x080036fc   0x00000034   Code   RO         3508    i.prvDeleteTCB      tasks.o
    0x08003730   0x08003730   0x0000004c   Code   RO         4191    i.prvHeapInit       heap_4.o
    0x0800377c   0x0800377c   0x00000060   Code   RO         3509    i.prvIdleTask       tasks.o
    0x080037dc   0x080037dc   0x00000098   Code   RO         3510    i.prvInitialiseNewTask  tasks.o
    0x08003874   0x08003874   0x0000004c   Code   RO         4192    i.prvInsertBlockIntoFreeList  heap_4.o
    0x080038c0   0x080038c0   0x00000020   Code   RO         3511    i.prvResetNextTaskUnblockTime  tasks.o
    0x080038e0   0x080038e0   0x00000028   Code   RO         4260    i.prvTaskExitError  port.o
    0x08003908   0x08003908   0x000000dc   Code   RO         4193    i.pvPortMalloc      heap_4.o
    0x080039e4   0x080039e4   0x00000024   Code   RO         4261    i.pxPortInitialiseStack  port.o
    0x08003a08   0x08003a08   0x00000026   Code   RO         3142    i.uxListRemove      list.o
    0x08003a2e   0x08003a2e   0x00000002   PAD
    0x08003a30   0x08003a30   0x00000014   Code   RO          229    i.vApplicationGetIdleTaskMemory  freertos.o
    0x08003a44   0x08003a44   0x00000016   Code   RO         3143    i.vListInitialise   list.o
    0x08003a5a   0x08003a5a   0x00000006   Code   RO         3144    i.vListInitialiseItem  list.o
    0x08003a60   0x08003a60   0x00000030   Code   RO         3145    i.vListInsert       list.o
    0x08003a90   0x08003a90   0x00000018   Code   RO         3146    i.vListInsertEnd    list.o
    0x08003aa8   0x08003aa8   0x00000040   Code   RO         4263    i.vPortEnterCritical  port.o
    0x08003ae8   0x08003ae8   0x00000028   Code   RO         4264    i.vPortExitCritical  port.o
    0x08003b10   0x08003b10   0x00000064   Code   RO         4194    i.vPortFree         heap_4.o
    0x08003b74   0x08003b74   0x00000024   Code   RO         4265    i.vPortSetupTimerInterrupt  port.o
    0x08003b98   0x08003b98   0x0000004c   Code   RO         3520    i.vTaskDelay        tasks.o
    0x08003be4   0x08003be4   0x0000006c   Code   RO         3533    i.vTaskStartScheduler  tasks.o
    0x08003c50   0x08003c50   0x00000010   Code   RO         3535    i.vTaskSuspendAll   tasks.o
    0x08003c60   0x08003c60   0x0000005c   Code   RO         3536    i.vTaskSwitchContext  tasks.o
    0x08003cbc   0x08003cbc   0x000000a8   Code   RO         4267    i.xPortStartScheduler  port.o
    0x08003d64   0x08003d64   0x0000005a   Code   RO         3539    i.xTaskCreate       tasks.o
    0x08003dbe   0x08003dbe   0x00000056   Code   RO         3540    i.xTaskCreateStatic  tasks.o
    0x08003e14   0x08003e14   0x000000cc   Code   RO         3547    i.xTaskIncrementTick  tasks.o
    0x08003ee0   0x08003ee0   0x000000c4   Code   RO         3553    i.xTaskResumeAll    tasks.o
    0x08003fa4   0x08003fa4   0x0000002c   Code   RO         4529    locale$$code        c_w.l(lc_numeric_c.o)
    0x08003fd0   0x08003fd0   0x0000002c   Code   RO         4550    locale$$code        c_w.l(lc_ctype_c.o)
    0x08003ffc   0x08003ffc   0x00000004   Code   RO         4451    x$fpl$printf1       fz_ws.l(printf1.o)
    0x08004000   0x08004000   0x00000004   Code   RO         4453    x$fpl$printf2       fz_ws.l(printf2.o)
    0x08004004   0x08004004   0x00000000   Code   RO         4541    x$fpl$usenofp       fz_ws.l(usenofp.o)
    0x08004004   0x08004004   0x0000001c   Data   RO           23    .constdata          main.o
    0x08004020   0x08004020   0x00000012   Data   RO         1851    .constdata          stm32f1xx_hal_rcc.o
    0x08004032   0x08004032   0x00000010   Data   RO         3005    .constdata          system_stm32f1xx.o
    0x08004042   0x08004042   0x00000008   Data   RO         3006    .constdata          system_stm32f1xx.o
    0x0800404a   0x0800404a   0x00000002   PAD
    0x0800404c   0x0800404c   0x00000008   Data   RO         4375    .constdata          c_w.l(_printf_wctomb.o)
    0x08004054   0x08004054   0x00000028   Data   RO         4404    .constdata          c_w.l(_printf_hex_int_ll_ptr.o)
    0x0800407c   0x0800407c   0x00000011   Data   RO         4424    .constdata          c_w.l(__printf_flags_ss_wp.o)
    0x0800408d   0x0800408d   0x00000026   Data   RO         4481    .constdata          c_w.l(_printf_fp_hex.o)
    0x080040b3   0x080040b3   0x00000001   PAD
    0x080040b4   0x080040b4   0x00000094   Data   RO         4504    .constdata          c_w.l(bigflt0.o)
    0x08004148   0x08004148   0x00000007   Data   RO           24    .conststring        main.o
    0x0800414f   0x0800414f   0x00000001   PAD
    0x08004150   0x08004150   0x00000020   Data   RO         4676    Region$$Table       anon$$obj.o
    0x08004170   0x08004170   0x0000001c   Data   RO         4528    locale$$data        c_w.l(lc_numeric_c.o)
    0x0800418c   0x0800418c   0x00000110   Data   RO         4549    locale$$data        c_w.l(lc_ctype_c.o)


    Execution Region RW_IRAM1 (Exec base: 0x20000000, Load base: 0x0800429c, Size: 0x00001820, Max: 0x00005000, ABSOLUTE)

    Exec Addr    Load Addr    Size         Type   Attr      Idx    E Section Name        Object

    0x20000000   0x0800429c   0x0000000c   Data   RW           25    .data               main.o
    0x2000000c   0x080042a8   0x0000000c   Data   RW         1688    .data               stm32f1xx_hal.o
    0x20000018   0x080042b4   0x00000004   Data   RW         3007    .data               system_stm32f1xx.o
    0x2000001c   0x080042b8   0x0000003c   Data   RW         3556    .data               tasks.o
    0x20000058   0x080042f4   0x00000020   Data   RW         4200    .data               heap_4.o
    0x20000078   0x08004314   0x0000000c   Data   RW         4268    .data               port.o
    0x20000084        -       0x000001ac   Zero   RW           22    .bss                main.o
    0x20000230        -       0x00000254   Zero   RW          230    .bss                freertos.o
    0x20000484        -       0x00000048   Zero   RW          384    .bss                stm32f1xx_hal_timebase_tim.o
    0x200004cc        -       0x000000f0   Zero   RW         3555    .bss                tasks.o
    0x200005bc        -       0x00000c00   Zero   RW         4199    .bss                heap_4.o
    0x200011bc        -       0x00000060   Zero   RW         4545    .bss                c_w.l(libspace.o)
    0x2000121c   0x08004320   0x00000004   PAD
    0x20001220        -       0x00000200   Zero   RW            2    HEAP                startup_stm32f103xb.o
    0x20001420        -       0x00000400   Zero   RW            1    STACK               startup_stm32f103xb.o


==============================================================================

Image component sizes


      Code (inc. data)   RO Data    RW Data    ZI Data      Debug   Object Name

       120          0          0          0          0      23185   cmsis_os.o
         0          0          0          0          0      16924   event_groups.o
        20          4          0          0        596       1220   freertos.o
       472         24          0         32       3072       7291   heap_4.o
       138          0          0          0          0       3366   list.o
       818        118         35         12        428     474623   main.o
       578         60          0         12          0      10192   port.o
        64         26        236          0       1536        804   startup_stm32f103xb.o
       100         18          0         12          0       5206   stm32f1xx_hal.o
      1420          0          0          0          0      12520   stm32f1xx_hal_can.o
       158         14          0          0          0      28158   stm32f1xx_hal_cortex.o
       506         34          0          0          0       3477   stm32f1xx_hal_gpio.o
       440         46          0          0          0       2483   stm32f1xx_hal_msp.o
      1304         94         18          0          0       5709   stm32f1xx_hal_rcc.o
       612         24          0          0          0       7124   stm32f1xx_hal_tim.o
         4          0          0          0          0       1569   stm32f1xx_hal_tim_ex.o
       152         20          0          0         72       1463   stm32f1xx_hal_timebase_tim.o
       636          6          0          0          0       4604   stm32f1xx_hal_uart.o
        36         12          0          0          0       3436   stm32f1xx_it.o
         0          0          0          0          0        392   stream_buffer.o
         2          0         24          4          0       1103   system_stm32f1xx.o
      1520        112          0         60        240      18974   tasks.o

    ----------------------------------------------------------------------
      9128        612        348        132       5944     633823   Object Totals
         0          0         32          0          0          0   (incl. Generated)
        28          0          3          0          0          0   (incl. Padding)

    ----------------------------------------------------------------------

      Code (inc. data)   RO Data    RW Data    ZI Data      Debug   Library Member Name

         8          0          0          0          0         68   __main.o
       392          4         17          0          0         92   __printf_flags_ss_wp.o
        14          0          0          0          0         68   __printf_wp.o
         0          0          0          0          0          0   __rtentry.o
        12          0          0          0          0          0   __rtentry2.o
         6          0          0          0          0          0   __rtentry4.o
        52          8          0          0          0          0   __scatter.o
        26          0          0          0          0          0   __scatter_copy.o
        28          0          0          0          0          0   __scatter_zi.o
         6          0          0          0          0          0   _printf_a.o
         6          0          0          0          0          0   _printf_c.o
        44          0          0          0          0        108   _printf_char.o
        48          6          0          0          0         96   _printf_char_common.o
        40          0          0          0          0         68   _printf_charcount.o
         6          0          0          0          0          0   _printf_d.o
       120         16          0          0          0         92   _printf_dec.o
         6          0          0          0          0          0   _printf_e.o
         6          0          0          0          0          0   _printf_f.o
      1054          0          0          0          0        216   _printf_fp_dec.o
       764          8         38          0          0        100   _printf_fp_hex.o
       128         16          0          0          0         84   _printf_fp_infnan.o
         6          0          0          0          0          0   _printf_g.o
       148          4         40          0          0        160   _printf_hex_int_ll_ptr.o
         6          0          0          0          0          0   _printf_i.o
       178          0          0          0          0         88   _printf_intcommon.o
        10          0          0          0          0          0   _printf_l.o
         6          0          0          0          0          0   _printf_lc.o
        10          0          0          0          0          0   _printf_ll.o
         6          0          0          0          0          0   _printf_lld.o
         6          0          0          0          0          0   _printf_lli.o
         6          0          0          0          0          0   _printf_llo.o
         6          0          0          0          0          0   _printf_llu.o
         6          0          0          0          0          0   _printf_llx.o
       124         16          0          0          0         92   _printf_longlong_dec.o
         6          0          0          0          0          0   _printf_ls.o
         6          0          0          0          0          0   _printf_n.o
         6          0          0          0          0          0   _printf_o.o
       112         10          0          0          0        124   _printf_oct_int_ll.o
         6          0          0          0          0          0   _printf_p.o
        78          0          0          0          0        108   _printf_pad.o
         0          0          0          0          0          0   _printf_percent.o
         4          0          0          0          0          0   _printf_percent_end.o
         6          0          0          0          0          0   _printf_s.o
        82          0          0          0          0         80   _printf_str.o
        36          0          0          0          0         84   _printf_truncate.o
         6          0          0          0          0          0   _printf_u.o
        44          0          0          0          0        108   _printf_wchar.o
       188          6          8          0          0         92   _printf_wctomb.o
         6          0          0          0          0          0   _printf_x.o
        16          0          0          0          0         68   _snputc.o
        10          0          0          0          0         68   _sputc.o
        64          0          0          0          0         92   _wcrtomb.o
       228          4        148          0          0         96   bigflt0.o
      1936        128          0          0          0        672   btod.o
        18          0          0          0          0         80   exit.o
         6          0          0          0          0        152   heapauxi.o
         0          0          0          0          0          0   indicate_semi.o
        44         10        272          0          0         76   lc_ctype_c.o
        44         10         28          0          0         76   lc_numeric_c.o
         2          0          0          0          0          0   libinit.o
        30          0          0          0          0          0   libinit2.o
         2          0          0          0          0          0   libshutdown.o
         2          0          0          0          0          0   libshutdown2.o
         8          4          0          0         96         68   libspace.o
       138          0          0          0          0         80   lludiv10.o
        16          4          0          0          0         76   rt_ctype_table.o
         8          4          0          0          0         68   rt_locale_intlibspace.o
        78          0          0          0          0         80   rt_memclr_w.o
       100          0          0          0          0         80   rt_memcpy_w.o
         2          0          0          0          0          0   rtexit.o
        10          0          0          0          0          0   rtexit2.o
       128          0          0          0          0         68   strcmpv7m.o
        62          0          0          0          0         76   strlen.o
        12          4          0          0          0         68   sys_exit.o
        74          0          0          0          0         80   sys_stackheap_outer.o
         2          0          0          0          0         68   use_no_semi.o
        52          4          0          0          0         80   vsnprintf.o
         4          0          0          0          0         68   printf1.o
         4          0          0          0          0         68   printf2.o
         0          0          0          0          0          0   usenofp.o
        40          0          0          0          0         68   fpclassify.o

    ----------------------------------------------------------------------
      7024        266        552          0        100       4404   Library Totals
        14          0          1          0          4          0   (incl. Padding)

    ----------------------------------------------------------------------

      Code (inc. data)   RO Data    RW Data    ZI Data      Debug   Library Name

      6962        266        551          0         96       4200   c_w.l
         8          0          0          0          0        136   fz_ws.l
        40          0          0          0          0         68   m_ws.l

    ----------------------------------------------------------------------
      7024        266        552          0        100       4404   Library Totals

    ----------------------------------------------------------------------

==============================================================================


      Code (inc. data)   RO Data    RW Data    ZI Data      Debug   

     16152        878        900        132       6044     630371   Grand Totals
     16152        878        900        132       6044     630371   ELF Image Totals
     16152        878        900        132          0          0   ROM Totals

==============================================================================

    Total RO  Size (Code + RO Data)                17052 (  16.65kB)
    Total RW  Size (RW Data + ZI Data)              6176 (   6.03kB)
    Total ROM Size (Code + RO Data + RW Data)      17184 (  16.78kB)

==============================================================================

