<html>
<body>
<pre>
<h1>µVision Build Log</h1>
<h2>Tool Versions:</h2>
IDE-Version: µVision V5.30.0.0
Copyright (C) 2020 ARM Ltd and ARM Germany GmbH. All rights reserved.
License Information: hgf khiemdeptrai246@outlook.com, ghfg, LIC=21E4T-R167I-TGC7T-RV018-7VGY3-EG1MP
 
Tool Versions:
Toolchain:       MDK-ARM Plus  Version: 5.30.0.0
Toolchain Path:  C:\Keil_v5\ARM\ARMCC\Bin
C Compiler:      Armcc.exe V5.06 update 6 (build 750)
Assembler:       Armasm.exe V5.06 update 6 (build 750)
Linker/Locator:  ArmLink.exe V5.06 update 6 (build 750)
Library Manager: ArmAr.exe V5.06 update 6 (build 750)
Hex Converter:   FromElf.exe V5.06 update 6 (build 750)
CPU DLL:         SARMCM3.DLL V5.30.0.0
Dialog DLL:      DCM.DLL V1.17.3.0
Target DLL:      STLink\ST-LINKIII-KEIL_SWO.dll V3.0.7.0
Dialog DLL:      TCM.DLL V1.42.0.0
 
<h2>Project:</h2>
C:\Users\khiem\Documents\stm32f1 test\final\MDK-ARM\final.uvprojx
Project File Date:  12/17/2025

<h2>Output:</h2>
*** Using Compiler 'V5.06 update 6 (build 750)', folder: 'C:\Keil_v5\ARM\ARMCC\Bin'
Build target 'final'
compiling main.c...
../mylib/fonts.h(17): warning:  #1-D: last line of file ends without a newline
  #endif 
../mylib/ST7735.h(35): warning:  #1-D: last line of file ends without a newline
  #endif
../mylib/DS3231.h(21): warning:  #1-D: last line of file ends without a newline
  #endif
../Core/Src/main.c(235): warning:  #188-D: enumerated type mixed with another type
  	  osThreadDef(Task02, StartTask02, 2, 0, 128);
../Core/Src/main.c(238): warning:  #188-D: enumerated type mixed with another type
  	  osThreadDef(Task03, StartTask03, 1, 0, 2024);
../Core/Src/main.c(683): warning:  #223-D: function "ST7735_DrawString" declared implicitly
      ST7735_DrawString(0, y_pos, "CAN MONITOR", Font_7x10, 0xFFFF, 0x0000);
../Core/Src/main.c: 6 warnings, 0 errors
linking...
Program Size: Code=33174 RO-data=3126 RW-data=216 ZI-data=20224  
FromELF: creating hex file...
"final\final.axf" - 0 Error(s), 6 Warning(s).

<h2>Software Packages used:</h2>

Package Vendor: ARM
                http://www.keil.com/pack/ARM.CMSIS.5.7.0.pack
                ARM.CMSIS.5.7.0
                CMSIS (Cortex Microcontroller Software Interface Standard)
   * Component: CORE Version: 5.4.0

Package Vendor: Keil
                http://www.keil.com/pack/Keil.STM32F1xx_DFP.2.3.0.pack
                Keil.STM32F1xx_DFP.2.3.0
                STMicroelectronics STM32F1 Series Device Support, Drivers and Examples

<h2>Collection of Component include folders:</h2>
  .\RTE\_final
  C:\Users\khiem\AppData\Local\Arm\Packs\ARM\CMSIS\5.7.0\CMSIS\Core\Include
  C:\Users\khiem\AppData\Local\Arm\Packs\Keil\STM32F1xx_DFP\2.3.0\Device\Include

<h2>Collection of Component Files used:</h2>

   * Component: ARM::CMSIS:CORE:5.4.0
      Include file:  CMSIS\Core\Include\tz_context.h
Build Time Elapsed:  00:00:02
</pre>
</body>
</html>
