Component: ARM Compiler 5.06 update 6 (build 750) Tool: armlink [4d35ed]

==============================================================================

Section Cross References

    startup_stm32f103xb.o(STACK) refers (Special) to heapauxi.o(.text) for __use_two_region_memory
    startup_stm32f103xb.o(HEAP) refers (Special) to heapauxi.o(.text) for __use_two_region_memory
    startup_stm32f103xb.o(RESET) refers (Special) to heapauxi.o(.text) for __use_two_region_memory
    startup_stm32f103xb.o(RESET) refers to startup_stm32f103xb.o(STACK) for __initial_sp
    startup_stm32f103xb.o(RESET) refers to startup_stm32f103xb.o(.text) for Reset_Handler
    startup_stm32f103xb.o(RESET) refers to stm32f1xx_it.o(i.NMI_Handler) for NMI_Handler
    startup_stm32f103xb.o(RESET) refers to stm32f1xx_it.o(i.HardFault_Handler) for HardFault_Handler
    startup_stm32f103xb.o(RESET) refers to stm32f1xx_it.o(i.MemManage_Handler) for MemManage_Handler
    startup_stm32f103xb.o(RESET) refers to stm32f1xx_it.o(i.BusFault_Handler) for BusFault_Handler
    startup_stm32f103xb.o(RESET) refers to stm32f1xx_it.o(i.UsageFault_Handler) for UsageFault_Handler
    startup_stm32f103xb.o(RESET) refers to port.o(.emb_text) for SVC_Handler
    startup_stm32f103xb.o(RESET) refers to stm32f1xx_it.o(i.DebugMon_Handler) for DebugMon_Handler
    startup_stm32f103xb.o(RESET) refers to port.o(i.SysTick_Handler) for SysTick_Handler
    startup_stm32f103xb.o(RESET) refers to stm32f1xx_it.o(i.TIM4_IRQHandler) for TIM4_IRQHandler
    startup_stm32f103xb.o(.text) refers (Special) to heapauxi.o(.text) for __use_two_region_memory
    startup_stm32f103xb.o(.text) refers to system_stm32f1xx.o(i.SystemInit) for SystemInit
    startup_stm32f103xb.o(.text) refers to __main.o(!!!main) for __main
    startup_stm32f103xb.o(.text) refers to startup_stm32f103xb.o(HEAP) for Heap_Mem
    startup_stm32f103xb.o(.text) refers to startup_stm32f103xb.o(STACK) for Stack_Mem
    ds3231.o(i.RTC_Read) refers to stm32f1xx_hal_i2c.o(i.HAL_I2C_Master_Transmit) for HAL_I2C_Master_Transmit
    ds3231.o(i.RTC_Read) refers to stm32f1xx_hal_i2c.o(i.HAL_I2C_Master_Receive) for HAL_I2C_Master_Receive
    ds3231.o(i.RTC_Read) refers to ds3231.o(i.BCD2Decimal) for BCD2Decimal
    ds3231.o(i.RTC_Read) refers to main.o(.bss) for hi2c1
    ds3231.o(i.RTC_Write) refers to ds3231.o(i.Decimal2BCD) for Decimal2BCD
    ds3231.o(i.RTC_Write) refers to stm32f1xx_hal_i2c.o(i.HAL_I2C_Master_Transmit) for HAL_I2C_Master_Transmit
    ds3231.o(i.RTC_Write) refers to main.o(.bss) for hi2c1
    fonts.o(.data) refers to fonts.o(.constdata) for Font7x10
    fonts.o(.data) refers to fonts.o(.constdata) for Font11x18
    fonts.o(.data) refers to fonts.o(.constdata) for Font16x26
    st7735.o(i.ST7735_DrawChar) refers to st7735.o(i.ST7735_DrawPixel) for ST7735_DrawPixel
    st7735.o(i.ST7735_DrawPixel) refers to st7735.o(i.ST7735_SetWindow) for ST7735_SetWindow
    st7735.o(i.ST7735_DrawPixel) refers to st7735.o(i.ST7735_WriteCommand) for ST7735_WriteCommand
    st7735.o(i.ST7735_DrawPixel) refers to st7735.o(i.ST7735_WriteData) for ST7735_WriteData
    st7735.o(i.ST7735_DrawString) refers to st7735.o(i.ST7735_DrawChar) for ST7735_DrawChar
    st7735.o(i.ST7735_FillScreen) refers to st7735.o(i.ST7735_WriteCommand) for ST7735_WriteCommand
    st7735.o(i.ST7735_FillScreen) refers to st7735.o(i.ST7735_WriteData) for ST7735_WriteData
    st7735.o(i.ST7735_Init) refers to stm32f1xx_hal_gpio.o(i.HAL_GPIO_WritePin) for HAL_GPIO_WritePin
    st7735.o(i.ST7735_Init) refers to stm32f1xx_hal.o(i.HAL_Delay) for HAL_Delay
    st7735.o(i.ST7735_Init) refers to st7735.o(i.ST7735_WriteCommand) for ST7735_WriteCommand
    st7735.o(i.ST7735_Init) refers to st7735.o(i.ST7735_WriteData) for ST7735_WriteData
    st7735.o(i.ST7735_Init) refers to st7735.o(i.ST7735_SetWindow) for ST7735_SetWindow
    st7735.o(i.ST7735_Init) refers to st7735.o(.constdata) for .constdata
    st7735.o(i.ST7735_SetWindow) refers to st7735.o(i.ST7735_WriteCommand) for ST7735_WriteCommand
    st7735.o(i.ST7735_SetWindow) refers to st7735.o(i.ST7735_WriteData) for ST7735_WriteData
    st7735.o(i.ST7735_WriteCommand) refers to stm32f1xx_hal_gpio.o(i.HAL_GPIO_WritePin) for HAL_GPIO_WritePin
    st7735.o(i.ST7735_WriteCommand) refers to stm32f1xx_hal_spi.o(i.HAL_SPI_Transmit) for HAL_SPI_Transmit
    st7735.o(i.ST7735_WriteCommand) refers to main.o(.bss) for hspi1
    st7735.o(i.ST7735_WriteData) refers to stm32f1xx_hal_gpio.o(i.HAL_GPIO_WritePin) for HAL_GPIO_WritePin
    st7735.o(i.ST7735_WriteData) refers to stm32f1xx_hal_spi.o(i.HAL_SPI_Transmit) for HAL_SPI_Transmit
    st7735.o(i.ST7735_WriteData) refers to main.o(.bss) for hspi1
    main.o(i.HAL_CAN_RxFifo0MsgPendingCallback) refers to stm32f1xx_hal_can.o(i.HAL_CAN_GetRxMessage) for HAL_CAN_GetRxMessage
    main.o(i.HAL_CAN_RxFifo0MsgPendingCallback) refers to stm32f1xx_hal_gpio.o(i.HAL_GPIO_TogglePin) for HAL_GPIO_TogglePin
[...]
    __rt_lib_init_signal_1                   0x0800020f   Thumb Code     0  libinit2.o(.ARM.Collect$$libinit$$0000001D)
    __rt_lib_init_stdio_1                    0x0800020f   Thumb Code     0  libinit2.o(.ARM.Collect$$libinit$$00000025)
    __rt_lib_shutdown                        0x08000211   Thumb Code     0  libshutdown.o(.ARM.Collect$$libshutdown$$00000000)
    __rt_lib_shutdown_cpp_1                  0x08000213   Thumb Code     0  libshutdown2.o(.ARM.Collect$$libshutdown$$00000002)
    __rt_lib_shutdown_fp_trap_1              0x08000213   Thumb Code     0  libshutdown2.o(.ARM.Collect$$libshutdown$$00000007)
    __rt_lib_shutdown_heap_1                 0x08000213   Thumb Code     0  libshutdown2.o(.ARM.Collect$$libshutdown$$0000000F)
    __rt_lib_shutdown_return                 0x08000213   Thumb Code     0  libshutdown2.o(.ARM.Collect$$libshutdown$$00000010)
    __rt_lib_shutdown_signal_1               0x08000213   Thumb Code     0  libshutdown2.o(.ARM.Collect$$libshutdown$$0000000A)
    __rt_lib_shutdown_stdio_1                0x08000213   Thumb Code     0  libshutdown2.o(.ARM.Collect$$libshutdown$$00000004)
    __rt_lib_shutdown_user_alloc_1           0x08000213   Thumb Code     0  libshutdown2.o(.ARM.Collect$$libshutdown$$0000000C)
    __rt_entry                               0x08000215   Thumb Code     0  __rtentry.o(.ARM.Collect$$rtentry$$00000000)
    __rt_entry_presh_1                       0x08000215   Thumb Code     0  __rtentry2.o(.ARM.Collect$$rtentry$$00000002)
    __rt_entry_sh                            0x08000215   Thumb Code     0  __rtentry4.o(.ARM.Collect$$rtentry$$00000004)
    __rt_entry_li                            0x0800021b   Thumb Code     0  __rtentry2.o(.ARM.Collect$$rtentry$$0000000A)
    __rt_entry_postsh_1                      0x0800021b   Thumb Code     0  __rtentry2.o(.ARM.Collect$$rtentry$$00000009)
    __rt_entry_main                          0x0800021f   Thumb Code     0  __rtentry2.o(.ARM.Collect$$rtentry$$0000000D)
    __rt_entry_postli_1                      0x0800021f   Thumb Code     0  __rtentry2.o(.ARM.Collect$$rtentry$$0000000C)
    __rt_exit                                0x08000227   Thumb Code     0  rtexit.o(.ARM.Collect$$rtexit$$00000000)
    __rt_exit_ls                             0x08000229   Thumb Code     0  rtexit2.o(.ARM.Collect$$rtexit$$00000003)
    __rt_exit_prels_1                        0x08000229   Thumb Code     0  rtexit2.o(.ARM.Collect$$rtexit$$00000002)
    __rt_exit_exit                           0x0800022d   Thumb Code     0  rtexit2.o(.ARM.Collect$$rtexit$$00000004)
    SVC_Handler                              0x08000235   Thumb Code    32  port.o(.emb_text)
    __asm___6_port_c_39a90d8d__prvStartFirstTask 0x08000259   Thumb Code    28  port.o(.emb_text)
    PendSV_Handler                           0x08000279   Thumb Code    72  port.o(.emb_text)
    vPortGetIPSR                             0x080002c5   Thumb Code     6  port.o(.emb_text)
    Reset_Handler                            0x080002cd   Thumb Code     8  startup_stm32f103xb.o(.text)
    ADC1_2_IRQHandler                        0x080002e7   Thumb Code     0  startup_stm32f103xb.o(.text)
    CAN1_RX1_IRQHandler                      0x080002e7   Thumb Code     0  startup_stm32f103xb.o(.text)
    CAN1_SCE_IRQHandler                      0x080002e7   Thumb Code     0  startup_stm32f103xb.o(.text)
    DMA1_Channel1_IRQHandler                 0x080002e7   Thumb Code     0  startup_stm32f103xb.o(.text)
    DMA1_Channel2_IRQHandler                 0x080002e7   Thumb Code     0  startup_stm32f103xb.o(.text)
    DMA1_Channel3_IRQHandler                 0x080002e7   Thumb Code     0  startup_stm32f103xb.o(.text)
    DMA1_Channel4_IRQHandler                 0x080002e7   Thumb Code     0  startup_stm32f103xb.o(.text)
    DMA1_Channel5_IRQHandler                 0x080002e7   Thumb Code     0  startup_stm32f103xb.o(.text)
    DMA1_Channel6_IRQHandler                 0x080002e7   Thumb Code     0  startup_stm32f103xb.o(.text)
    DMA1_Channel7_IRQHandler                 0x080002e7   Thumb Code     0  startup_stm32f103xb.o(.text)
    EXTI0_IRQHandler                         0x080002e7   Thumb Code     0  startup_stm32f103xb.o(.text)
    EXTI15_10_IRQHandler                     0x080002e7   Thumb Code     0  startup_stm32f103xb.o(.text)
    EXTI1_IRQHandler                         0x080002e7   Thumb Code     0  startup_stm32f103xb.o(.text)
    EXTI2_IRQHandler                         0x080002e7   Thumb Code     0  startup_stm32f103xb.o(.text)
    EXTI3_IRQHandler                         0x080002e7   Thumb Code     0  startup_stm32f103xb.o(.text)
    EXTI4_IRQHandler                         0x080002e7   Thumb Code     0  startup_stm32f103xb.o(.text)
    EXTI9_5_IRQHandler                       0x080002e7   Thumb Code     0  startup_stm32f103xb.o(.text)
    FLASH_IRQHandler                         0x080002e7   Thumb Code     0  startup_stm32f103xb.o(.text)
    I2C1_ER_IRQHandler                       0x080002e7   Thumb Code     0  startup_stm32f103xb.o(.text)
    I2C1_EV_IRQHandler                       0x080002e7   Thumb Code     0  startup_stm32f103xb.o(.text)
    I2C2_ER_IRQHandler                       0x080002e7   Thumb Code     0  startup_stm32f103xb.o(.text)
    I2C2_EV_IRQHandler                       0x080002e7   Thumb Code     0  startup_stm32f103xb.o(.text)
    PVD_IRQHandler                           0x080002e7   Thumb Code     0  startup_stm32f103xb.o(.text)
    RCC_IRQHandler                           0x080002e7   Thumb Code     0  startup_stm32f103xb.o(.text)
    RTC_Alarm_IRQHandler                     0x080002e7   Thumb Code     0  startup_stm32f103xb.o(.text)
    RTC_IRQHandler                           0x080002e7   Thumb Code     0  startup_stm32f103xb.o(.text)
    SPI1_IRQHandler                          0x080002e7   Thumb Code     0  startup_stm32f103xb.o(.text)
    SPI2_IRQHandler                          0x080002e7   Thumb Code     0  startup_stm32f103xb.o(.text)
    TAMPER_IRQHandler                        0x080002e7   Thumb Code     0  startup_stm32f103xb.o(.text)
    TIM1_BRK_IRQHandler                      0x080002e7   Thumb Code     0  startup_stm32f103xb.o(.text)
    TIM1_CC_IRQHandler                       0x080002e7   Thumb Code     0  startup_stm32f103xb.o(.text)
    TIM1_TRG_COM_IRQHandler                  0x080002e7   Thumb Code     0  startup_stm32f103xb.o(.text)
    TIM1_UP_IRQHandler                       0x080002e7   Thumb Code     0  startup_stm32f103xb.o(.text)
    TIM2_IRQHandler                          0x080002e7   Thumb Code     0  startup_stm32f103xb.o(.text)
    TIM3_IRQHandler                          0x080002e7   Thumb Code     0  startup_stm32f103xb.o(.text)
    USART1_IRQHandler                        0x080002e7   Thumb Code     0  startup_stm32f103xb.o(.text)
    USART2_IRQHandler                        0x080002e7   Thumb Code     0  startup_stm32f103xb.o(.text)
    USART3_IRQHandler                        0x080002e7   Thumb Code     0  startup_stm32f103xb.o(.text)
    USBWakeUp_IRQHandler                     0x080002e7   Thumb Code     0  startup_stm32f103xb.o(.text)
    USB_HP_CAN1_TX_IRQHandler                0x080002e7   Thumb Code     0  startup_stm32f103xb.o(.text)
    USB_LP_CAN1_RX0_IRQHandler               0x080002e7   Thumb Code     0  startup_stm32f103xb.o(.text)
    WWDG_IRQHandler                          0x080002e7   Thumb Code     0  startup_stm32f103xb.o(.text)
    __user_initial_stackheap                 0x080002e9   Thumb Code     0  startup_stm32f103xb.o(.text)
    vsnprintf                                0x0800030d   Thumb Code    48  vsnprintf.o(.text)
    __2sprintf                               0x08000341   Thumb Code    38  __2sprintf.o(.text)
    _printf_pre_padding                      0x0800036d   Thumb Code    44  _printf_pad.o(.text)
    _printf_post_padding                     0x08000399   Thumb Code    34  _printf_pad.o(.text)
    _printf_int_dec                          0x080003bd   Thumb Code   104  _printf_dec.o(.text)
    __printf                                 0x08000435   Thumb Code   388  __printf_flags_ss_wp.o(.text)
    strlen                                   0x080005bd   Thumb Code    62  strlen.o(.text)
    __aeabi_memcpy                           0x080005fb   Thumb Code     0  rt_memcpy_v6.o(.text)
    __rt_memcpy                              0x080005fb   Thumb Code   138  rt_memcpy_v6.o(.text)
    _memcpy_lastbytes                        0x08000661   Thumb Code     0  rt_memcpy_v6.o(.text)
    __aeabi_memcpy4                          0x08000685   Thumb Code     0  rt_memcpy_w.o(.text)
    __aeabi_memcpy8                          0x08000685   Thumb Code     0  rt_memcpy_w.o(.text)
    __rt_memcpy_w                            0x08000685   Thumb Code   100  rt_memcpy_w.o(.text)
    _memcpy_lastbytes_aligned                0x080006cd   Thumb Code     0  rt_memcpy_w.o(.text)
    __aeabi_memclr4                          0x080006e9   Thumb Code     0  rt_memclr_w.o(.text)
    __aeabi_memclr8                          0x080006e9   Thumb Code     0  rt_memclr_w.o(.text)
    __rt_memclr_w                            0x080006e9   Thumb Code    78  rt_memclr_w.o(.text)
    _memset_w                                0x080006ed   Thumb Code     0  rt_memclr_w.o(.text)
    __use_two_region_memory                  0x08000737   Thumb Code     2  heapauxi.o(.text)
    __rt_heap_escrow$2region                 0x08000739   Thumb Code     2  heapauxi.o(.text)
    __rt_heap_expand$2region                 0x0800073b   Thumb Code     2  heapauxi.o(.text)
    _printf_truncate_signed                  0x0800073d   Thumb Code    18  _printf_truncate.o(.text)
    _printf_truncate_unsigned                0x0800074f   Thumb Code    18  _printf_truncate.o(.text)
    _printf_str                              0x08000761   Thumb Code    82  _printf_str.o(.text)
    _printf_int_common                       0x080007b3   Thumb Code   178  _printf_intcommon.o(.text)
    _printf_charcount                        0x08000865   Thumb Code    40  _printf_charcount.o(.text)
    __lib_sel_fp_printf                      0x0800088d   Thumb Code     2  _printf_fp_dec.o(.text)
    _printf_fp_dec_real                      0x08000a3f   Thumb Code   620  _printf_fp_dec.o(.text)
    _printf_char_common                      0x08000cb7   Thumb Code    32  _printf_char_common.o(.text)
    _sputc                                   0x08000cdd   Thumb Code    10  _sputc.o(.text)
    _snputc                                  0x08000ce7   Thumb Code    16  _snputc.o(.text)
    _printf_wctomb                           0x08000cf9   Thumb Code   182  _printf_wctomb.o(.text)
    _printf_longlong_dec                     0x08000db5   Thumb Code   108  _printf_longlong_dec.o(.text)
    _printf_longlong_oct                     0x08000e31   Thumb Code    66  _printf_oct_int_ll.o(.text)
    _printf_int_oct                          0x08000e73   Thumb Code    24  _printf_oct_int_ll.o(.text)
    _printf_ll_oct                           0x08000e8b   Thumb Code    12  _printf_oct_int_ll.o(.text)
    _printf_longlong_hex                     0x08000ea1   Thumb Code    86  _printf_hex_int_ll_ptr.o(.text)
    _printf_int_hex                          0x08000ef7   Thumb Code    28  _printf_hex_int_ll_ptr.o(.text)
    _printf_ll_hex                           0x08000f13   Thumb Code    12  _printf_hex_int_ll_ptr.o(.text)
    _printf_hex_ptr                          0x08000f1f   Thumb Code    18  _printf_hex_int_ll_ptr.o(.text)
    __rt_locale                              0x08000f35   Thumb Code     8  rt_locale_intlibspace.o(.text)
    _ll_udiv10                               0x08000f3d   Thumb Code   138  lludiv10.o(.text)
    _printf_fp_hex_real                      0x08000fc9   Thumb Code   756  _printf_fp_hex.o(.text)
    _printf_fp_infnan                        0x080012c5   Thumb Code   112  _printf_fp_infnan.o(.text)
    _printf_cs_common                        0x08001345   Thumb Code    20  _printf_char.o(.text)
    _printf_char                             0x08001359   Thumb Code    16  _printf_char.o(.text)
    _printf_string                           0x08001369   Thumb Code     8  _printf_char.o(.text)
    _printf_lcs_common                       0x08001371   Thumb Code    20  _printf_wchar.o(.text)
    _printf_wchar                            0x08001385   Thumb Code    16  _printf_wchar.o(.text)
    _printf_wstring                          0x08001395   Thumb Code     8  _printf_wchar.o(.text)
    _btod_etento                             0x0800139d   Thumb Code   224  bigflt0.o(.text)
    _wcrtomb                                 0x08001481   Thumb Code    64  _wcrtomb.o(.text)
    __user_libspace                          0x080014c1   Thumb Code     8  libspace.o(.text)
    __user_perproc_libspace                  0x080014c1   Thumb Code     0  libspace.o(.text)
    __user_perthread_libspace                0x080014c1   Thumb Code     0  libspace.o(.text)
    __user_setup_stackheap                   0x080014c9   Thumb Code    74  sys_stackheap_outer.o(.text)
    __rt_ctype_table                         0x08001515   Thumb Code    16  rt_ctype_table.o(.text)
    exit                                     0x08001525   Thumb Code    18  exit.o(.text)
    strcmp                                   0x08001539   Thumb Code   128  strcmpv7m.o(.text)
    _sys_exit                                0x080015b9   Thumb Code     8  sys_exit.o(.text)
    __I$use$semihosting                      0x080015c5   Thumb Code     0  use_no_semi.o(.text)
    __use_no_semihosting_swi                 0x080015c5   Thumb Code     2  use_no_semi.o(.text)
    __semihosting_library_function           0x080015c7   Thumb Code     0  indicate_semi.o(.text)
    _btod_d2e                                0x080015c7   Thumb Code    62  btod.o(CL$$btod_d2e)
    _d2e_denorm_low                          0x08001605   Thumb Code    70  btod.o(CL$$btod_d2e_denorm_low)
    _d2e_norm_op1                            0x0800164b   Thumb Code    96  btod.o(CL$$btod_d2e_norm_op1)
    __btod_div_common                        0x080016ab   Thumb Code   696  btod.o(CL$$btod_div_common)
    _e2e                                     0x080019e3   Thumb Code   220  btod.o(CL$$btod_e2e)
    _btod_ediv                               0x08001abf   Thumb Code    42  btod.o(CL$$btod_ediv)
    _btod_emul                               0x08001ae9   Thumb Code    42  btod.o(CL$$btod_emul)
    __btod_mult_common                       0x08001b13   Thumb Code   580  btod.o(CL$$btod_mult_common)
    BCD2Decimal                              0x08001d57   Thumb Code    18  ds3231.o(i.BCD2Decimal)
    BusFault_Handler                         0x08001d69   Thumb Code     2  stm32f1xx_it.o(i.BusFault_Handler)
    DebugMon_Handler                         0x08001d6b   Thumb Code     2  stm32f1xx_it.o(i.DebugMon_Handler)
    FATFS_LinkDriver                         0x08001d6d   Thumb Code     6  ff_gen_drv.o(i.FATFS_LinkDriver)
    FATFS_LinkDriverEx                       0x08001d75   Thumb Code    60  ff_gen_drv.o(i.FATFS_LinkDriverEx)
    HAL_CAN_ConfigFilter                     0x08001db5   Thumb Code   238  stm32f1xx_hal_can.o(i.HAL_CAN_ConfigFilter)
    HAL_CAN_GetRxFifoFillLevel               0x08001ea5   Thumb Code    34  stm32f1xx_hal_can.o(i.HAL_CAN_GetRxFifoFillLevel)
    HAL_CAN_GetRxMessage                     0x08001ec7   Thumb Code   244  stm32f1xx_hal_can.o(i.HAL_CAN_GetRxMessage)
    HAL_CAN_Init                             0x08001fbb   Thumb Code   282  stm32f1xx_hal_can.o(i.HAL_CAN_Init)
    HAL_CAN_MspInit                          0x080020d5   Thumb Code    96  stm32f1xx_hal_msp.o(i.HAL_CAN_MspInit)
    HAL_CAN_Start                            0x08002141   Thumb Code    88  stm32f1xx_hal_can.o(i.HAL_CAN_Start)
    HAL_Delay                                0x08002199   Thumb Code    32  stm32f1xx_hal.o(i.HAL_Delay)
    HAL_GPIO_Init                            0x080021bd   Thumb Code   446  stm32f1xx_hal_gpio.o(i.HAL_GPIO_Init)
    HAL_GPIO_TogglePin                       0x0800239d   Thumb Code    16  stm32f1xx_hal_gpio.o(i.HAL_GPIO_TogglePin)
    HAL_GPIO_WritePin                        0x080023ad   Thumb Code    10  stm32f1xx_hal_gpio.o(i.HAL_GPIO_WritePin)
    HAL_GetTick                              0x080023b9   Thumb Code     6  stm32f1xx_hal.o(i.HAL_GetTick)
    HAL_I2C_Init                             0x080023c5   Thumb Code   376  stm32f1xx_hal_i2c.o(i.HAL_I2C_Init)
    HAL_I2C_Master_Receive                   0x0800254d   Thumb Code   576  stm32f1xx_hal_i2c.o(i.HAL_I2C_Master_Receive)
    HAL_I2C_Master_Transmit                  0x0800279d   Thumb Code   290  stm32f1xx_hal_i2c.o(i.HAL_I2C_Master_Transmit)
    HAL_I2C_MspInit                          0x080028c9   Thumb Code    80  stm32f1xx_hal_msp.o(i.HAL_I2C_MspInit)
    HAL_IncTick                              0x08002925   Thumb Code    12  stm32f1xx_hal.o(i.HAL_IncTick)
    HAL_Init                                 0x08002935   Thumb Code    32  stm32f1xx_hal.o(i.HAL_Init)
    HAL_InitTick                             0x08002959   Thumb Code   132  stm32f1xx_hal_timebase_tim.o(i.HAL_InitTick)
    HAL_MspInit                              0x080029f1   Thumb Code    62  stm32f1xx_hal_msp.o(i.HAL_MspInit)
    HAL_NVIC_EnableIRQ                       0x08002a39   Thumb Code    26  stm32f1xx_hal_cortex.o(i.HAL_NVIC_EnableIRQ)
    HAL_NVIC_SetPriority                     0x08002a55   Thumb Code    60  stm32f1xx_hal_cortex.o(i.HAL_NVIC_SetPriority)
    HAL_NVIC_SetPriorityGrouping             0x08002a95   Thumb Code    26  stm32f1xx_hal_cortex.o(i.HAL_NVIC_SetPriorityGrouping)
    HAL_RCC_ClockConfig                      0x08002ab9   Thumb Code   280  stm32f1xx_hal_rcc.o(i.HAL_RCC_ClockConfig)
    HAL_RCC_GetClockConfig                   0x08002be5   Thumb Code    54  stm32f1xx_hal_rcc.o(i.HAL_RCC_GetClockConfig)
    HAL_RCC_GetPCLK1Freq                     0x08002c25   Thumb Code    20  stm32f1xx_hal_rcc.o(i.HAL_RCC_GetPCLK1Freq)
    HAL_RCC_GetPCLK2Freq                     0x08002c45   Thumb Code    20  stm32f1xx_hal_rcc.o(i.HAL_RCC_GetPCLK2Freq)
    HAL_RCC_GetSysClockFreq                  0x08002c65   Thumb Code    58  stm32f1xx_hal_rcc.o(i.HAL_RCC_GetSysClockFreq)
    HAL_RCC_OscConfig                        0x08002cb1   Thumb Code   778  stm32f1xx_hal_rcc.o(i.HAL_RCC_OscConfig)
    HAL_SPI_Init                             0x08002fd1   Thumb Code   178  stm32f1xx_hal_spi.o(i.HAL_SPI_Init)
    HAL_SPI_MspInit                          0x08003085   Thumb Code   154  stm32f1xx_hal_msp.o(i.HAL_SPI_MspInit)
    HAL_SPI_Receive                          0x08003135   Thumb Code   340  stm32f1xx_hal_spi.o(i.HAL_SPI_Receive)
    HAL_SPI_Transmit                         0x08003289   Thumb Code   358  stm32f1xx_hal_spi.o(i.HAL_SPI_Transmit)
    HAL_SPI_TransmitReceive                  0x080033ef   Thumb Code   496  stm32f1xx_hal_spi.o(i.HAL_SPI_TransmitReceive)
    HAL_TIMEx_BreakCallback                  0x080035df   Thumb Code     2  stm32f1xx_hal_tim_ex.o(i.HAL_TIMEx_BreakCallback)
    HAL_TIMEx_CommutCallback                 0x080035e1   Thumb Code     2  stm32f1xx_hal_tim_ex.o(i.HAL_TIMEx_CommutCallback)
    HAL_TIM_Base_Init                        0x080035e3   Thumb Code    90  stm32f1xx_hal_tim.o(i.HAL_TIM_Base_Init)
    HAL_TIM_Base_MspInit                     0x0800363d   Thumb Code     2  stm32f1xx_hal_tim.o(i.HAL_TIM_Base_MspInit)
    HAL_TIM_Base_Start_IT                    0x08003641   Thumb Code    76  stm32f1xx_hal_tim.o(i.HAL_TIM_Base_Start_IT)
    HAL_TIM_IC_CaptureCallback               0x08003699   Thumb Code     2  stm32f1xx_hal_tim.o(i.HAL_TIM_IC_CaptureCallback)
    HAL_TIM_IRQHandler                       0x0800369b   Thumb Code   304  stm32f1xx_hal_tim.o(i.HAL_TIM_IRQHandler)
    HAL_TIM_OC_DelayElapsedCallback          0x080037cb   Thumb Code     2  stm32f1xx_hal_tim.o(i.HAL_TIM_OC_DelayElapsedCallback)
    HAL_TIM_PWM_PulseFinishedCallback        0x080037cd   Thumb Code     2  stm32f1xx_hal_tim.o(i.HAL_TIM_PWM_PulseFinishedCallback)
    HAL_TIM_PeriodElapsedCallback            0x080037d1   Thumb Code    14  main.o(i.HAL_TIM_PeriodElapsedCallback)
    HAL_TIM_TriggerCallback                  0x080037e5   Thumb Code     2  stm32f1xx_hal_tim.o(i.HAL_TIM_TriggerCallback)
    HAL_UART_Init                            0x080037e7   Thumb Code   100  stm32f1xx_hal_uart.o(i.HAL_UART_Init)
    HAL_UART_MspInit                         0x0800384d   Thumb Code   220  stm32f1xx_hal_msp.o(i.HAL_UART_MspInit)
    HAL_UART_Transmit                        0x08003941   Thumb Code   160  stm32f1xx_hal_uart.o(i.HAL_UART_Transmit)
    HardFault_Handler                        0x080039e1   Thumb Code     2  stm32f1xx_it.o(i.HardFault_Handler)
    MX_FATFS_Init                            0x08003e45   Thumb Code    18  fatfs.o(i.MX_FATFS_Init)
    MemManage_Handler                        0x08003fd9   Thumb Code     2  stm32f1xx_it.o(i.MemManage_Handler)
    NMI_Handler                              0x08003fdb   Thumb Code     2  stm32f1xx_it.o(i.NMI_Handler)
    RTC_Init                                 0x08003fdd   Thumb Code    30  ds3231.o(i.RTC_Init)
    RTC_Read                                 0x08003ffd   Thumb Code   120  ds3231.o(i.RTC_Read)
    SIM_SendCommand                          0x08004219   Thumb Code    46  main.o(i.SIM_SendCommand)
    ST7735_DrawChar                          0x080043cd   Thumb Code   100  st7735.o(i.ST7735_DrawChar)
    ST7735_DrawPixel                         0x08004431   Thumb Code    48  st7735.o(i.ST7735_DrawPixel)
    ST7735_DrawString                        0x08004461   Thumb Code    58  st7735.o(i.ST7735_DrawString)
    ST7735_FillScreen                        0x0800449b   Thumb Code    42  st7735.o(i.ST7735_FillScreen)
    ST7735_Init                              0x080044c5   Thumb Code   166  st7735.o(i.ST7735_Init)
    ST7735_SetWindow                         0x08004575   Thumb Code    76  st7735.o(i.ST7735_SetWindow)
    ST7735_WriteCommand                      0x080045c1   Thumb Code    50  st7735.o(i.ST7735_WriteCommand)
    ST7735_WriteData                         0x080045fd   Thumb Code    50  st7735.o(i.ST7735_WriteData)
    Send_Emergency_Alert                     0x08004639   Thumb Code   116  main.o(i.Send_Emergency_Alert)
    StartTask01                              0x08004715   Thumb Code   158  main.o(i.StartTask01)
    StartTask02                              0x08004835   Thumb Code   218  main.o(i.StartTask02)
    StartTask03                              0x08004979   Thumb Code   178  main.o(i.StartTask03)
    SysTick_Handler                          0x08004a91   Thumb Code    38  port.o(i.SysTick_Handler)
    SystemClock_Config                       0x08004abd   Thumb Code    94  main.o(i.SystemClock_Config)
    SystemInit                               0x08004b1b   Thumb Code     2  system_stm32f1xx.o(i.SystemInit)
    TIM4_IRQHandler                          0x08004b1d   Thumb Code     6  stm32f1xx_it.o(i.TIM4_IRQHandler)
    TIM_Base_SetConfig                       0x08004b29   Thumb Code   108  stm32f1xx_hal_tim.o(i.TIM_Base_SetConfig)
    USER_initialize                          0x08004d1d   Thumb Code   280  user_diskio.o(i.USER_initialize)
    USER_ioctl                               0x08004e3d   Thumb Code    40  user_diskio.o(i.USER_ioctl)
    USER_read                                0x08004e65   Thumb Code    42  user_diskio.o(i.USER_read)
    USER_status                              0x08004e8f   Thumb Code     4  user_diskio.o(i.USER_status)
    USER_write                               0x08004e93   Thumb Code    42  user_diskio.o(i.USER_write)
    UsageFault_Handler                       0x08004ebd   Thumb Code     2  stm32f1xx_it.o(i.UsageFault_Handler)
    __ARM_fpclassify                         0x08004ebf   Thumb Code    40  fpclassify.o(i.__ARM_fpclassify)
    _is_digit                                0x08004f07   Thumb Code    14  __printf_wp.o(i._is_digit)
    clust2sect                               0x0800502f   Thumb Code    30  ff.o(i.clust2sect)
    disk_initialize                          0x08005465   Thumb Code    36  diskio.o(i.disk_initialize)
    disk_ioctl                               0x0800548d   Thumb Code    24  diskio.o(i.disk_ioctl)
    disk_read                                0x080054a9   Thumb Code    24  diskio.o(i.disk_read)
    disk_status                              0x080054c5   Thumb Code    18  diskio.o(i.disk_status)
    disk_write                               0x080054dd   Thumb Code    24  diskio.o(i.disk_write)
    f_close                                  0x080054f9   Thumb Code    54  ff.o(i.f_close)
    f_lseek                                  0x08005531   Thumb Code   684  ff.o(i.f_lseek)
    f_mount                                  0x080057dd   Thumb Code   126  ff.o(i.f_mount)
    f_open                                   0x08005861   Thumb Code   420  ff.o(i.f_open)
    f_sync                                   0x08005a09   Thumb Code   210  ff.o(i.f_sync)
    f_write                                  0x08005add   Thumb Code   538  ff.o(i.f_write)
    ff_cre_syncobj                           0x08005cf7   Thumb Code    28  syscall.o(i.ff_cre_syncobj)
    ff_del_syncobj                           0x08005d13   Thumb Code    10  syscall.o(i.ff_del_syncobj)
    ff_rel_grant                             0x08005d1d   Thumb Code     4  syscall.o(i.ff_rel_grant)
    ff_req_grant                             0x08005d21   Thumb Code    20  syscall.o(i.ff_req_grant)
    get_fat                                  0x08006059   Thumb Code   194  ff.o(i.get_fat)
    get_fattime                              0x0800611b   Thumb Code     4  fatfs.o(i.get_fattime)
    mPrint                                   0x08006225   Thumb Code    44  main.o(i.mPrint)
    main                                     0x08006255   Thumb Code   344  main.o(i.main)
    osDelay                                  0x08006457   Thumb Code    14  cmsis_os.o(i.osDelay)
    osKernelStart                            0x08006465   Thumb Code    10  cmsis_os.o(i.osKernelStart)
    osSemaphoreCreate                        0x0800646f   Thumb Code    62  cmsis_os.o(i.osSemaphoreCreate)
    osSemaphoreDelete                        0x080064ad   Thumb Code    24  cmsis_os.o(i.osSemaphoreDelete)
    osSemaphoreRelease                       0x080064c5   Thumb Code    74  cmsis_os.o(i.osSemaphoreRelease)
    osSemaphoreWait                          0x08006515   Thumb Code    96  cmsis_os.o(i.osSemaphoreWait)
    osThreadCreate                           0x08006579   Thumb Code    84  cmsis_os.o(i.osThreadCreate)
    put_fat                                  0x08006bbb   Thumb Code   248  ff.o(i.put_fat)
    pvPortMalloc                             0x08006cb5   Thumb Code   216  heap_4.o(i.pvPortMalloc)
    pvTaskIncrementMutexHeldCount            0x08006d91   Thumb Code    18  tasks.o(i.pvTaskIncrementMutexHeldCount)
    pxPortInitialiseStack                    0x08006da9   Thumb Code    32  port.o(i.pxPortInitialiseStack)
    uxListRemove                             0x08006f7f   Thumb Code    38  list.o(i.uxListRemove)
    vApplicationGetIdleTaskMemory            0x08006fa5   Thumb Code    18  freertos.o(i.vApplicationGetIdleTaskMemory)
    vListInitialise                          0x08006fbd   Thumb Code    22  list.o(i.vListInitialise)
    vListInitialiseItem                      0x08006fd3   Thumb Code     6  list.o(i.vListInitialiseItem)
    vListInsert                              0x08006fd9   Thumb Code    48  list.o(i.vListInsert)
    vListInsertEnd                           0x08007009   Thumb Code    24  list.o(i.vListInsertEnd)
    vPortEnterCritical                       0x08007021   Thumb Code    54  port.o(i.vPortEnterCritical)
    vPortExitCritical                        0x08007061   Thumb Code    34  port.o(i.vPortExitCritical)
    vPortFree                                0x08007089   Thumb Code    94  heap_4.o(i.vPortFree)
    vPortSetupTimerInterrupt                 0x080070ed   Thumb Code    32  port.o(i.vPortSetupTimerInterrupt)
    vPortValidateInterruptPriority           0x08007111   Thumb Code    74  port.o(i.vPortValidateInterruptPriority)
    vQueueDelete                             0x08007165   Thumb Code    46  queue.o(i.vQueueDelete)
    vQueueUnregisterQueue                    0x08007195   Thumb Code    36  queue.o(i.vQueueUnregisterQueue)
    vTaskDelay                               0x080071bd   Thumb Code    66  tasks.o(i.vTaskDelay)
    vTaskInternalSetTimeOutState             0x08007209   Thumb Code    12  tasks.o(i.vTaskInternalSetTimeOutState)
    vTaskMissedYield                         0x08007219   Thumb Code     8  tasks.o(i.vTaskMissedYield)
    vTaskPlaceOnEventList                    0x08007225   Thumb Code    44  tasks.o(i.vTaskPlaceOnEventList)
    vTaskPriorityDisinheritAfterTimeout      0x08007255   Thumb Code   152  tasks.o(i.vTaskPriorityDisinheritAfterTimeout)
    vTaskStartScheduler                      0x080072f5   Thumb Code    90  tasks.o(i.vTaskStartScheduler)
    vTaskSuspendAll                          0x08007361   Thumb Code    10  tasks.o(i.vTaskSuspendAll)
    vTaskSwitchContext                       0x08007371   Thumb Code    82  tasks.o(i.vTaskSwitchContext)
    xPortGetFreeHeapSize                     0x0800740d   Thumb Code     6  heap_4.o(i.xPortGetFreeHeapSize)
    xPortStartScheduler                      0x08007419   Thumb Code   154  port.o(i.xPortStartScheduler)
    xQueueGenericCreate                      0x080074c1   Thumb Code    66  queue.o(i.xQueueGenericCreate)
    xQueueGenericCreateStatic                0x08007503   Thumb Code   102  queue.o(i.xQueueGenericCreateStatic)
    xQueueGenericReset                       0x08007569   Thumb Code   132  queue.o(i.xQueueGenericReset)
    xQueueGenericSend                        0x080075f1   Thumb Code   346  queue.o(i.xQueueGenericSend)
    xQueueGiveFromISR                        0x08007751   Thumb Code   156  queue.o(i.xQueueGiveFromISR)
    xQueueReceiveFromISR                     0x080077ed   Thumb Code   154  queue.o(i.xQueueReceiveFromISR)
    xQueueSemaphoreTake                      0x08007889   Thumb Code   372  queue.o(i.xQueueSemaphoreTake)
    xTaskCheckForTimeOut                     0x08007a01   Thumb Code   112  tasks.o(i.xTaskCheckForTimeOut)
    xTaskCreate                              0x08007a75   Thumb Code    90  tasks.o(i.xTaskCreate)
    xTaskCreateStatic                        0x08007acf   Thumb Code    86  tasks.o(i.xTaskCreateStatic)
    xTaskGetSchedulerState                   0x08007b25   Thumb Code    22  tasks.o(i.xTaskGetSchedulerState)
    xTaskIncrementTick                       0x08007b41   Thumb Code   194  tasks.o(i.xTaskIncrementTick)
    xTaskPriorityDisinherit                  0x08007c0d   Thumb Code   144  tasks.o(i.xTaskPriorityDisinherit)
    xTaskPriorityInherit                     0x08007ca5   Thumb Code   130  tasks.o(i.xTaskPriorityInherit)
    xTaskRemoveFromEventList                 0x08007d31   Thumb Code   108  tasks.o(i.xTaskRemoveFromEventList)
    xTaskResumeAll                           0x08007da5   Thumb Code   182  tasks.o(i.xTaskResumeAll)
    _get_lc_numeric                          0x08007e69   Thumb Code    44  lc_numeric_c.o(locale$$code)
    _get_lc_ctype                            0x08007e95   Thumb Code    44  lc_ctype_c.o(locale$$code)
    __fpl_dretinf                            0x08007ec1   Thumb Code    12  dretinf.o(x$fpl$dretinf)
    __aeabi_f2d                              0x08007ecd   Thumb Code     0  f2d.o(x$fpl$f2d)
    _f2d                                     0x08007ecd   Thumb Code    86  f2d.o(x$fpl$f2d)
    __aeabi_fadd                             0x08007f25   Thumb Code     0  faddsub_clz.o(x$fpl$fadd)
    _fadd                                    0x08007f25   Thumb Code   196  faddsub_clz.o(x$fpl$fadd)
    __fpl_fcheck_NaN1                        0x08007fe9   Thumb Code     6  fcheck1.o(x$fpl$fcheck1)
    __aeabi_ui2f                             0x08007ff5   Thumb Code     0  fflt_clz.o(x$fpl$ffltu)
    _ffltu                                   0x08007ff5   Thumb Code    38  fflt_clz.o(x$fpl$ffltu)
    __fpl_fnaninf                            0x0800801b   Thumb Code   140  fnaninf.o(x$fpl$fnaninf)
    __fpl_fretinf                            0x080080a7   Thumb Code    10  fretinf.o(x$fpl$fretinf)
    __aeabi_fsub                             0x080080b1   Thumb Code     0  faddsub_clz.o(x$fpl$fsub)
    _fsub                                    0x080080b1   Thumb Code   234  faddsub_clz.o(x$fpl$fsub)
    _printf_fp_dec                           0x0800819b   Thumb Code     4  printf1.o(x$fpl$printf1)
    _printf_fp_hex                           0x0800819f   Thumb Code     4  printf2.o(x$fpl$printf2)
    __fpl_return_NaN                         0x080081a3   Thumb Code   100  retnan.o(x$fpl$retnan)
    __ARM_scalbnf                            0x08008207   Thumb Code    76  scalbnf.o(x$fpl$scalbnf)
    __fpl_cmpreturn                          0x08008253   Thumb Code    48  trapv.o(x$fpl$trapveneer)
    __I$use$fp                               0x08008282   Number         0  usenofp.o(x$fpl$usenofp)
    AHBPrescTable                            0x08008aa6   Data          16  system_stm32f1xx.o(.constdata)
    APBPrescTable                            0x08008ab6   Data           8  system_stm32f1xx.o(.constdata)
    Region$$Table$$Base                      0x08008c80   Number         0  anon$$obj.o(Region$$Table)
    Region$$Table$$Limit                     0x08008ca0   Number         0  anon$$obj.o(Region$$Table)
    __ctype                                  0x08008cc9   Data           0  lc_ctype_c.o(locale$$data)
    Font_7x10                                0x20000000   Data           8  fonts.o(.data)
    accident_detected                        0x20000008   Data           1  main.o(.data)
    engine_rpm                               0x2000000c   Data           4  main.o(.data)
    vehicle_speed                            0x20000010   Data           4  main.o(.data)
    coolant_temp                             0x20000014   Data           4  main.o(.data)
    my_lat                                   0x20000018   Data           4  main.o(.data)
    my_lon                                   0x2000001c   Data           4  main.o(.data)
    Task01Handle                             0x20000020   Data           4  main.o(.data)
    Task02Handle                             0x20000024   Data           4  main.o(.data)
    Task03Handle                             0x20000028   Data           4  main.o(.data)
    dt                                       0x2000002c   Data           7  main.o(.data)
    canRX                                    0x20000033   Data           8  main.o(.data)
    uwTickFreq                               0x2000003c   Data           1  stm32f1xx_hal.o(.data)
    uwTickPrio                               0x20000040   Data           4  stm32f1xx_hal.o(.data)
    uwTick                                   0x20000044   Data           4  stm32f1xx_hal.o(.data)
    SystemCoreClock                          0x20000048   Data           4  system_stm32f1xx.o(.data)
    pxCurrentTCB                             0x2000004c   Data           4  tasks.o(.data)
    USER_Driver                              0x200000b4   Data          20  user_diskio.o(.data)
    retUSER                                  0x200000c9   Data           1  fatfs.o(.data)
    USERPath                                 0x200000ca   Data           4  fatfs.o(.data)
    hcan                                     0x200000d8   Data          40  main.o(.bss)
    hi2c1                                    0x20000100   Data          84  main.o(.bss)
    hspi1                                    0x20000154   Data          88  main.o(.bss)
    hspi2                                    0x200001ac   Data          88  main.o(.bss)
    huart1                                   0x20000204   Data          72  main.o(.bss)
    huart2                                   0x2000024c   Data          72  main.o(.bss)
    huart3                                   0x20000294   Data          72  main.o(.bss)
    buff                                     0x200002dc   Data          80  main.o(.bss)
    rxHeader                                 0x2000032c   Data          28  main.o(.bss)
    txHeader                                 0x20000348   Data          24  main.o(.bss)
    canfil                                   0x20000360   Data          40  main.o(.bss)
    htim4                                    0x200007dc   Data          72  stm32f1xx_hal_timebase_tim.o(.bss)
    xQueueRegistry                           0x20000824   Data          64  queue.o(.bss)
    disk                                     0x2000496c   Data          12  ff_gen_drv.o(.bss)
    __libspace_start                         0x20004978   Data          96  libspace.o(.bss)
    __temporary_stack_top$libspace           0x200049d8   Data           0  libspace.o(.bss)



==============================================================================

Memory Map of the image

  Image Entry point : 0x080000ed

  Load Region LR_IROM1 (Base: 0x08000000, Size: 0x00008ea4, Max: 0x00010000, ABSOLUTE)

    Execution Region ER_IROM1 (Exec base: 0x08000000, Load base: 0x08000000, Size: 0x00008dcc, Max: 0x00010000, ABSOLUTE)

    Exec Addr    Load Addr    Size         Type   Attr      Idx    E Section Name        Object

    0x08000000   0x08000000   0x000000ec   Data   RO            3    RESET               startup_stm32f103xb.o
    0x080000ec   0x080000ec   0x00000008   Code   RO         5999  * !!!main             c_w.l(__main.o)
    0x080000f4   0x080000f4   0x00000034   Code   RO         6323    !!!scatter          c_w.l(__scatter.o)
    0x08000128   0x08000128   0x0000001a   Code   RO         6325    !!handler_copy      c_w.l(__scatter_copy.o)
    0x08000142   0x08000142   0x00000002   PAD
    0x08000144   0x08000144   0x0000001c   Code   RO         6327    !!handler_zi        c_w.l(__scatter_zi.o)
    0x08000160   0x08000160   0x00000000   Code   RO         5986    .ARM.Collect$$_printf_percent$$00000000  c_w.l(_printf_percent.o)
    0x08000160   0x08000160   0x00000006   Code   RO         6070    .ARM.Collect$$_printf_percent$$00000001  c_w.l(_printf_n.o)
    0x08000166   0x08000166   0x00000006   Code   RO         6072    .ARM.Collect$$_printf_percent$$00000002  c_w.l(_printf_p.o)
    0x0800016c   0x0800016c   0x00000006   Code   RO         5985    .ARM.Collect$$_printf_percent$$00000003  c_w.l(_printf_f.o)
    0x08000172   0x08000172   0x00000006   Code   RO         6076    .ARM.Collect$$_printf_percent$$00000004  c_w.l(_printf_e.o)
    0x08000178   0x08000178   0x00000006   Code   RO         6077    .ARM.Collect$$_printf_percent$$00000005  c_w.l(_printf_g.o)
    0x0800017e   0x0800017e   0x00000006   Code   RO         6078    .ARM.Collect$$_printf_percent$$00000006  c_w.l(_printf_a.o)
    0x08000184   0x08000184   0x0000000a   Code   RO         6083    .ARM.Collect$$_printf_percent$$00000007  c_w.l(_printf_ll.o)
    0x0800018e   0x0800018e   0x00000006   Code   RO         6074    .ARM.Collect$$_printf_percent$$00000008  c_w.l(_printf_i.o)
    0x08000194   0x08000194   0x00000006   Code   RO         5984    .ARM.Collect$$_printf_percent$$00000009  c_w.l(_printf_d.o)
    0x0800019a   0x0800019a   0x00000006   Code   RO         6075    .ARM.Collect$$_printf_percent$$0000000A  c_w.l(_printf_u.o)
    0x080001a0   0x080001a0   0x00000006   Code   RO         6073    .ARM.Collect$$_printf_percent$$0000000B  c_w.l(_printf_o.o)
    0x080001a6   0x080001a6   0x00000006   Code   RO         6071    .ARM.Collect$$_printf_percent$$0000000C  c_w.l(_printf_x.o)
    0x080001ac   0x080001ac   0x00000006   Code   RO         6080    .ARM.Collect$$_printf_percent$$0000000D  c_w.l(_printf_lli.o)
    0x080001b2   0x080001b2   0x00000006   Code   RO         6081    .ARM.Collect$$_printf_percent$$0000000E  c_w.l(_printf_lld.o)
    0x080001b8   0x080001b8   0x00000006   Code   RO         6082    .ARM.Collect$$_printf_percent$$0000000F  c_w.l(_printf_llu.o)
    0x080001be   0x080001be   0x00000006   Code   RO         6087    .ARM.Collect$$_printf_percent$$00000010  c_w.l(_printf_llo.o)
    0x080001c4   0x080001c4   0x00000006   Code   RO         6088    .ARM.Collect$$_printf_percent$$00000011  c_w.l(_printf_llx.o)
    0x080001ca   0x080001ca   0x0000000a   Code   RO         6084    .ARM.Collect$$_printf_percent$$00000012  c_w.l(_printf_l.o)
    0x080001d4   0x080001d4   0x00000006   Code   RO         6068    .ARM.Collect$$_printf_percent$$00000013  c_w.l(_printf_c.o)
    0x080001da   0x080001da   0x00000006   Code   RO         6069    .ARM.Collect$$_printf_percent$$00000014  c_w.l(_printf_s.o)
    0x080001e0   0x080001e0   0x00000006   Code   RO         6085    .ARM.Collect$$_printf_percent$$00000015  c_w.l(_printf_lc.o)
    0x080001e6   0x080001e6   0x00000006   Code   RO         6086    .ARM.Collect$$_printf_percent$$00000016  c_w.l(_printf_ls.o)
    0x080001ec   0x080001ec   0x00000004   Code   RO         6079    .ARM.Collect$$_printf_percent$$00000017  c_w.l(_printf_percent_end.o)
    0x080001f0   0x080001f0   0x00000002   Code   RO         6191    .ARM.Collect$$libinit$$00000000  c_w.l(libinit.o)
    0x080001f2   0x080001f2   0x00000000   Code   RO         6193    .ARM.Collect$$libinit$$00000002  c_w.l(libinit2.o)
    0x080001f2   0x080001f2   0x00000000   Code   RO         6195    .ARM.Collect$$libinit$$00000004  c_w.l(libinit2.o)
    0x080001f2   0x080001f2   0x00000000   Code   RO         6198    .ARM.Collect$$libinit$$0000000A  c_w.l(libinit2.o)
    0x080001f2   0x080001f2   0x00000000   Code   RO         6200    .ARM.Collect$$libinit$$0000000C  c_w.l(libinit2.o)
    0x080001f2   0x080001f2   0x00000000   Code   RO         6202    .ARM.Collect$$libinit$$0000000E  c_w.l(libinit2.o)
    0x080001f2   0x080001f2   0x00000006   Code   RO         6203    .ARM.Collect$$libinit$$0000000F  c_w.l(libinit2.o)
    0x080001f8   0x080001f8   0x00000000   Code   RO         6205    .ARM.Collect$$libinit$$00000011  c_w.l(libinit2.o)
    0x080001f8   0x080001f8   0x0000000c   Code   RO         6206    .ARM.Collect$$libinit$$00000012  c_w.l(libinit2.o)
    0x08000204   0x08000204   0x00000000   Code   RO         6207    .ARM.Collect$$libinit$$00000013  c_w.l(libinit2.o)
    0x08000204   0x08000204   0x00000000   Code   RO         6209    .ARM.Collect$$libinit$$00000015  c_w.l(libinit2.o)
    0x08000204   0x08000204   0x0000000a   Code   RO         6210    .ARM.Collect$$libinit$$00000016  c_w.l(libinit2.o)
    0x0800020e   0x0800020e   0x00000000   Code   RO         6211    .ARM.Collect$$libinit$$00000017  c_w.l(libinit2.o)
    0x0800020e   0x0800020e   0x00000000   Code   RO         6213    .ARM.Collect$$libinit$$00000019  c_w.l(libinit2.o)
    0x0800020e   0x0800020e   0x00000000   Code   RO         6215    .ARM.Collect$$libinit$$0000001B  c_w.l(libinit2.o)
    0x0800020e   0x0800020e   0x00000000   Code   RO         6217    .ARM.Collect$$libinit$$0000001D  c_w.l(libinit2.o)
    0x0800020e   0x0800020e   0x00000000   Code   RO         6219    .ARM.Collect$$libinit$$0000001F  c_w.l(libinit2.o)
    0x0800020e   0x0800020e   0x00000000   Code   RO         6221    .ARM.Collect$$libinit$$00000021  c_w.l(libinit2.o)
    0x0800020e   0x0800020e   0x00000000   Code   RO         6223    .ARM.Collect$$libinit$$00000023  c_w.l(libinit2.o)
    0x0800020e   0x0800020e   0x00000000   Code   RO         6225    .ARM.Collect$$libinit$$00000025  c_w.l(libinit2.o)
    0x0800020e   0x0800020e   0x00000000   Code   RO         6229    .ARM.Collect$$libinit$$0000002C  c_w.l(libinit2.o)
    0x0800020e   0x0800020e   0x00000000   Code   RO         6231    .ARM.Collect$$libinit$$0000002E  c_w.l(libinit2.o)
    0x0800020e   0x0800020e   0x00000000   Code   RO         6233    .ARM.Collect$$libinit$$00000030  c_w.l(libinit2.o)
    0x0800020e   0x0800020e   0x00000000   Code   RO         6235    .ARM.Collect$$libinit$$00000032  c_w.l(libinit2.o)
    0x0800020e   0x0800020e   0x00000002   Code   RO         6236    .ARM.Collect$$libinit$$00000033  c_w.l(libinit2.o)
    0x08000210   0x08000210   0x00000002   Code   RO         6271    .ARM.Collect$$libshutdown$$00000000  c_w.l(libshutdown.o)
    0x08000212   0x08000212   0x00000000   Code   RO         6282    .ARM.Collect$$libshutdown$$00000002  c_w.l(libshutdown2.o)
    0x08000212   0x08000212   0x00000000   Code   RO         6284    .ARM.Collect$$libshutdown$$00000004  c_w.l(libshutdown2.o)
    0x08000212   0x08000212   0x00000000   Code   RO         6287    .ARM.Collect$$libshutdown$$00000007  c_w.l(libshutdown2.o)
    0x08000212   0x08000212   0x00000000   Code   RO         6290    .ARM.Collect$$libshutdown$$0000000A  c_w.l(libshutdown2.o)
    0x08000212   0x08000212   0x00000000   Code   RO         6292    .ARM.Collect$$libshutdown$$0000000C  c_w.l(libshutdown2.o)
    0x08000212   0x08000212   0x00000000   Code   RO         6295    .ARM.Collect$$libshutdown$$0000000F  c_w.l(libshutdown2.o)
    0x08000212   0x08000212   0x00000002   Code   RO         6296    .ARM.Collect$$libshutdown$$00000010  c_w.l(libshutdown2.o)
    0x08000214   0x08000214   0x00000000   Code   RO         6019    .ARM.Collect$$rtentry$$00000000  c_w.l(__rtentry.o)
    0x08000214   0x08000214   0x00000000   Code   RO         6107    .ARM.Collect$$rtentry$$00000002  c_w.l(__rtentry2.o)
    0x08000214   0x08000214   0x00000006   Code   RO         6119    .ARM.Collect$$rtentry$$00000004  c_w.l(__rtentry4.o)
    0x0800021a   0x0800021a   0x00000000   Code   RO         6109    .ARM.Collect$$rtentry$$00000009  c_w.l(__rtentry2.o)
    0x0800021a   0x0800021a   0x00000004   Code   RO         6110    .ARM.Collect$$rtentry$$0000000A  c_w.l(__rtentry2.o)
    0x0800021e   0x0800021e   0x00000000   Code   RO         6112    .ARM.Collect$$rtentry$$0000000C  c_w.l(__rtentry2.o)
    0x0800021e   0x0800021e   0x00000008   Code   RO         6113    .ARM.Collect$$rtentry$$0000000D  c_w.l(__rtentry2.o)
    0x08000226   0x08000226   0x00000002   Code   RO         6239    .ARM.Collect$$rtexit$$00000000  c_w.l(rtexit.o)
    0x08000228   0x08000228   0x00000000   Code   RO         6249    .ARM.Collect$$rtexit$$00000002  c_w.l(rtexit2.o)
    0x08000228   0x08000228   0x00000004   Code   RO         6250    .ARM.Collect$$rtexit$$00000003  c_w.l(rtexit2.o)
    0x0800022c   0x0800022c   0x00000006   Code   RO         6251    .ARM.Collect$$rtexit$$00000004  c_w.l(rtexit2.o)
    0x08000232   0x08000232   0x00000002   PAD
    0x08000234   0x08000234   0x00000096   Code   RO         5257    .emb_text           port.o
    0x080002ca   0x080002ca   0x00000002   PAD
    0x080002cc   0x080002cc   0x00000040   Code   RO            4    .text               startup_stm32f103xb.o
    0x0800030c   0x0800030c   0x00000034   Code   RO         5952    .text               c_w.l(vsnprintf.o)
    0x08000340   0x08000340   0x0000002c   Code   RO         5954    .text               c_w.l(__2sprintf.o)
    0x0800036c   0x0800036c   0x0000004e   Code   RO         5960    .text               c_w.l(_printf_pad.o)
    0x080003ba   0x080003ba   0x00000002   PAD
    0x080003bc   0x080003bc   0x00000078   Code   RO         5962    .text               c_w.l(_printf_dec.o)
    0x08000434   0x08000434   0x00000188   Code   RO         5981    .text               c_w.l(__printf_flags_ss_wp.o)
    0x080005bc   0x080005bc   0x0000003e   Code   RO         5987    .text               c_w.l(strlen.o)
    0x080005fa   0x080005fa   0x0000008a   Code   RO         5989    .text               c_w.l(rt_memcpy_v6.o)
    0x08000684   0x08000684   0x00000064   Code   RO         5991    .text               c_w.l(rt_memcpy_w.o)
    0x080006e8   0x080006e8   0x0000004e   Code   RO         5995    .text               c_w.l(rt_memclr_w.o)
    0x08000736   0x08000736   0x00000006   Code   RO         5997    .text               c_w.l(heapauxi.o)
    0x0800073c   0x0800073c   0x00000024   Code   RO         6020    .text               c_w.l(_printf_truncate.o)
    0x08000760   0x08000760   0x00000052   Code   RO         6022    .text               c_w.l(_printf_str.o)
    0x080007b2   0x080007b2   0x000000b2   Code   RO         6024    .text               c_w.l(_printf_intcommon.o)
    0x08000864   0x08000864   0x00000028   Code   RO         6026    .text               c_w.l(_printf_charcount.o)
    0x0800088c   0x0800088c   0x0000041e   Code   RO         6028    .text               c_w.l(_printf_fp_dec.o)
    0x08000caa   0x08000caa   0x00000002   PAD
    0x08000cac   0x08000cac   0x00000030   Code   RO         6030    .text               c_w.l(_printf_char_common.o)
    0x08000cdc   0x08000cdc   0x0000000a   Code   RO         6032    .text               c_w.l(_sputc.o)
    0x08000ce6   0x08000ce6   0x00000010   Code   RO         6034    .text               c_w.l(_snputc.o)
    0x08000cf6   0x08000cf6   0x00000002   PAD
    0x08000cf8   0x08000cf8   0x000000bc   Code   RO         6036    .text               c_w.l(_printf_wctomb.o)
    0x08000db4   0x08000db4   0x0000007c   Code   RO         6039    .text               c_w.l(_printf_longlong_dec.o)
    0x08000e30   0x08000e30   0x00000070   Code   RO         6045    .text               c_w.l(_printf_oct_int_ll.o)
    0x08000ea0   0x08000ea0   0x00000094   Code   RO         6065    .text               c_w.l(_printf_hex_int_ll_ptr.o)
    0x08000f34   0x08000f34   0x00000008   Code   RO         6124    .text               c_w.l(rt_locale_intlibspace.o)
    0x08000f3c   0x08000f3c   0x0000008a   Code   RO         6126    .text               c_w.l(lludiv10.o)
    0x08000fc6   0x08000fc6   0x00000002   PAD
    0x08000fc8   0x08000fc8   0x000002fc   Code   RO         6128    .text               c_w.l(_printf_fp_hex.o)
    0x080012c4   0x080012c4   0x00000080   Code   RO         6131    .text               c_w.l(_printf_fp_infnan.o)
    0x08001344   0x08001344   0x0000002c   Code   RO         6135    .text               c_w.l(_printf_char.o)
    0x08001370   0x08001370   0x0000002c   Code   RO         6137    .text               c_w.l(_printf_wchar.o)
    0x0800139c   0x0800139c   0x000000e4   Code   RO         6139    .text               c_w.l(bigflt0.o)
    0x08001480   0x08001480   0x00000040   Code   RO         6164    .text               c_w.l(_wcrtomb.o)
    0x080014c0   0x080014c0   0x00000008   Code   RO         6175    .text               c_w.l(libspace.o)
    0x080014c8   0x080014c8   0x0000004a   Code   RO         6178    .text               c_w.l(sys_stackheap_outer.o)
    0x08001512   0x08001512   0x00000002   PAD
    0x08001514   0x08001514   0x00000010   Code   RO         6180    .text               c_w.l(rt_ctype_table.o)
    0x08001524   0x08001524   0x00000012   Code   RO         6182    .text               c_w.l(exit.o)
    0x08001536   0x08001536   0x00000002   PAD
    0x08001538   0x08001538   0x00000080   Code   RO         6184    .text               c_w.l(strcmpv7m.o)
    0x080015b8   0x080015b8   0x0000000c   Code   RO         6261    .text               c_w.l(sys_exit.o)
    0x080015c4   0x080015c4   0x00000002   Code   RO         6272    .text               c_w.l(use_no_semi.o)
    0x080015c6   0x080015c6   0x00000000   Code   RO         6274    .text               c_w.l(indicate_semi.o)
    0x080015c6   0x080015c6   0x0000003e   Code   RO         6142    CL$$btod_d2e        c_w.l(btod.o)
    0x08001604   0x08001604   0x00000046   Code   RO         6144    CL$$btod_d2e_denorm_low  c_w.l(btod.o)
    0x0800164a   0x0800164a   0x00000060   Code   RO         6143    CL$$btod_d2e_norm_op1  c_w.l(btod.o)
    0x080016aa   0x080016aa   0x00000338   Code   RO         6152    CL$$btod_div_common  c_w.l(btod.o)
    0x080019e2   0x080019e2   0x000000dc   Code   RO         6149    CL$$btod_e2e        c_w.l(btod.o)
    0x08001abe   0x08001abe   0x0000002a   Code   RO         6146    CL$$btod_ediv       c_w.l(btod.o)
    0x08001ae8   0x08001ae8   0x0000002a   Code   RO         6145    CL$$btod_emul       c_w.l(btod.o)
    0x08001b12   0x08001b12   0x00000244   Code   RO         6151    CL$$btod_mult_common  c_w.l(btod.o)
    0x08001d56   0x08001d56   0x00000012   Code   RO           13    i.BCD2Decimal       ds3231.o
    0x08001d68   0x08001d68   0x00000002   Code   RO          485    i.BusFault_Handler  stm32f1xx_it.o
    0x08001d6a   0x08001d6a   0x00000002   Code   RO          486    i.DebugMon_Handler  stm32f1xx_it.o
    0x08001d6c   0x08001d6c   0x00000006   Code   RO         5850    i.FATFS_LinkDriver  ff_gen_drv.o
    0x08001d72   0x08001d72   0x00000002   PAD
    0x08001d74   0x08001d74   0x00000040   Code   RO         5851    i.FATFS_LinkDriverEx  ff_gen_drv.o
    0x08001db4   0x08001db4   0x000000ee   Code   RO         1672    i.HAL_CAN_ConfigFilter  stm32f1xx_hal_can.o
    0x08001ea2   0x08001ea2   0x00000002   PAD
    0x08001ea4   0x08001ea4   0x00000022   Code   RO         1677    i.HAL_CAN_GetRxFifoFillLevel  stm32f1xx_hal_can.o
    0x08001ec6   0x08001ec6   0x000000f4   Code   RO         1678    i.HAL_CAN_GetRxMessage  stm32f1xx_hal_can.o
    0x08001fba   0x08001fba   0x0000011a   Code   RO         1683    i.HAL_CAN_Init      stm32f1xx_hal_can.o
    0x080020d4   0x080020d4   0x0000006c   Code   RO          550    i.HAL_CAN_MspInit   stm32f1xx_hal_msp.o
    0x08002140   0x08002140   0x00000058   Code   RO         1695    i.HAL_CAN_Start     stm32f1xx_hal_can.o
    0x08002198   0x08002198   0x00000024   Code   RO         1910    i.HAL_Delay         stm32f1xx_hal.o
    0x080021bc   0x080021bc   0x000001e0   Code   RO         2220    i.HAL_GPIO_Init     stm32f1xx_hal_gpio.o
    0x0800239c   0x0800239c   0x00000010   Code   RO         2223    i.HAL_GPIO_TogglePin  stm32f1xx_hal_gpio.o
    0x080023ac   0x080023ac   0x0000000a   Code   RO         2224    i.HAL_GPIO_WritePin  stm32f1xx_hal_gpio.o
    0x080023b6   0x080023b6   0x00000002   PAD
    0x080023b8   0x080023b8   0x0000000c   Code   RO         1914    i.HAL_GetTick       stm32f1xx_hal.o
    0x080023c4   0x080023c4   0x00000188   Code   RO         2891    i.HAL_I2C_Init      stm32f1xx_hal_i2c.o
    0x0800254c   0x0800254c   0x00000250   Code   RO         2897    i.HAL_I2C_Master_Receive  stm32f1xx_hal_i2c.o
    0x0800279c   0x0800279c   0x0000012c   Code   RO         2904    i.HAL_I2C_Master_Transmit  stm32f1xx_hal_i2c.o
    0x080028c8   0x080028c8   0x0000005c   Code   RO          552    i.HAL_I2C_MspInit   stm32f1xx_hal_msp.o
    0x08002924   0x08002924   0x00000010   Code   RO         1920    i.HAL_IncTick       stm32f1xx_hal.o
    0x08002934   0x08002934   0x00000024   Code   RO         1921    i.HAL_Init          stm32f1xx_hal.o
    0x08002958   0x08002958   0x00000098   Code   RO          621    i.HAL_InitTick      stm32f1xx_hal_timebase_tim.o
    0x080029f0   0x080029f0   0x00000048   Code   RO          553    i.HAL_MspInit       stm32f1xx_hal_msp.o
    0x08002a38   0x08002a38   0x0000001a   Code   RO         2380    i.HAL_NVIC_EnableIRQ  stm32f1xx_hal_cortex.o
    0x08002a52   0x08002a52   0x00000002   PAD
    0x08002a54   0x08002a54   0x00000040   Code   RO         2386    i.HAL_NVIC_SetPriority  stm32f1xx_hal_cortex.o
    0x08002a94   0x08002a94   0x00000024   Code   RO         2387    i.HAL_NVIC_SetPriorityGrouping  stm32f1xx_hal_cortex.o
    0x08002ab8   0x08002ab8   0x0000012c   Code   RO         2078    i.HAL_RCC_ClockConfig  stm32f1xx_hal_rcc.o
    0x08002be4   0x08002be4   0x00000040   Code   RO         2082    i.HAL_RCC_GetClockConfig  stm32f1xx_hal_rcc.o
    0x08002c24   0x08002c24   0x00000020   Code   RO         2085    i.HAL_RCC_GetPCLK1Freq  stm32f1xx_hal_rcc.o
    0x08002c44   0x08002c44   0x00000020   Code   RO         2086    i.HAL_RCC_GetPCLK2Freq  stm32f1xx_hal_rcc.o
    0x08002c64   0x08002c64   0x0000004c   Code   RO         2087    i.HAL_RCC_GetSysClockFreq  stm32f1xx_hal_rcc.o
    0x08002cb0   0x08002cb0   0x00000320   Code   RO         2090    i.HAL_RCC_OscConfig  stm32f1xx_hal_rcc.o
    0x08002fd0   0x08002fd0   0x000000b2   Code   RO         3328    i.HAL_SPI_Init      stm32f1xx_hal_spi.o
    0x08003082   0x08003082   0x00000002   PAD
    0x08003084   0x08003084   0x000000b0   Code   RO          555    i.HAL_SPI_MspInit   stm32f1xx_hal_msp.o
    0x08003134   0x08003134   0x00000154   Code   RO         3331    i.HAL_SPI_Receive   stm32f1xx_hal_spi.o
    0x08003288   0x08003288   0x00000166   Code   RO         3336    i.HAL_SPI_Transmit  stm32f1xx_hal_spi.o
    0x080033ee   0x080033ee   0x000001f0   Code   RO         3337    i.HAL_SPI_TransmitReceive  stm32f1xx_hal_spi.o
    0x080035de   0x080035de   0x00000002   Code   RO         1402    i.HAL_TIMEx_BreakCallback  stm32f1xx_hal_tim_ex.o
    0x080035e0   0x080035e0   0x00000002   Code   RO         1403    i.HAL_TIMEx_CommutCallback  stm32f1xx_hal_tim_ex.o
    0x080035e2   0x080035e2   0x0000005a   Code   RO          698    i.HAL_TIM_Base_Init  stm32f1xx_hal_tim.o
    0x0800363c   0x0800363c   0x00000002   Code   RO          700    i.HAL_TIM_Base_MspInit  stm32f1xx_hal_tim.o
    0x0800363e   0x0800363e   0x00000002   PAD
    0x08003640   0x08003640   0x00000058   Code   RO          703    i.HAL_TIM_Base_Start_IT  stm32f1xx_hal_tim.o
    0x08003698   0x08003698   0x00000002   Code   RO          732    i.HAL_TIM_IC_CaptureCallback  stm32f1xx_hal_tim.o
    0x0800369a   0x0800369a   0x00000130   Code   RO          746    i.HAL_TIM_IRQHandler  stm32f1xx_hal_tim.o
    0x080037ca   0x080037ca   0x00000002   Code   RO          749    i.HAL_TIM_OC_DelayElapsedCallback  stm32f1xx_hal_tim.o
    0x080037cc   0x080037cc   0x00000002   Code   RO          776    i.HAL_TIM_PWM_PulseFinishedCallback  stm32f1xx_hal_tim.o
    0x080037ce   0x080037ce   0x00000002   PAD
    0x080037d0   0x080037d0   0x00000014   Code   RO          255    i.HAL_TIM_PeriodElapsedCallback  main.o
    0x080037e4   0x080037e4   0x00000002   Code   RO          789    i.HAL_TIM_TriggerCallback  stm32f1xx_hal_tim.o
    0x080037e6   0x080037e6   0x00000064   Code   RO         3669    i.HAL_UART_Init     stm32f1xx_hal_uart.o
    0x0800384a   0x0800384a   0x00000002   PAD
    0x0800384c   0x0800384c   0x000000f4   Code   RO          557    i.HAL_UART_MspInit  stm32f1xx_hal_msp.o
    0x08003940   0x08003940   0x000000a0   Code   RO         3677    i.HAL_UART_Transmit  stm32f1xx_hal_uart.o
    0x080039e0   0x080039e0   0x00000002   Code   RO          487    i.HardFault_Handler  stm32f1xx_it.o
    0x080039e2   0x080039e2   0x0000002e   Code   RO         2934    i.I2C_IsAcknowledgeFailed  stm32f1xx_hal_i2c.o
    0x08003a10   0x08003a10   0x000000ec   Code   RO         2937    i.I2C_MasterRequestRead  stm32f1xx_hal_i2c.o
    0x08003afc   0x08003afc   0x0000009c   Code   RO         2938    i.I2C_MasterRequestWrite  stm32f1xx_hal_i2c.o
    0x08003b98   0x08003b98   0x00000056   Code   RO         2949    i.I2C_WaitOnBTFFlagUntilTimeout  stm32f1xx_hal_i2c.o
    0x08003bee   0x08003bee   0x00000002   PAD
    0x08003bf0   0x08003bf0   0x00000090   Code   RO         2950    i.I2C_WaitOnFlagUntilTimeout  stm32f1xx_hal_i2c.o
    0x08003c80   0x08003c80   0x000000bc   Code   RO         2951    i.I2C_WaitOnMasterAddressFlagUntilTimeout  stm32f1xx_hal_i2c.o
    0x08003d3c   0x08003d3c   0x00000070   Code   RO         2952    i.I2C_WaitOnRXNEFlagUntilTimeout  stm32f1xx_hal_i2c.o
    0x08003dac   0x08003dac   0x00000056   Code   RO         2953    i.I2C_WaitOnTXEFlagUntilTimeout  stm32f1xx_hal_i2c.o
    0x08003e02   0x08003e02   0x00000002   PAD
    0x08003e04   0x08003e04   0x00000040   Code   RO          256    i.MX_CAN_Init       main.o
    0x08003e44   0x08003e44   0x0000001c   Code   RO         5427    i.MX_FATFS_Init     fatfs.o
    0x08003e60   0x08003e60   0x000000f0   Code   RO          257    i.MX_GPIO_Init      main.o
    0x08003f50   0x08003f50   0x00000044   Code   RO          258    i.MX_SPI1_Init      main.o
    0x08003f94   0x08003f94   0x00000044   Code   RO          259    i.MX_SPI2_Init      main.o
    0x08003fd8   0x08003fd8   0x00000002   Code   RO          488    i.MemManage_Handler  stm32f1xx_it.o
    0x08003fda   0x08003fda   0x00000002   Code   RO          489    i.NMI_Handler       stm32f1xx_it.o
    0x08003fdc   0x08003fdc   0x0000001e   Code   RO           15    i.RTC_Init          ds3231.o
    0x08003ffa   0x08003ffa   0x00000002   PAD
    0x08003ffc   0x08003ffc   0x0000007c   Code   RO           16    i.RTC_Read          ds3231.o
    0x08004078   0x08004078   0x00000094   Code   RO         5337    i.SD_ReadBlock      user_diskio.o
    0x0800410c   0x0800410c   0x00000078   Code   RO         5338    i.SD_SendCmd        user_diskio.o
    0x08004184   0x08004184   0x00000094   Code   RO         5339    i.SD_WriteBlock     user_diskio.o
    0x08004218   0x08004218   0x00000038   Code   RO          260    i.SIM_SendCommand   main.o
    0x08004250   0x08004250   0x00000014   Code   RO         5340    i.SPI_Clock         user_diskio.o
    0x08004264   0x08004264   0x0000005c   Code   RO         3365    i.SPI_EndRxTransaction  stm32f1xx_hal_spi.o
    0x080042c0   0x080042c0   0x00000034   Code   RO         3366    i.SPI_EndRxTxTransaction  stm32f1xx_hal_spi.o
    0x080042f4   0x080042f4   0x00000020   Code   RO         5341    i.SPI_TxRx          user_diskio.o
    0x08004314   0x08004314   0x000000b8   Code   RO         3371    i.SPI_WaitFlagStateUntilTimeout  stm32f1xx_hal_spi.o
    0x080043cc   0x080043cc   0x00000064   Code   RO          174    i.ST7735_DrawChar   st7735.o
    0x08004430   0x08004430   0x00000030   Code   RO          175    i.ST7735_DrawPixel  st7735.o
    0x08004460   0x08004460   0x0000003a   Code   RO          176    i.ST7735_DrawString  st7735.o
    0x0800449a   0x0800449a   0x0000002a   Code   RO          177    i.ST7735_FillScreen  st7735.o
    0x080044c4   0x080044c4   0x000000b0   Code   RO          178    i.ST7735_Init       st7735.o
    0x08004574   0x08004574   0x0000004c   Code   RO          179    i.ST7735_SetWindow  st7735.o
    0x080045c0   0x080045c0   0x0000003c   Code   RO          180    i.ST7735_WriteCommand  st7735.o
    0x080045fc   0x080045fc   0x0000003c   Code   RO          181    i.ST7735_WriteData  st7735.o
    0x08004638   0x08004638   0x000000dc   Code   RO          261    i.Send_Emergency_Alert  main.o
    0x08004714   0x08004714   0x00000120   Code   RO          262    i.StartTask01       main.o
    0x08004834   0x08004834   0x00000144   Code   RO          263    i.StartTask02       main.o
    0x08004978   0x08004978   0x00000118   Code   RO          264    i.StartTask03       main.o
    0x08004a90   0x08004a90   0x0000002c   Code   RO         5258    i.SysTick_Handler   port.o
    0x08004abc   0x08004abc   0x0000005e   Code   RO          265    i.SystemClock_Config  main.o
    0x08004b1a   0x08004b1a   0x00000002   Code   RO         4003    i.SystemInit        system_stm32f1xx.o
    0x08004b1c   0x08004b1c   0x0000000c   Code   RO          490    i.TIM4_IRQHandler   stm32f1xx_it.o
    0x08004b28   0x08004b28   0x00000078   Code   RO          791    i.TIM_Base_SetConfig  stm32f1xx_hal_tim.o
    0x08004ba0   0x08004ba0   0x0000004e   Code   RO         3692    i.UART_EndRxTransfer  stm32f1xx_hal_uart.o
    0x08004bee   0x08004bee   0x00000002   PAD
    0x08004bf0   0x08004bf0   0x000000b8   Code   RO         3695    i.UART_SetConfig    stm32f1xx_hal_uart.o
    0x08004ca8   0x08004ca8   0x00000072   Code   RO         3698    i.UART_WaitOnFlagUntilTimeout  stm32f1xx_hal_uart.o
    0x08004d1a   0x08004d1a   0x00000002   PAD
    0x08004d1c   0x08004d1c   0x00000120   Code   RO         5342    i.USER_initialize   user_diskio.o
    0x08004e3c   0x08004e3c   0x00000028   Code   RO         5343    i.USER_ioctl        user_diskio.o
    0x08004e64   0x08004e64   0x0000002a   Code   RO         5344    i.USER_read         user_diskio.o
    0x08004e8e   0x08004e8e   0x00000004   Code   RO         5345    i.USER_status       user_diskio.o
    0x08004e92   0x08004e92   0x0000002a   Code   RO         5346    i.USER_write        user_diskio.o
    0x08004ebc   0x08004ebc   0x00000002   Code   RO          491    i.UsageFault_Handler  stm32f1xx_it.o
    0x08004ebe   0x08004ebe   0x00000028   Code   RO         6173    i.__ARM_fpclassify  m_ws.l(fpclassify.o)
    0x08004ee6   0x08004ee6   0x00000020   Code   RO         2393    i.__NVIC_SetPriority  stm32f1xx_hal_cortex.o
    0x08004f06   0x08004f06   0x0000000e   Code   RO         5974    i._is_digit         c_w.l(__printf_wp.o)
    0x08004f14   0x08004f14   0x00000060   Code   RO         5526    i.check_fs          ff.o
    0x08004f74   0x08004f74   0x0000006c   Code   RO         5527    i.chk_lock          ff.o
    0x08004fe0   0x08004fe0   0x00000024   Code   RO         5528    i.clear_lock        ff.o
    0x08005004   0x08005004   0x0000002a   Code   RO         5529    i.clmt_clust        ff.o
    0x0800502e   0x0800502e   0x0000001e   Code   RO         5530    i.clust2sect        ff.o
    0x0800504c   0x0800504c   0x000000b0   Code   RO         5531    i.create_chain      ff.o
    0x080050fc   0x080050fc   0x00000100   Code   RO         5532    i.create_name       ff.o
    0x080051fc   0x080051fc   0x0000003c   Code   RO         5533    i.dec_lock          ff.o
    0x08005238   0x08005238   0x0000011e   Code   RO         5534    i.dir_next          ff.o
    0x08005356   0x08005356   0x00000076   Code   RO         5536    i.dir_register      ff.o
    0x080053cc   0x080053cc   0x00000098   Code   RO         5538    i.dir_sdi           ff.o
    0x08005464   0x08005464   0x00000028   Code   RO         5471    i.disk_initialize   diskio.o
    0x0800548c   0x0800548c   0x0000001c   Code   RO         5472    i.disk_ioctl        diskio.o
    0x080054a8   0x080054a8   0x0000001c   Code   RO         5473    i.disk_read         diskio.o
    0x080054c4   0x080054c4   0x00000018   Code   RO         5474    i.disk_status       diskio.o
    0x080054dc   0x080054dc   0x0000001c   Code   RO         5475    i.disk_write        diskio.o
    0x080054f8   0x080054f8   0x00000036   Code   RO         5540    i.f_close           ff.o
    0x0800552e   0x0800552e   0x00000002   PAD
    0x08005530   0x08005530   0x000002ac   Code   RO         5544    i.f_lseek           ff.o
    0x080057dc   0x080057dc   0x00000084   Code   RO         5547    i.f_mount           ff.o
    0x08005860   0x08005860   0x000001a8   Code   RO         5548    i.f_open            ff.o
    0x08005a08   0x08005a08   0x000000d2   Code   RO         5557    i.f_sync            ff.o
    0x08005ada   0x08005ada   0x00000002   PAD
    0x08005adc   0x08005adc   0x0000021a   Code   RO         5561    i.f_write           ff.o
    0x08005cf6   0x08005cf6   0x0000001c   Code   RO         5900    i.ff_cre_syncobj    syscall.o
    0x08005d12   0x08005d12   0x0000000a   Code   RO         5901    i.ff_del_syncobj    syscall.o
    0x08005d1c   0x08005d1c   0x00000004   Code   RO         5902    i.ff_rel_grant      syscall.o
    0x08005d20   0x08005d20   0x00000014   Code   RO         5903    i.ff_req_grant      syscall.o
    0x08005d34   0x08005d34   0x00000264   Code   RO         5562    i.find_volume       ff.o
    0x08005f98   0x08005f98   0x000000c0   Code   RO         5563    i.follow_path       ff.o
    0x08006058   0x08006058   0x000000c2   Code   RO         5564    i.get_fat           ff.o
    0x0800611a   0x0800611a   0x00000004   Code   RO         5428    i.get_fattime       fatfs.o
    0x0800611e   0x0800611e   0x0000003c   Code   RO         5566    i.get_ldnumber      ff.o
    0x0800615a   0x0800615a   0x0000000c   Code   RO         4821    i.inHandlerMode     cmsis_os.o
    0x08006166   0x08006166   0x00000002   PAD
    0x08006168   0x08006168   0x000000a0   Code   RO         5567    i.inc_lock          ff.o
    0x08006208   0x08006208   0x00000014   Code   RO         5568    i.ld_clust          ff.o
    0x0800621c   0x0800621c   0x00000008   Code   RO         5569    i.lock_fs           ff.o
    0x08006224   0x08006224   0x00000030   Code   RO          266    i.mPrint            main.o
    0x08006254   0x08006254   0x000001a0   Code   RO          267    i.main              main.o
    0x080063f4   0x080063f4   0x0000000c   Code   RO         4823    i.makeFreeRtosPriority  cmsis_os.o
    0x08006400   0x08006400   0x00000012   Code   RO         5570    i.mem_cpy           ff.o
    0x08006412   0x08006412   0x0000000e   Code   RO         5571    i.mem_set           ff.o
    0x08006420   0x08006420   0x00000036   Code   RO         5572    i.move_window       ff.o
    0x08006456   0x08006456   0x0000000e   Code   RO         4825    i.osDelay           cmsis_os.o
    0x08006464   0x08006464   0x0000000a   Code   RO         4828    i.osKernelStart     cmsis_os.o
    0x0800646e   0x0800646e   0x0000003e   Code   RO         4854    i.osSemaphoreCreate  cmsis_os.o
    0x080064ac   0x080064ac   0x00000018   Code   RO         4855    i.osSemaphoreDelete  cmsis_os.o
    0x080064c4   0x080064c4   0x00000050   Code   RO         4857    i.osSemaphoreRelease  cmsis_os.o
    0x08006514   0x08006514   0x00000064   Code   RO         4858    i.osSemaphoreWait   cmsis_os.o
    0x08006578   0x08006578   0x00000054   Code   RO         4862    i.osThreadCreate    cmsis_os.o
    0x080065cc   0x080065cc   0x00000170   Code   RO          268    i.processRxData     main.o
    0x0800673c   0x0800673c   0x00000070   Code   RO         4505    i.prvAddCurrentTaskToDelayedList  tasks.o
    0x080067ac   0x080067ac   0x000000d0   Code   RO         4506    i.prvAddNewTaskToReadyList  tasks.o
    0x0800687c   0x0800687c   0x00000026   Code   RO         4181    i.prvCopyDataFromQueue  queue.o
    0x080068a2   0x080068a2   0x0000006c   Code   RO         4182    i.prvCopyDataToQueue  queue.o
    0x0800690e   0x0800690e   0x00000034   Code   RO         4507    i.prvDeleteTCB      tasks.o
    0x08006942   0x08006942   0x00000002   PAD
    0x08006944   0x08006944   0x0000004c   Code   RO         5190    i.prvHeapInit       heap_4.o
    0x08006990   0x08006990   0x00000060   Code   RO         4508    i.prvIdleTask       tasks.o
    0x080069f0   0x080069f0   0x00000016   Code   RO         4184    i.prvInitialiseNewQueue  queue.o
    0x08006a06   0x08006a06   0x00000098   Code   RO         4509    i.prvInitialiseNewTask  tasks.o
    0x08006a9e   0x08006a9e   0x00000002   PAD
    0x08006aa0   0x08006aa0   0x0000004c   Code   RO         5191    i.prvInsertBlockIntoFreeList  heap_4.o
    0x08006aec   0x08006aec   0x0000001c   Code   RO         4185    i.prvIsQueueEmpty   queue.o
    0x08006b08   0x08006b08   0x00000020   Code   RO         4510    i.prvResetNextTaskUnblockTime  tasks.o
    0x08006b28   0x08006b28   0x00000028   Code   RO         5259    i.prvTaskExitError  port.o
    0x08006b50   0x08006b50   0x0000006a   Code   RO         4186    i.prvUnlockQueue    queue.o
    0x08006bba   0x08006bba   0x000000f8   Code   RO         5573    i.put_fat           ff.o
    0x08006cb2   0x08006cb2   0x00000002   PAD
    0x08006cb4   0x08006cb4   0x000000dc   Code   RO         5192    i.pvPortMalloc      heap_4.o
    0x08006d90   0x08006d90   0x00000018   Code   RO         4512    i.pvTaskIncrementMutexHeldCount  tasks.o
    0x08006da8   0x08006da8   0x00000024   Code   RO         5260    i.pxPortInitialiseStack  port.o
    0x08006dcc   0x08006dcc   0x0000006e   Code   RO         5575    i.remove_chain      ff.o
    0x08006e3a   0x08006e3a   0x00000010   Code   RO         5576    i.st_clust          ff.o
    0x08006e4a   0x08006e4a   0x000000b6   Code   RO         5577    i.sync_fs           ff.o
    0x08006f00   0x08006f00   0x00000060   Code   RO         5578    i.sync_window       ff.o
    0x08006f60   0x08006f60   0x0000001e   Code   RO         5579    i.unlock_fs         ff.o
    0x08006f7e   0x08006f7e   0x00000026   Code   RO         4141    i.uxListRemove      list.o
    0x08006fa4   0x08006fa4   0x00000018   Code   RO          451    i.vApplicationGetIdleTaskMemory  freertos.o
    0x08006fbc   0x08006fbc   0x00000016   Code   RO         4142    i.vListInitialise   list.o
    0x08006fd2   0x08006fd2   0x00000006   Code   RO         4143    i.vListInitialiseItem  list.o
    0x08006fd8   0x08006fd8   0x00000030   Code   RO         4144    i.vListInsert       list.o
    0x08007008   0x08007008   0x00000018   Code   RO         4145    i.vListInsertEnd    list.o
    0x08007020   0x08007020   0x00000040   Code   RO         5262    i.vPortEnterCritical  port.o
    0x08007060   0x08007060   0x00000028   Code   RO         5263    i.vPortExitCritical  port.o
    0x08007088   0x08007088   0x00000064   Code   RO         5193    i.vPortFree         heap_4.o
    0x080070ec   0x080070ec   0x00000024   Code   RO         5264    i.vPortSetupTimerInterrupt  port.o
    0x08007110   0x08007110   0x00000054   Code   RO         5265    i.vPortValidateInterruptPriority  port.o
    0x08007164   0x08007164   0x0000002e   Code   RO         4191    i.vQueueDelete      queue.o
    0x08007192   0x08007192   0x00000002   PAD
    0x08007194   0x08007194   0x00000028   Code   RO         4192    i.vQueueUnregisterQueue  queue.o
    0x080071bc   0x080071bc   0x0000004c   Code   RO         4519    i.vTaskDelay        tasks.o
    0x08007208   0x08007208   0x00000010   Code   RO         4522    i.vTaskInternalSetTimeOutState  tasks.o
    0x08007218   0x08007218   0x0000000c   Code   RO         4523    i.vTaskMissedYield  tasks.o
    0x08007224   0x08007224   0x00000030   Code   RO         4525    i.vTaskPlaceOnEventList  tasks.o
    0x08007254   0x08007254   0x000000a0   Code   RO         4527    i.vTaskPriorityDisinheritAfterTimeout  tasks.o
    0x080072f4   0x080072f4   0x0000006c   Code   RO         4532    i.vTaskStartScheduler  tasks.o
    0x08007360   0x08007360   0x00000010   Code   RO         4534    i.vTaskSuspendAll   tasks.o
    0x08007370   0x08007370   0x0000005c   Code   RO         4535    i.vTaskSwitchContext  tasks.o
    0x080073cc   0x080073cc   0x00000040   Code   RO         5580    i.validate          ff.o
    0x0800740c   0x0800740c   0x0000000c   Code   RO         5196    i.xPortGetFreeHeapSize  heap_4.o
    0x08007418   0x08007418   0x000000a8   Code   RO         5266    i.xPortStartScheduler  port.o
    0x080074c0   0x080074c0   0x00000042   Code   RO         4195    i.xQueueGenericCreate  queue.o
    0x08007502   0x08007502   0x00000066   Code   RO         4196    i.xQueueGenericCreateStatic  queue.o
    0x08007568   0x08007568   0x00000088   Code   RO         4197    i.xQueueGenericReset  queue.o
    0x080075f0   0x080075f0   0x00000160   Code   RO         4198    i.xQueueGenericSend  queue.o
    0x08007750   0x08007750   0x0000009c   Code   RO         4200    i.xQueueGiveFromISR  queue.o
    0x080077ec   0x080077ec   0x0000009a   Code   RO         4206    i.xQueueReceiveFromISR  queue.o
    0x08007886   0x08007886   0x00000002   PAD
    0x08007888   0x08007888   0x00000178   Code   RO         4207    i.xQueueSemaphoreTake  queue.o
    0x08007a00   0x08007a00   0x00000074   Code   RO         4537    i.xTaskCheckForTimeOut  tasks.o
    0x08007a74   0x08007a74   0x0000005a   Code   RO         4538    i.xTaskCreate       tasks.o
    0x08007ace   0x08007ace   0x00000056   Code   RO         4539    i.xTaskCreateStatic  tasks.o
    0x08007b24   0x08007b24   0x0000001c   Code   RO         4543    i.xTaskGetSchedulerState  tasks.o
    0x08007b40   0x08007b40   0x000000cc   Code   RO         4546    i.xTaskIncrementTick  tasks.o
    0x08007c0c   0x08007c0c   0x00000098   Code   RO         4549    i.xTaskPriorityDisinherit  tasks.o
    0x08007ca4   0x08007ca4   0x0000008c   Code   RO         4550    i.xTaskPriorityInherit  tasks.o
    0x08007d30   0x08007d30   0x00000074   Code   RO         4551    i.xTaskRemoveFromEventList  tasks.o
    0x08007da4   0x08007da4   0x000000c4   Code   RO         4552    i.xTaskResumeAll    tasks.o
    0x08007e68   0x08007e68   0x0000002c   Code   RO         6167    locale$$code        c_w.l(lc_numeric_c.o)
    0x08007e94   0x08007e94   0x0000002c   Code   RO         6242    locale$$code        c_w.l(lc_ctype_c.o)
    0x08007ec0   0x08007ec0   0x0000000c   Code   RO         6091    x$fpl$dretinf       fz_ws.l(dretinf.o)
    0x08007ecc   0x08007ecc   0x00000056   Code   RO         6001    x$fpl$f2d           fz_ws.l(f2d.o)
    0x08007f22   0x08007f22   0x00000002   PAD
    0x08007f24   0x08007f24   0x000000c4   Code   RO         6003    x$fpl$fadd          fz_ws.l(faddsub_clz.o)
    0x08007fe8   0x08007fe8   0x0000000c   Code   RO         6093    x$fpl$fcheck1       fz_ws.l(fcheck1.o)
    0x08007ff4   0x08007ff4   0x00000026   Code   RO         6009    x$fpl$ffltu         fz_ws.l(fflt_clz.o)
    0x0800801a   0x0800801a   0x0000008c   Code   RO         6095    x$fpl$fnaninf       fz_ws.l(fnaninf.o)
    0x080080a6   0x080080a6   0x0000000a   Code   RO         6097    x$fpl$fretinf       fz_ws.l(fretinf.o)
    0x080080b0   0x080080b0   0x000000ea   Code   RO         6005    x$fpl$fsub          fz_ws.l(faddsub_clz.o)
    0x0800819a   0x0800819a   0x00000004   Code   RO         6015    x$fpl$printf1       fz_ws.l(printf1.o)
    0x0800819e   0x0800819e   0x00000004   Code   RO         6099    x$fpl$printf2       fz_ws.l(printf2.o)
    0x080081a2   0x080081a2   0x00000064   Code   RO         6171    x$fpl$retnan        fz_ws.l(retnan.o)
    0x08008206   0x08008206   0x0000004c   Code   RO         6017    x$fpl$scalbnf       fz_ws.l(scalbnf.o)
    0x08008252   0x08008252   0x00000030   Code   RO         6237    x$fpl$trapveneer    fz_ws.l(trapv.o)
    0x08008282   0x08008282   0x00000000   Code   RO         6105    x$fpl$usenofp       fz_ws.l(usenofp.o)
    0x08008282   0x08008282   0x0000076c   Data   RO          154    .constdata          fonts.o
    0x080089ee   0x080089ee   0x00000052   Data   RO          182    .constdata          st7735.o
    0x08008a40   0x08008a40   0x00000054   Data   RO          270    .constdata          main.o
    0x08008a94   0x08008a94   0x00000012   Data   RO         2091    .constdata          stm32f1xx_hal_rcc.o
    0x08008aa6   0x08008aa6   0x00000010   Data   RO         4004    .constdata          system_stm32f1xx.o
    0x08008ab6   0x08008ab6   0x00000008   Data   RO         4005    .constdata          system_stm32f1xx.o
    0x08008abe   0x08008abe   0x000000ac   Data   RO         5582    .constdata          ff.o
    0x08008b6a   0x08008b6a   0x00000011   Data   RO         5982    .constdata          c_w.l(__printf_flags_ss_wp.o)
    0x08008b7b   0x08008b7b   0x00000001   PAD
    0x08008b7c   0x08008b7c   0x00000008   Data   RO         6037    .constdata          c_w.l(_printf_wctomb.o)
    0x08008b84   0x08008b84   0x00000028   Data   RO         6066    .constdata          c_w.l(_printf_hex_int_ll_ptr.o)
    0x08008bac   0x08008bac   0x00000026   Data   RO         6129    .constdata          c_w.l(_printf_fp_hex.o)
    0x08008bd2   0x08008bd2   0x00000002   PAD
    0x08008bd4   0x08008bd4   0x00000094   Data   RO         6140    .constdata          c_w.l(bigflt0.o)
    0x08008c68   0x08008c68   0x00000017   Data   RO          271    .conststring        main.o
    0x08008c7f   0x08008c7f   0x00000001   PAD
    0x08008c80   0x08008c80   0x00000020   Data   RO         6321    Region$$Table       anon$$obj.o
    0x08008ca0   0x08008ca0   0x0000001c   Data   RO         6166    locale$$data        c_w.l(lc_numeric_c.o)
    0x08008cbc   0x08008cbc   0x00000110   Data   RO         6241    locale$$data        c_w.l(lc_ctype_c.o)


    Execution Region RW_IRAM1 (Exec base: 0x20000000, Load base: 0x08008dcc, Size: 0x00004fd8, Max: 0x00005000, ABSOLUTE)

    Exec Addr    Load Addr    Size         Type   Attr      Idx    E Section Name        Object

    0x20000000   0x08008dcc   0x00000008   Data   RW          157    .data               fonts.o
    0x20000008   0x08008dd4   0x00000033   Data   RW          272    .data               main.o
    0x2000003b   0x08008e07   0x00000001   PAD
    0x2000003c   0x08008e08   0x0000000c   Data   RW         1928    .data               stm32f1xx_hal.o
    0x20000048   0x08008e14   0x00000004   Data   RW         4006    .data               system_stm32f1xx.o
    0x2000004c   0x08008e18   0x0000003c   Data   RW         4555    .data               tasks.o
    0x20000088   0x08008e54   0x00000020   Data   RW         5199    .data               heap_4.o
    0x200000a8   0x08008e74   0x0000000c   Data   RW         5267    .data               port.o
    0x200000b4   0x08008e80   0x00000014   Data   RW         5347    .data               user_diskio.o
    0x200000c8   0x08008e94   0x00000001   Data   RW         5348    .data               user_diskio.o
    0x200000c9   0x08008e95   0x00000005   Data   RW         5431    .data               fatfs.o
    0x200000ce   0x08008e9a   0x00000002   PAD
    0x200000d0   0x08008e9c   0x00000008   Data   RW         5583    .data               ff.o
    0x200000d8        -       0x000002b0   Zero   RW          269    .bss                main.o
    0x20000388        -       0x00000454   Zero   RW          452    .bss                freertos.o
    0x200007dc        -       0x00000048   Zero   RW          624    .bss                stm32f1xx_hal_timebase_tim.o
    0x20000824        -       0x00000040   Zero   RW         4208    .bss                queue.o
    0x20000864        -       0x000000f0   Zero   RW         4554    .bss                tasks.o
    0x20000954        -       0x00004000   Zero   RW         5198    .bss                heap_4.o
    0x20004954        -       0x00000018   Zero   RW         5581    .bss                ff.o
    0x2000496c        -       0x0000000c   Zero   RW         5854    .bss                ff_gen_drv.o
    0x20004978        -       0x00000060   Zero   RW         6176    .bss                c_w.l(libspace.o)
    0x200049d8        -       0x00000200   Zero   RW            2    HEAP                startup_stm32f103xb.o
    0x20004bd8        -       0x00000400   Zero   RW            1    STACK               startup_stm32f103xb.o


==============================================================================

Image component sizes


      Code (inc. data)   RO Data    RW Data    ZI Data      Debug   Object Name

       398         10          0          0          0      30264   cmsis_os.o
       148         22          0          0          0       3529   diskio.o
       172          4          0          0          0     453330   ds3231.o
         0          0          0          0          0      20012   event_groups.o
        32         10          0          5          0       8772   fatfs.o
      5480         72        172          8         24      34448   ff.o
        70          4          0          0         12       1555   ff_gen_drv.o
         0          0       1900          8          0       1014   fonts.o
        24          6          0          0       1108       1208   freertos.o
       484         30          0         32      16384       7818   heap_4.o
       138          0          0          0          0      12602   list.o
      2554        796        107         51        688      47745   main.o
       662         70          0         12          0      10981   port.o
      1730         18          0          0         64      19128   queue.o
       620         30         82          0          0       6417   st7735.o
        64         26        236          0       1536        804   startup_stm32f103xb.o
       100         18          0         12          0       5186   stm32f1xx_hal.o
       886          0          0          0          0       4818   stm32f1xx_hal_can.o
       158         14          0          0          0      28138   stm32f1xx_hal_cortex.o
       506         34          0          0          0       3473   stm32f1xx_hal_gpio.o
      2338         54          0          0          0      12482   stm32f1xx_hal_i2c.o
       692         80          0          0          0       3927   stm32f1xx_hal_msp.o
      1304         94         18          0          0       5681   stm32f1xx_hal_rcc.o
      1700          4          0          0          0       7990   stm32f1xx_hal_spi.o
       612         24          0          0          0       7092   stm32f1xx_hal_tim.o
         4          0          0          0          0       1557   stm32f1xx_hal_tim_ex.o
       152         20          0          0         72       1451   stm32f1xx_hal_timebase_tim.o
       636          6          0          0          0       4584   stm32f1xx_hal_uart.o
        24          6          0          0          0       2959   stm32f1xx_it.o
         0          0          0          0          0        392   stream_buffer.o
        62          0          0          0          0       7720   syscall.o
         2          0         24          4          0       1095   system_stm32f1xx.o
      2332        174          0         60        240      26759   tasks.o
       884         42          0         21          0       7812   user_diskio.o

    ----------------------------------------------------------------------
     25012       1668       2572        216      20128     792743   Object Totals
         0          0         32          0          0          0   (incl. Generated)
        44          0          1          3          0          0   (incl. Padding)

    ----------------------------------------------------------------------

      Code (inc. data)   RO Data    RW Data    ZI Data      Debug   Library Member Name

        44          6          0          0          0         84   __2sprintf.o
         8          0          0          0          0         68   __main.o
       392          4         17          0          0         92   __printf_flags_ss_wp.o
        14          0          0          0          0         68   __printf_wp.o
         0          0          0          0          0          0   __rtentry.o
        12          0          0          0          0          0   __rtentry2.o
         6          0          0          0          0          0   __rtentry4.o
        52          8          0          0          0          0   __scatter.o
        26          0          0          0          0          0   __scatter_copy.o
        28          0          0          0          0          0   __scatter_zi.o
         6          0          0          0          0          0   _printf_a.o
         6          0          0          0          0          0   _printf_c.o
        44          0          0          0          0        108   _printf_char.o
        48          6          0          0          0         96   _printf_char_common.o
        40          0          0          0          0         68   _printf_charcount.o
         6          0          0          0          0          0   _printf_d.o
       120         16          0          0          0         92   _printf_dec.o
         6          0          0          0          0          0   _printf_e.o
         6          0          0          0          0          0   _printf_f.o
      1054          0          0          0          0        216   _printf_fp_dec.o
       764          8         38          0          0        100   _printf_fp_hex.o
       128         16          0          0          0         84   _printf_fp_infnan.o
         6          0          0          0          0          0   _printf_g.o
       148          4         40          0          0        160   _printf_hex_int_ll_ptr.o
         6          0          0          0          0          0   _printf_i.o
       178          0          0          0          0         88   _printf_intcommon.o
        10          0          0          0          0          0   _printf_l.o
         6          0          0          0          0          0   _printf_lc.o
        10          0          0          0          0          0   _printf_ll.o
         6          0          0          0          0          0   _printf_lld.o
         6          0          0          0          0          0   _printf_lli.o
         6          0          0          0          0          0   _printf_llo.o
         6          0          0          0          0          0   _printf_llu.o
         6          0          0          0          0          0   _printf_llx.o
       124         16          0          0          0         92   _printf_longlong_dec.o
         6          0          0          0          0          0   _printf_ls.o
         6          0          0          0          0          0   _printf_n.o
         6          0          0          0          0          0   _printf_o.o
       112         10          0          0          0        124   _printf_oct_int_ll.o
         6          0          0          0          0          0   _printf_p.o
        78          0          0          0          0        108   _printf_pad.o
         0          0          0          0          0          0   _printf_percent.o
         4          0          0          0          0          0   _printf_percent_end.o
         6          0          0          0          0          0   _printf_s.o
        82          0          0          0          0         80   _printf_str.o
        36          0          0          0          0         84   _printf_truncate.o
         6          0          0          0          0          0   _printf_u.o
        44          0          0          0          0        108   _printf_wchar.o
       188          6          8          0          0         92   _printf_wctomb.o
         6          0          0          0          0          0   _printf_x.o
        16          0          0          0          0         68   _snputc.o
        10          0          0          0          0         68   _sputc.o
        64          0          0          0          0         92   _wcrtomb.o
       228          4        148          0          0         96   bigflt0.o
      1936        128          0          0          0        672   btod.o
        18          0          0          0          0         80   exit.o
         6          0          0          0          0        152   heapauxi.o
         0          0          0          0          0          0   indicate_semi.o
        44         10        272          0          0         76   lc_ctype_c.o
        44         10         28          0          0         76   lc_numeric_c.o
         2          0          0          0          0          0   libinit.o
        30          0          0          0          0          0   libinit2.o
         2          0          0          0          0          0   libshutdown.o
         2          0          0          0          0          0   libshutdown2.o
         8          4          0          0         96         68   libspace.o
       138          0          0          0          0         80   lludiv10.o
        16          4          0          0          0         76   rt_ctype_table.o
         8          4          0          0          0         68   rt_locale_intlibspace.o
        78          0          0          0          0         80   rt_memclr_w.o
       138          0          0          0          0         68   rt_memcpy_v6.o
       100          0          0          0          0         80   rt_memcpy_w.o
         2          0          0          0          0          0   rtexit.o
        10          0          0          0          0          0   rtexit2.o
       128          0          0          0          0         68   strcmpv7m.o
        62          0          0          0          0         76   strlen.o
        12          4          0          0          0         68   sys_exit.o
        74          0          0          0          0         80   sys_stackheap_outer.o
         2          0          0          0          0         68   use_no_semi.o
        52          4          0          0          0         80   vsnprintf.o
        12          0          0          0          0         68   dretinf.o
        86          4          0          0          0         84   f2d.o
       430          8          0          0          0        168   faddsub_clz.o
        12          4          0          0          0         68   fcheck1.o
        38          0          0          0          0         68   fflt_clz.o
       140          4          0          0          0         84   fnaninf.o
        10          0          0          0          0         68   fretinf.o
         4          0          0          0          0         68   printf1.o
         4          0          0          0          0         68   printf2.o
       100          0          0          0          0         68   retnan.o
        76          0          0          0          0         68   scalbnf.o
        48          0          0          0          0         68   trapv.o
         0          0          0          0          0          0   usenofp.o
        40          0          0          0          0         68   fpclassify.o

    ----------------------------------------------------------------------
      8162        292        554          0         96       5368   Library Totals
        18          0          3          0          0          0   (incl. Padding)

    ----------------------------------------------------------------------

      Code (inc. data)   RO Data    RW Data    ZI Data      Debug   Library Name

      7144        272        551          0         96       4352   c_w.l
       960         20          0          0          0        948   fz_ws.l
        40          0          0          0          0         68   m_ws.l

    ----------------------------------------------------------------------
      8162        292        554          0         96       5368   Library Totals

    ----------------------------------------------------------------------

==============================================================================


      Code (inc. data)   RO Data    RW Data    ZI Data      Debug   

     33174       1960       3126        216      20224     783859   Grand Totals
     33174       1960       3126        216      20224     783859   ELF Image Totals
     33174       1960       3126        216          0          0   ROM Totals

==============================================================================

    Total RO  Size (Code + RO Data)                36300 (  35.45kB)
    Total RW  Size (RW Data + ZI Data)             20440 (  19.96kB)
    Total ROM Size (Code + RO Data + RW Data)      36516 (  35.66kB)

==============================================================================

